Archive member included to satisfy reference by file (symbol)

c:/st/stm32cubeide_1.4.0/stm32cubeide/plugins/com.st.stm32cube.ide.mcu.externaltools.gnu-tools-for-stm32.7-2018-q2-update.win32_1.4.0.202007081208/tools/bin/../lib/gcc/arm-none-eabi/7.3.1/../../../../arm-none-eabi/lib/thumb/v7-m\libc_nano.a(lib_a-errno.o)
                              Src/syscalls.o (__errno)
c:/st/stm32cubeide_1.4.0/stm32cubeide/plugins/com.st.stm32cube.ide.mcu.externaltools.gnu-tools-for-stm32.7-2018-q2-update.win32_1.4.0.202007081208/tools/bin/../lib/gcc/arm-none-eabi/7.3.1/../../../../arm-none-eabi/lib/thumb/v7-m\libc_nano.a(lib_a-exit.o)
                              c:/st/stm32cubeide_1.4.0/stm32cubeide/plugins/com.st.stm32cube.ide.mcu.externaltools.gnu-tools-for-stm32.7-2018-q2-update.win32_1.4.0.202007081208/tools/bin/../lib/gcc/arm-none-eabi/7.3.1/../../../../arm-none-eabi/lib/thumb/v7-m/crt0.o (exit)
c:/st/stm32cubeide_1.4.0/stm32cubeide/plugins/com.st.stm32cube.ide.mcu.externaltools.gnu-tools-for-stm32.7-2018-q2-update.win32_1.4.0.202007081208/tools/bin/../lib/gcc/arm-none-eabi/7.3.1/../../../../arm-none-eabi/lib/thumb/v7-m\libc_nano.a(lib_a-impure.o)
                              c:/st/stm32cubeide_1.4.0/stm32cubeide/plugins/com.st.stm32cube.ide.mcu.externaltools.gnu-tools-for-stm32.7-2018-q2-update.win32_1.4.0.202007081208/tools/bin/../lib/gcc/arm-none-eabi/7.3.1/../../../../arm-none-eabi/lib/thumb/v7-m\libc_nano.a(lib_a-exit.o) (_global_impure_ptr)
c:/st/stm32cubeide_1.4.0/stm32cubeide/plugins/com.st.stm32cube.ide.mcu.externaltools.gnu-tools-for-stm32.7-2018-q2-update.win32_1.4.0.202007081208/tools/bin/../lib/gcc/arm-none-eabi/7.3.1/../../../../arm-none-eabi/lib/thumb/v7-m\libc_nano.a(lib_a-init.o)
                              c:/st/stm32cubeide_1.4.0/stm32cubeide/plugins/com.st.stm32cube.ide.mcu.externaltools.gnu-tools-for-stm32.7-2018-q2-update.win32_1.4.0.202007081208/tools/bin/../lib/gcc/arm-none-eabi/7.3.1/../../../../arm-none-eabi/lib/thumb/v7-m/crt0.o (__libc_init_array)
c:/st/stm32cubeide_1.4.0/stm32cubeide/plugins/com.st.stm32cube.ide.mcu.externaltools.gnu-tools-for-stm32.7-2018-q2-update.win32_1.4.0.202007081208/tools/bin/../lib/gcc/arm-none-eabi/7.3.1/../../../../arm-none-eabi/lib/thumb/v7-m\libc_nano.a(lib_a-memset.o)
                              c:/st/stm32cubeide_1.4.0/stm32cubeide/plugins/com.st.stm32cube.ide.mcu.externaltools.gnu-tools-for-stm32.7-2018-q2-update.win32_1.4.0.202007081208/tools/bin/../lib/gcc/arm-none-eabi/7.3.1/../../../../arm-none-eabi/lib/thumb/v7-m/crt0.o (memset)

Allocating common symbols
Common symbol       size              file

_E_MSP              0x4               Src/main.o
_S_PSP_TA           0x4               Src/main.o
TaskA_Flag          0x2               Src/main.o
TaskB_Flag          0x2               Src/main.o
_S_PSP_TB           0x4               Src/main.o
_E_PSP_TB           0x4               Src/main.o
GP_IRQ_CallBack     0x3c              Stm32_F103C6_Drivers/EXTI/Stm32_F103C6_EXTI_driver.o
_E_PSP_TA           0x4               Src/main.o

Discarded input sections

 .text          0x0000000000000000        0x0 c:/st/stm32cubeide_1.4.0/stm32cubeide/plugins/com.st.stm32cube.ide.mcu.externaltools.gnu-tools-for-stm32.7-2018-q2-update.win32_1.4.0.202007081208/tools/bin/../lib/gcc/arm-none-eabi/7.3.1/thumb/v7-m/crti.o
 .data          0x0000000000000000        0x0 c:/st/stm32cubeide_1.4.0/stm32cubeide/plugins/com.st.stm32cube.ide.mcu.externaltools.gnu-tools-for-stm32.7-2018-q2-update.win32_1.4.0.202007081208/tools/bin/../lib/gcc/arm-none-eabi/7.3.1/thumb/v7-m/crti.o
 .bss           0x0000000000000000        0x0 c:/st/stm32cubeide_1.4.0/stm32cubeide/plugins/com.st.stm32cube.ide.mcu.externaltools.gnu-tools-for-stm32.7-2018-q2-update.win32_1.4.0.202007081208/tools/bin/../lib/gcc/arm-none-eabi/7.3.1/thumb/v7-m/crti.o
 .data          0x0000000000000000        0x4 c:/st/stm32cubeide_1.4.0/stm32cubeide/plugins/com.st.stm32cube.ide.mcu.externaltools.gnu-tools-for-stm32.7-2018-q2-update.win32_1.4.0.202007081208/tools/bin/../lib/gcc/arm-none-eabi/7.3.1/thumb/v7-m/crtbegin.o
 .text          0x0000000000000000       0x74 c:/st/stm32cubeide_1.4.0/stm32cubeide/plugins/com.st.stm32cube.ide.mcu.externaltools.gnu-tools-for-stm32.7-2018-q2-update.win32_1.4.0.202007081208/tools/bin/../lib/gcc/arm-none-eabi/7.3.1/../../../../arm-none-eabi/lib/thumb/v7-m/crt0.o
 .data          0x0000000000000000        0x0 c:/st/stm32cubeide_1.4.0/stm32cubeide/plugins/com.st.stm32cube.ide.mcu.externaltools.gnu-tools-for-stm32.7-2018-q2-update.win32_1.4.0.202007081208/tools/bin/../lib/gcc/arm-none-eabi/7.3.1/../../../../arm-none-eabi/lib/thumb/v7-m/crt0.o
 .bss           0x0000000000000000        0x0 c:/st/stm32cubeide_1.4.0/stm32cubeide/plugins/com.st.stm32cube.ide.mcu.externaltools.gnu-tools-for-stm32.7-2018-q2-update.win32_1.4.0.202007081208/tools/bin/../lib/gcc/arm-none-eabi/7.3.1/../../../../arm-none-eabi/lib/thumb/v7-m/crt0.o
 .ARM.extab     0x0000000000000000        0x0 c:/st/stm32cubeide_1.4.0/stm32cubeide/plugins/com.st.stm32cube.ide.mcu.externaltools.gnu-tools-for-stm32.7-2018-q2-update.win32_1.4.0.202007081208/tools/bin/../lib/gcc/arm-none-eabi/7.3.1/../../../../arm-none-eabi/lib/thumb/v7-m/crt0.o
 .ARM.exidx     0x0000000000000000        0x8 c:/st/stm32cubeide_1.4.0/stm32cubeide/plugins/com.st.stm32cube.ide.mcu.externaltools.gnu-tools-for-stm32.7-2018-q2-update.win32_1.4.0.202007081208/tools/bin/../lib/gcc/arm-none-eabi/7.3.1/../../../../arm-none-eabi/lib/thumb/v7-m/crt0.o
 .ARM.attributes
                0x0000000000000000       0x1b c:/st/stm32cubeide_1.4.0/stm32cubeide/plugins/com.st.stm32cube.ide.mcu.externaltools.gnu-tools-for-stm32.7-2018-q2-update.win32_1.4.0.202007081208/tools/bin/../lib/gcc/arm-none-eabi/7.3.1/../../../../arm-none-eabi/lib/thumb/v7-m/crt0.o
 .group         0x0000000000000000        0xc HAL/KPD_program.o
 .group         0x0000000000000000        0xc HAL/KPD_program.o
 .group         0x0000000000000000        0xc HAL/KPD_program.o
 .group         0x0000000000000000        0xc HAL/KPD_program.o
 .group         0x0000000000000000        0xc HAL/KPD_program.o
 .group         0x0000000000000000        0xc HAL/KPD_program.o
 .group         0x0000000000000000        0xc HAL/KPD_program.o
 .group         0x0000000000000000        0xc HAL/KPD_program.o
 .group         0x0000000000000000        0xc HAL/KPD_program.o
 .group         0x0000000000000000        0xc HAL/KPD_program.o
 .group         0x0000000000000000        0xc HAL/KPD_program.o
 .group         0x0000000000000000        0xc HAL/KPD_program.o
 .group         0x0000000000000000        0xc HAL/KPD_program.o
 .group         0x0000000000000000        0xc HAL/KPD_program.o
 .group         0x0000000000000000        0xc HAL/KPD_program.o
 .group         0x0000000000000000        0xc HAL/KPD_program.o
 .group         0x0000000000000000        0xc HAL/KPD_program.o
 .group         0x0000000000000000        0xc HAL/KPD_program.o
 .group         0x0000000000000000        0xc HAL/KPD_program.o
 .group         0x0000000000000000        0xc HAL/KPD_program.o
 .group         0x0000000000000000        0xc HAL/KPD_program.o
 .group         0x0000000000000000        0xc HAL/KPD_program.o
 .group         0x0000000000000000        0xc HAL/KPD_program.o
 .group         0x0000000000000000        0xc HAL/KPD_program.o
 .group         0x0000000000000000        0xc HAL/KPD_program.o
 .group         0x0000000000000000        0xc HAL/KPD_program.o
 .group         0x0000000000000000        0xc HAL/KPD_program.o
 .text          0x0000000000000000        0x0 HAL/KPD_program.o
 .data          0x0000000000000000        0x0 HAL/KPD_program.o
 .bss           0x0000000000000000        0x0 HAL/KPD_program.o
 .rodata.KPD_Au8Keys
                0x0000000000000000       0x10 HAL/KPD_program.o
 .rodata.KPD_Au8RowsPins
                0x0000000000000000        0x4 HAL/KPD_program.o
 .rodata.KPD_Au8ColsPins
                0x0000000000000000        0x4 HAL/KPD_program.o
 .text.KPD_init
                0x0000000000000000       0xe0 HAL/KPD_program.o
 .text.KPD_ES_tGetKeyPressed
                0x0000000000000000       0xf4 HAL/KPD_program.o
 .debug_info    0x0000000000000000      0xb9d HAL/KPD_program.o
 .debug_abbrev  0x0000000000000000      0x1d5 HAL/KPD_program.o
 .debug_loc     0x0000000000000000       0xa0 HAL/KPD_program.o
 .debug_aranges
                0x0000000000000000       0x28 HAL/KPD_program.o
 .debug_ranges  0x0000000000000000       0x18 HAL/KPD_program.o
 .debug_macro   0x0000000000000000      0x196 HAL/KPD_program.o
 .debug_macro   0x0000000000000000      0xa60 HAL/KPD_program.o
 .debug_macro   0x0000000000000000       0x18 HAL/KPD_program.o
 .debug_macro   0x0000000000000000       0x22 HAL/KPD_program.o
 .debug_macro   0x0000000000000000       0x40 HAL/KPD_program.o
 .debug_macro   0x0000000000000000       0x94 HAL/KPD_program.o
 .debug_macro   0x0000000000000000       0x3c HAL/KPD_program.o
 .debug_macro   0x0000000000000000       0x34 HAL/KPD_program.o
 .debug_macro   0x0000000000000000       0x16 HAL/KPD_program.o
 .debug_macro   0x0000000000000000      0x10e HAL/KPD_program.o
 .debug_macro   0x0000000000000000       0x8d HAL/KPD_program.o
 .debug_macro   0x0000000000000000       0x57 HAL/KPD_program.o
 .debug_macro   0x0000000000000000       0x52 HAL/KPD_program.o
 .debug_macro   0x0000000000000000       0x1f HAL/KPD_program.o
 .debug_macro   0x0000000000000000       0x43 HAL/KPD_program.o
 .debug_macro   0x0000000000000000       0x20 HAL/KPD_program.o
 .debug_macro   0x0000000000000000      0x1a3 HAL/KPD_program.o
 .debug_macro   0x0000000000000000      0x330 HAL/KPD_program.o
 .debug_macro   0x0000000000000000       0x16 HAL/KPD_program.o
 .debug_macro   0x0000000000000000       0x29 HAL/KPD_program.o
 .debug_macro   0x0000000000000000       0xef HAL/KPD_program.o
 .debug_macro   0x0000000000000000       0x6a HAL/KPD_program.o
 .debug_macro   0x0000000000000000      0x1df HAL/KPD_program.o
 .debug_macro   0x0000000000000000      0x1b0 HAL/KPD_program.o
 .debug_macro   0x0000000000000000       0xd0 HAL/KPD_program.o
 .debug_macro   0x0000000000000000       0x6a HAL/KPD_program.o
 .debug_macro   0x0000000000000000       0x46 HAL/KPD_program.o
 .debug_macro   0x0000000000000000       0x4c HAL/KPD_program.o
 .debug_line    0x0000000000000000      0x65b HAL/KPD_program.o
 .debug_str     0x0000000000000000     0x8048 HAL/KPD_program.o
 .comment       0x0000000000000000       0x7c HAL/KPD_program.o
 .debug_frame   0x0000000000000000       0x58 HAL/KPD_program.o
 .ARM.attributes
                0x0000000000000000       0x33 HAL/KPD_program.o
 .group         0x0000000000000000        0xc HAL/Lcd.o
 .group         0x0000000000000000        0xc HAL/Lcd.o
 .group         0x0000000000000000        0xc HAL/Lcd.o
 .group         0x0000000000000000        0xc HAL/Lcd.o
 .group         0x0000000000000000        0xc HAL/Lcd.o
 .group         0x0000000000000000        0xc HAL/Lcd.o
 .group         0x0000000000000000        0xc HAL/Lcd.o
 .group         0x0000000000000000        0xc HAL/Lcd.o
 .group         0x0000000000000000        0xc HAL/Lcd.o
 .group         0x0000000000000000        0xc HAL/Lcd.o
 .group         0x0000000000000000        0xc HAL/Lcd.o
 .group         0x0000000000000000        0xc HAL/Lcd.o
 .group         0x0000000000000000        0xc HAL/Lcd.o
 .group         0x0000000000000000        0xc HAL/Lcd.o
 .group         0x0000000000000000        0xc HAL/Lcd.o
 .group         0x0000000000000000        0xc HAL/Lcd.o
 .group         0x0000000000000000        0xc HAL/Lcd.o
 .group         0x0000000000000000        0xc HAL/Lcd.o
 .group         0x0000000000000000        0xc HAL/Lcd.o
 .group         0x0000000000000000        0xc HAL/Lcd.o
 .group         0x0000000000000000        0xc HAL/Lcd.o
 .group         0x0000000000000000        0xc HAL/Lcd.o
 .group         0x0000000000000000        0xc HAL/Lcd.o
 .group         0x0000000000000000        0xc HAL/Lcd.o
 .group         0x0000000000000000        0xc HAL/Lcd.o
 .group         0x0000000000000000        0xc HAL/Lcd.o
 .group         0x0000000000000000        0xc HAL/Lcd.o
 .group         0x0000000000000000        0xc HAL/Lcd.o
 .group         0x0000000000000000        0xc HAL/Lcd.o
 .text          0x0000000000000000        0x0 HAL/Lcd.o
 .data          0x0000000000000000        0x0 HAL/Lcd.o
 .bss           0x0000000000000000        0x0 HAL/Lcd.o
 .text.LCD_ES_tTrigger_Enable
                0x0000000000000000       0x30 HAL/Lcd.o
 .text.Lcd_ES_tInit
                0x0000000000000000       0xbc HAL/Lcd.o
 .text.wait_ms  0x0000000000000000       0x38 HAL/Lcd.o
 .text.lcd_ES_tclear
                0x0000000000000000       0x16 HAL/Lcd.o
 .text.Lcd_ES_tsendCmd
                0x0000000000000000      0x154 HAL/Lcd.o
 .text.Lcd_ES_tsendChar
                0x0000000000000000      0x154 HAL/Lcd.o
 .text.Lcd_ES_tsendString
                0x0000000000000000       0x50 HAL/Lcd.o
 .text.Lcd_ES_tsendString_xy
                0x0000000000000000       0x44 HAL/Lcd.o
 .text.Lcd_ES_tdisplayNum
                0x0000000000000000       0xac HAL/Lcd.o
 .text.Lcd_ES_tdisplayNum_xy
                0x0000000000000000       0x84 HAL/Lcd.o
 .text.Lcd_ES_tsendChar_xy
                0x0000000000000000       0x84 HAL/Lcd.o
 .text.LCD_ES_tSet_Cursor_Pos
                0x0000000000000000       0x4c HAL/Lcd.o
 .text.LCD_ES_tGoTo
                0x0000000000000000       0x52 HAL/Lcd.o
 .debug_info    0x0000000000000000      0xdb8 HAL/Lcd.o
 .debug_abbrev  0x0000000000000000      0x298 HAL/Lcd.o
 .debug_loc     0x0000000000000000      0x3d4 HAL/Lcd.o
 .debug_aranges
                0x0000000000000000       0x80 HAL/Lcd.o
 .debug_ranges  0x0000000000000000       0x70 HAL/Lcd.o
 .debug_macro   0x0000000000000000      0x19b HAL/Lcd.o
 .debug_macro   0x0000000000000000      0xa60 HAL/Lcd.o
 .debug_macro   0x0000000000000000       0x6a HAL/Lcd.o
 .debug_macro   0x0000000000000000       0x18 HAL/Lcd.o
 .debug_macro   0x0000000000000000       0x22 HAL/Lcd.o
 .debug_macro   0x0000000000000000       0x40 HAL/Lcd.o
 .debug_macro   0x0000000000000000       0x94 HAL/Lcd.o
 .debug_macro   0x0000000000000000       0x3c HAL/Lcd.o
 .debug_macro   0x0000000000000000       0x34 HAL/Lcd.o
 .debug_macro   0x0000000000000000       0x16 HAL/Lcd.o
 .debug_macro   0x0000000000000000      0x10e HAL/Lcd.o
 .debug_macro   0x0000000000000000       0x8d HAL/Lcd.o
 .debug_macro   0x0000000000000000       0x57 HAL/Lcd.o
 .debug_macro   0x0000000000000000       0x52 HAL/Lcd.o
 .debug_macro   0x0000000000000000       0x1f HAL/Lcd.o
 .debug_macro   0x0000000000000000       0x43 HAL/Lcd.o
 .debug_macro   0x0000000000000000       0x20 HAL/Lcd.o
 .debug_macro   0x0000000000000000      0x1a3 HAL/Lcd.o
 .debug_macro   0x0000000000000000      0x330 HAL/Lcd.o
 .debug_macro   0x0000000000000000       0x16 HAL/Lcd.o
 .debug_macro   0x0000000000000000       0x29 HAL/Lcd.o
 .debug_macro   0x0000000000000000       0xef HAL/Lcd.o
 .debug_macro   0x0000000000000000       0x6a HAL/Lcd.o
 .debug_macro   0x0000000000000000      0x1df HAL/Lcd.o
 .debug_macro   0x0000000000000000      0x1b0 HAL/Lcd.o
 .debug_macro   0x0000000000000000       0xd0 HAL/Lcd.o
 .debug_macro   0x0000000000000000       0x46 HAL/Lcd.o
 .debug_macro   0x0000000000000000       0x16 HAL/Lcd.o
 .debug_macro   0x0000000000000000       0x35 HAL/Lcd.o
 .debug_macro   0x0000000000000000       0x20 HAL/Lcd.o
 .debug_line    0x0000000000000000      0x856 HAL/Lcd.o
 .debug_str     0x0000000000000000     0x7fa1 HAL/Lcd.o
 .comment       0x0000000000000000       0x7c HAL/Lcd.o
 .debug_frame   0x0000000000000000      0x1d8 HAL/Lcd.o
 .ARM.attributes
                0x0000000000000000       0x33 HAL/Lcd.o
 .group         0x0000000000000000        0xc Src/main.o
 .group         0x0000000000000000        0xc Src/main.o
 .group         0x0000000000000000        0xc Src/main.o
 .group         0x0000000000000000        0xc Src/main.o
 .group         0x0000000000000000        0xc Src/main.o
 .group         0x0000000000000000        0xc Src/main.o
 .group         0x0000000000000000        0xc Src/main.o
 .group         0x0000000000000000        0xc Src/main.o
 .group         0x0000000000000000        0xc Src/main.o
 .group         0x0000000000000000        0xc Src/main.o
 .group         0x0000000000000000        0xc Src/main.o
 .group         0x0000000000000000        0xc Src/main.o
 .group         0x0000000000000000        0xc Src/main.o
 .group         0x0000000000000000        0xc Src/main.o
 .group         0x0000000000000000        0xc Src/main.o
 .group         0x0000000000000000        0xc Src/main.o
 .group         0x0000000000000000        0xc Src/main.o
 .group         0x0000000000000000        0xc Src/main.o
 .group         0x0000000000000000        0xc Src/main.o
 .group         0x0000000000000000        0xc Src/main.o
 .group         0x0000000000000000        0xc Src/main.o
 .group         0x0000000000000000        0xc Src/main.o
 .group         0x0000000000000000        0xc Src/main.o
 .group         0x0000000000000000        0xc Src/main.o
 .group         0x0000000000000000        0xc Src/main.o
 .group         0x0000000000000000        0xc Src/main.o
 .group         0x0000000000000000        0xc Src/main.o
 .group         0x0000000000000000        0xc Src/main.o
 .group         0x0000000000000000        0xc Src/main.o
 .group         0x0000000000000000        0xc Src/main.o
 .group         0x0000000000000000        0xc Src/main.o
 .group         0x0000000000000000        0xc Src/main.o
 .text          0x0000000000000000        0x0 Src/main.o
 .data          0x0000000000000000        0x0 Src/main.o
 .bss           0x0000000000000000        0x0 Src/main.o
 .data._S_MSP   0x0000000000000000        0x4 Src/main.o
 .text.EXTI9_CallBack
                0x0000000000000000       0x44 Src/main.o
 .text.TaskA    0x0000000000000000       0x20 Src/main.o
 .text.TaskB    0x0000000000000000       0x26 Src/main.o
 .text.Main_OS  0x0000000000000000       0xfc Src/main.o
 .debug_macro   0x0000000000000000      0xa60 Src/main.o
 .debug_macro   0x0000000000000000       0x22 Src/main.o
 .debug_macro   0x0000000000000000       0xef Src/main.o
 .debug_macro   0x0000000000000000       0x6a Src/main.o
 .debug_macro   0x0000000000000000      0x1df Src/main.o
 .debug_macro   0x0000000000000000       0x18 Src/main.o
 .debug_macro   0x0000000000000000       0x3c Src/main.o
 .debug_macro   0x0000000000000000       0x34 Src/main.o
 .debug_macro   0x0000000000000000       0x16 Src/main.o
 .debug_macro   0x0000000000000000      0x10e Src/main.o
 .debug_macro   0x0000000000000000       0x8d Src/main.o
 .debug_macro   0x0000000000000000       0x52 Src/main.o
 .debug_macro   0x0000000000000000       0x1f Src/main.o
 .debug_macro   0x0000000000000000       0x43 Src/main.o
 .debug_macro   0x0000000000000000       0x20 Src/main.o
 .debug_macro   0x0000000000000000      0x1a3 Src/main.o
 .debug_macro   0x0000000000000000       0x16 Src/main.o
 .debug_macro   0x0000000000000000       0x29 Src/main.o
 .debug_macro   0x0000000000000000      0x1b0 Src/main.o
 .debug_macro   0x0000000000000000       0xd0 Src/main.o
 .debug_macro   0x0000000000000000       0x6a Src/main.o
 .debug_macro   0x0000000000000000       0x46 Src/main.o
 COMMON         0x0000000000000000       0x18 Src/main.o
 .group         0x0000000000000000        0xc Src/syscalls.o
 .group         0x0000000000000000        0xc Src/syscalls.o
 .group         0x0000000000000000        0xc Src/syscalls.o
 .group         0x0000000000000000        0xc Src/syscalls.o
 .group         0x0000000000000000        0xc Src/syscalls.o
 .group         0x0000000000000000        0xc Src/syscalls.o
 .group         0x0000000000000000        0xc Src/syscalls.o
 .group         0x0000000000000000        0xc Src/syscalls.o
 .group         0x0000000000000000        0xc Src/syscalls.o
 .group         0x0000000000000000        0xc Src/syscalls.o
 .group         0x0000000000000000        0xc Src/syscalls.o
 .group         0x0000000000000000        0xc Src/syscalls.o
 .group         0x0000000000000000        0xc Src/syscalls.o
 .group         0x0000000000000000        0xc Src/syscalls.o
 .group         0x0000000000000000        0xc Src/syscalls.o
 .group         0x0000000000000000        0xc Src/syscalls.o
 .group         0x0000000000000000        0xc Src/syscalls.o
 .group         0x0000000000000000        0xc Src/syscalls.o
 .group         0x0000000000000000        0xc Src/syscalls.o
 .group         0x0000000000000000        0xc Src/syscalls.o
 .group         0x0000000000000000        0xc Src/syscalls.o
 .group         0x0000000000000000        0xc Src/syscalls.o
 .group         0x0000000000000000        0xc Src/syscalls.o
 .group         0x0000000000000000        0xc Src/syscalls.o
 .group         0x0000000000000000        0xc Src/syscalls.o
 .group         0x0000000000000000        0xc Src/syscalls.o
 .group         0x0000000000000000        0xc Src/syscalls.o
 .group         0x0000000000000000        0xc Src/syscalls.o
 .group         0x0000000000000000        0xc Src/syscalls.o
 .group         0x0000000000000000        0xc Src/syscalls.o
 .group         0x0000000000000000        0xc Src/syscalls.o
 .group         0x0000000000000000        0xc Src/syscalls.o
 .group         0x0000000000000000        0xc Src/syscalls.o
 .group         0x0000000000000000        0xc Src/syscalls.o
 .group         0x0000000000000000        0xc Src/syscalls.o
 .group         0x0000000000000000        0xc Src/syscalls.o
 .group         0x0000000000000000        0xc Src/syscalls.o
 .group         0x0000000000000000        0xc Src/syscalls.o
 .group         0x0000000000000000        0xc Src/syscalls.o
 .group         0x0000000000000000        0xc Src/syscalls.o
 .group         0x0000000000000000        0xc Src/syscalls.o
 .group         0x0000000000000000        0xc Src/syscalls.o
 .group         0x0000000000000000        0xc Src/syscalls.o
 .group         0x0000000000000000        0xc Src/syscalls.o
 .text          0x0000000000000000        0x0 Src/syscalls.o
 .data          0x0000000000000000        0x0 Src/syscalls.o
 .bss           0x0000000000000000        0x0 Src/syscalls.o
 .bss.__env     0x0000000000000000        0x4 Src/syscalls.o
 .data.environ  0x0000000000000000        0x4 Src/syscalls.o
 .text.initialise_monitor_handles
                0x0000000000000000        0xc Src/syscalls.o
 .text._getpid  0x0000000000000000        0xe Src/syscalls.o
 .text._kill    0x0000000000000000       0x20 Src/syscalls.o
 .text._exit    0x0000000000000000       0x14 Src/syscalls.o
 .text._read    0x0000000000000000       0x3a Src/syscalls.o
 .text._write   0x0000000000000000       0x38 Src/syscalls.o
 .text._close   0x0000000000000000       0x16 Src/syscalls.o
 .text._fstat   0x0000000000000000       0x1e Src/syscalls.o
 .text._isatty  0x0000000000000000       0x14 Src/syscalls.o
 .text._lseek   0x0000000000000000       0x18 Src/syscalls.o
 .text._open    0x0000000000000000       0x1a Src/syscalls.o
 .text._wait    0x0000000000000000       0x1e Src/syscalls.o
 .text._unlink  0x0000000000000000       0x1e Src/syscalls.o
 .text._times   0x0000000000000000       0x16 Src/syscalls.o
 .text._stat    0x0000000000000000       0x1e Src/syscalls.o
 .text._link    0x0000000000000000       0x20 Src/syscalls.o
 .text._fork    0x0000000000000000       0x16 Src/syscalls.o
 .text._execve  0x0000000000000000       0x22 Src/syscalls.o
 .debug_info    0x0000000000000000     0x1038 Src/syscalls.o
 .debug_abbrev  0x0000000000000000      0x254 Src/syscalls.o
 .debug_loc     0x0000000000000000      0x5b8 Src/syscalls.o
 .debug_aranges
                0x0000000000000000       0xa8 Src/syscalls.o
 .debug_ranges  0x0000000000000000       0x98 Src/syscalls.o
 .debug_macro   0x0000000000000000      0x243 Src/syscalls.o
 .debug_macro   0x0000000000000000      0xa60 Src/syscalls.o
 .debug_macro   0x0000000000000000       0x22 Src/syscalls.o
 .debug_macro   0x0000000000000000       0x40 Src/syscalls.o
 .debug_macro   0x0000000000000000       0x18 Src/syscalls.o
 .debug_macro   0x0000000000000000       0x94 Src/syscalls.o
 .debug_macro   0x0000000000000000       0x3c Src/syscalls.o
 .debug_macro   0x0000000000000000       0x34 Src/syscalls.o
 .debug_macro   0x0000000000000000       0x57 Src/syscalls.o
 .debug_macro   0x0000000000000000      0x174 Src/syscalls.o
 .debug_macro   0x0000000000000000      0x330 Src/syscalls.o
 .debug_macro   0x0000000000000000       0x52 Src/syscalls.o
 .debug_macro   0x0000000000000000       0x1f Src/syscalls.o
 .debug_macro   0x0000000000000000       0x43 Src/syscalls.o
 .debug_macro   0x0000000000000000       0x20 Src/syscalls.o
 .debug_macro   0x0000000000000000      0x1a3 Src/syscalls.o
 .debug_macro   0x0000000000000000       0x10 Src/syscalls.o
 .debug_macro   0x0000000000000000       0x35 Src/syscalls.o
 .debug_macro   0x0000000000000000       0x10 Src/syscalls.o
 .debug_macro   0x0000000000000000       0x10 Src/syscalls.o
 .debug_macro   0x0000000000000000       0x10 Src/syscalls.o
 .debug_macro   0x0000000000000000       0x6a Src/syscalls.o
 .debug_macro   0x0000000000000000       0x1c Src/syscalls.o
 .debug_macro   0x0000000000000000       0x52 Src/syscalls.o
 .debug_macro   0x0000000000000000       0x40 Src/syscalls.o
 .debug_macro   0x0000000000000000       0x10 Src/syscalls.o
 .debug_macro   0x0000000000000000       0x40 Src/syscalls.o
 .debug_macro   0x0000000000000000       0xd7 Src/syscalls.o
 .debug_macro   0x0000000000000000       0x1c Src/syscalls.o
 .debug_macro   0x0000000000000000       0x3d Src/syscalls.o
 .debug_macro   0x0000000000000000       0x35 Src/syscalls.o
 .debug_macro   0x0000000000000000      0x122 Src/syscalls.o
 .debug_macro   0x0000000000000000       0x16 Src/syscalls.o
 .debug_macro   0x0000000000000000       0x16 Src/syscalls.o
 .debug_macro   0x0000000000000000       0x29 Src/syscalls.o
 .debug_macro   0x0000000000000000       0x10 Src/syscalls.o
 .debug_macro   0x0000000000000000      0x241 Src/syscalls.o
 .debug_macro   0x0000000000000000       0x1c Src/syscalls.o
 .debug_macro   0x0000000000000000       0x10 Src/syscalls.o
 .debug_macro   0x0000000000000000       0x10 Src/syscalls.o
 .debug_macro   0x0000000000000000       0x16 Src/syscalls.o
 .debug_macro   0x0000000000000000      0x145 Src/syscalls.o
 .debug_macro   0x0000000000000000      0x189 Src/syscalls.o
 .debug_macro   0x0000000000000000       0x16 Src/syscalls.o
 .debug_macro   0x0000000000000000       0x88 Src/syscalls.o
 .debug_line    0x0000000000000000      0x739 Src/syscalls.o
 .debug_str     0x0000000000000000     0x8883 Src/syscalls.o
 .comment       0x0000000000000000       0x7c Src/syscalls.o
 .debug_frame   0x0000000000000000      0x2ac Src/syscalls.o
 .ARM.attributes
                0x0000000000000000       0x33 Src/syscalls.o
 .group         0x0000000000000000        0xc Src/sysmem.o
 .group         0x0000000000000000        0xc Src/sysmem.o
 .group         0x0000000000000000        0xc Src/sysmem.o
 .group         0x0000000000000000        0xc Src/sysmem.o
 .group         0x0000000000000000        0xc Src/sysmem.o
 .group         0x0000000000000000        0xc Src/sysmem.o
 .group         0x0000000000000000        0xc Src/sysmem.o
 .group         0x0000000000000000        0xc Src/sysmem.o
 .group         0x0000000000000000        0xc Src/sysmem.o
 .group         0x0000000000000000        0xc Src/sysmem.o
 .group         0x0000000000000000        0xc Src/sysmem.o
 .group         0x0000000000000000        0xc Src/sysmem.o
 .group         0x0000000000000000        0xc Src/sysmem.o
 .group         0x0000000000000000        0xc Src/sysmem.o
 .group         0x0000000000000000        0xc Src/sysmem.o
 .group         0x0000000000000000        0xc Src/sysmem.o
 .group         0x0000000000000000        0xc Src/sysmem.o
 .group         0x0000000000000000        0xc Src/sysmem.o
 .group         0x0000000000000000        0xc Src/sysmem.o
 .text          0x0000000000000000        0x0 Src/sysmem.o
 .data          0x0000000000000000        0x0 Src/sysmem.o
 .bss           0x0000000000000000        0x0 Src/sysmem.o
 .bss.__sbrk_heap_end
                0x0000000000000000        0x4 Src/sysmem.o
 .text._sbrk    0x0000000000000000       0x6c Src/sysmem.o
 .debug_info    0x0000000000000000      0xa7c Src/sysmem.o
 .debug_abbrev  0x0000000000000000      0x18e Src/sysmem.o
 .debug_loc     0x0000000000000000       0x50 Src/sysmem.o
 .debug_aranges
                0x0000000000000000       0x20 Src/sysmem.o
 .debug_ranges  0x0000000000000000       0x10 Src/sysmem.o
 .debug_macro   0x0000000000000000       0xee Src/sysmem.o
 .debug_macro   0x0000000000000000      0xa60 Src/sysmem.o
 .debug_macro   0x0000000000000000       0x10 Src/sysmem.o
 .debug_macro   0x0000000000000000       0x22 Src/sysmem.o
 .debug_macro   0x0000000000000000       0x40 Src/sysmem.o
 .debug_macro   0x0000000000000000       0x18 Src/sysmem.o
 .debug_macro   0x0000000000000000       0x94 Src/sysmem.o
 .debug_macro   0x0000000000000000       0x3c Src/sysmem.o
 .debug_macro   0x0000000000000000       0x34 Src/sysmem.o
 .debug_macro   0x0000000000000000      0x174 Src/sysmem.o
 .debug_macro   0x0000000000000000       0x57 Src/sysmem.o
 .debug_macro   0x0000000000000000       0x52 Src/sysmem.o
 .debug_macro   0x0000000000000000       0x1f Src/sysmem.o
 .debug_macro   0x0000000000000000       0x43 Src/sysmem.o
 .debug_macro   0x0000000000000000       0x20 Src/sysmem.o
 .debug_macro   0x0000000000000000      0x1a3 Src/sysmem.o
 .debug_macro   0x0000000000000000      0x23b Src/sysmem.o
 .debug_macro   0x0000000000000000       0xef Src/sysmem.o
 .debug_macro   0x0000000000000000       0x6a Src/sysmem.o
 .debug_macro   0x0000000000000000      0x1df Src/sysmem.o
 .debug_line    0x0000000000000000      0x4c2 Src/sysmem.o
 .debug_str     0x0000000000000000     0x5f51 Src/sysmem.o
 .comment       0x0000000000000000       0x7c Src/sysmem.o
 .debug_frame   0x0000000000000000       0x34 Src/sysmem.o
 .ARM.attributes
                0x0000000000000000       0x33 Src/sysmem.o
 .text          0x0000000000000000       0x14 Startup/startup_stm32f103c6tx.o
 .data          0x0000000000000000        0x0 Startup/startup_stm32f103c6tx.o
 .bss           0x0000000000000000        0x0 Startup/startup_stm32f103c6tx.o
 .group         0x0000000000000000        0xc Stm32_F103C6_Drivers/EXTI/Stm32_F103C6_EXTI_driver.o
 .group         0x0000000000000000        0xc Stm32_F103C6_Drivers/EXTI/Stm32_F103C6_EXTI_driver.o
 .group         0x0000000000000000        0xc Stm32_F103C6_Drivers/EXTI/Stm32_F103C6_EXTI_driver.o
 .group         0x0000000000000000        0xc Stm32_F103C6_Drivers/EXTI/Stm32_F103C6_EXTI_driver.o
 .group         0x0000000000000000        0xc Stm32_F103C6_Drivers/EXTI/Stm32_F103C6_EXTI_driver.o
 .group         0x0000000000000000        0xc Stm32_F103C6_Drivers/EXTI/Stm32_F103C6_EXTI_driver.o
 .group         0x0000000000000000        0xc Stm32_F103C6_Drivers/EXTI/Stm32_F103C6_EXTI_driver.o
 .group         0x0000000000000000        0xc Stm32_F103C6_Drivers/EXTI/Stm32_F103C6_EXTI_driver.o
 .group         0x0000000000000000        0xc Stm32_F103C6_Drivers/EXTI/Stm32_F103C6_EXTI_driver.o
 .group         0x0000000000000000        0xc Stm32_F103C6_Drivers/EXTI/Stm32_F103C6_EXTI_driver.o
 .group         0x0000000000000000        0xc Stm32_F103C6_Drivers/EXTI/Stm32_F103C6_EXTI_driver.o
 .group         0x0000000000000000        0xc Stm32_F103C6_Drivers/EXTI/Stm32_F103C6_EXTI_driver.o
 .group         0x0000000000000000        0xc Stm32_F103C6_Drivers/EXTI/Stm32_F103C6_EXTI_driver.o
 .group         0x0000000000000000        0xc Stm32_F103C6_Drivers/EXTI/Stm32_F103C6_EXTI_driver.o
 .group         0x0000000000000000        0xc Stm32_F103C6_Drivers/EXTI/Stm32_F103C6_EXTI_driver.o
 .group         0x0000000000000000        0xc Stm32_F103C6_Drivers/EXTI/Stm32_F103C6_EXTI_driver.o
 .group         0x0000000000000000        0xc Stm32_F103C6_Drivers/EXTI/Stm32_F103C6_EXTI_driver.o
 .group         0x0000000000000000        0xc Stm32_F103C6_Drivers/EXTI/Stm32_F103C6_EXTI_driver.o
 .group         0x0000000000000000        0xc Stm32_F103C6_Drivers/EXTI/Stm32_F103C6_EXTI_driver.o
 .group         0x0000000000000000        0xc Stm32_F103C6_Drivers/EXTI/Stm32_F103C6_EXTI_driver.o
 .group         0x0000000000000000        0xc Stm32_F103C6_Drivers/EXTI/Stm32_F103C6_EXTI_driver.o
 .group         0x0000000000000000        0xc Stm32_F103C6_Drivers/EXTI/Stm32_F103C6_EXTI_driver.o
 .group         0x0000000000000000        0xc Stm32_F103C6_Drivers/EXTI/Stm32_F103C6_EXTI_driver.o
 .group         0x0000000000000000        0xc Stm32_F103C6_Drivers/EXTI/Stm32_F103C6_EXTI_driver.o
 .group         0x0000000000000000        0xc Stm32_F103C6_Drivers/EXTI/Stm32_F103C6_EXTI_driver.o
 .text          0x0000000000000000        0x0 Stm32_F103C6_Drivers/EXTI/Stm32_F103C6_EXTI_driver.o
 .data          0x0000000000000000        0x0 Stm32_F103C6_Drivers/EXTI/Stm32_F103C6_EXTI_driver.o
 .bss           0x0000000000000000        0x0 Stm32_F103C6_Drivers/EXTI/Stm32_F103C6_EXTI_driver.o
 .text.Enable_NVIC
                0x0000000000000000       0xcc Stm32_F103C6_Drivers/EXTI/Stm32_F103C6_EXTI_driver.o
 .text.Disable_NVIC
                0x0000000000000000       0xcc Stm32_F103C6_Drivers/EXTI/Stm32_F103C6_EXTI_driver.o
 .text.Update_EXTI
                0x0000000000000000      0x1d8 Stm32_F103C6_Drivers/EXTI/Stm32_F103C6_EXTI_driver.o
 .text.MCAL_EXTI_GPIO_DeInit
                0x0000000000000000       0x98 Stm32_F103C6_Drivers/EXTI/Stm32_F103C6_EXTI_driver.o
 .text.MCAL_EXTI_GPIO_Init
                0x0000000000000000       0x16 Stm32_F103C6_Drivers/EXTI/Stm32_F103C6_EXTI_driver.o
 .text.MCAL_EXTI_GPIO_Update
                0x0000000000000000       0x16 Stm32_F103C6_Drivers/EXTI/Stm32_F103C6_EXTI_driver.o
 .debug_macro   0x0000000000000000      0xa60 Stm32_F103C6_Drivers/EXTI/Stm32_F103C6_EXTI_driver.o
 .debug_macro   0x0000000000000000       0x18 Stm32_F103C6_Drivers/EXTI/Stm32_F103C6_EXTI_driver.o
 .debug_macro   0x0000000000000000       0x22 Stm32_F103C6_Drivers/EXTI/Stm32_F103C6_EXTI_driver.o
 .debug_macro   0x0000000000000000       0x40 Stm32_F103C6_Drivers/EXTI/Stm32_F103C6_EXTI_driver.o
 .debug_macro   0x0000000000000000       0x94 Stm32_F103C6_Drivers/EXTI/Stm32_F103C6_EXTI_driver.o
 .debug_macro   0x0000000000000000       0x3c Stm32_F103C6_Drivers/EXTI/Stm32_F103C6_EXTI_driver.o
 .debug_macro   0x0000000000000000       0x34 Stm32_F103C6_Drivers/EXTI/Stm32_F103C6_EXTI_driver.o
 .debug_macro   0x0000000000000000       0x16 Stm32_F103C6_Drivers/EXTI/Stm32_F103C6_EXTI_driver.o
 .debug_macro   0x0000000000000000      0x10e Stm32_F103C6_Drivers/EXTI/Stm32_F103C6_EXTI_driver.o
 .debug_macro   0x0000000000000000       0x8d Stm32_F103C6_Drivers/EXTI/Stm32_F103C6_EXTI_driver.o
 .debug_macro   0x0000000000000000       0x57 Stm32_F103C6_Drivers/EXTI/Stm32_F103C6_EXTI_driver.o
 .debug_macro   0x0000000000000000       0x52 Stm32_F103C6_Drivers/EXTI/Stm32_F103C6_EXTI_driver.o
 .debug_macro   0x0000000000000000       0x1f Stm32_F103C6_Drivers/EXTI/Stm32_F103C6_EXTI_driver.o
 .debug_macro   0x0000000000000000       0x43 Stm32_F103C6_Drivers/EXTI/Stm32_F103C6_EXTI_driver.o
 .debug_macro   0x0000000000000000       0x20 Stm32_F103C6_Drivers/EXTI/Stm32_F103C6_EXTI_driver.o
 .debug_macro   0x0000000000000000      0x1a3 Stm32_F103C6_Drivers/EXTI/Stm32_F103C6_EXTI_driver.o
 .debug_macro   0x0000000000000000      0x330 Stm32_F103C6_Drivers/EXTI/Stm32_F103C6_EXTI_driver.o
 .debug_macro   0x0000000000000000       0x16 Stm32_F103C6_Drivers/EXTI/Stm32_F103C6_EXTI_driver.o
 .debug_macro   0x0000000000000000       0x29 Stm32_F103C6_Drivers/EXTI/Stm32_F103C6_EXTI_driver.o
 .debug_macro   0x0000000000000000       0xef Stm32_F103C6_Drivers/EXTI/Stm32_F103C6_EXTI_driver.o
 .debug_macro   0x0000000000000000       0x6a Stm32_F103C6_Drivers/EXTI/Stm32_F103C6_EXTI_driver.o
 .debug_macro   0x0000000000000000      0x1df Stm32_F103C6_Drivers/EXTI/Stm32_F103C6_EXTI_driver.o
 .debug_macro   0x0000000000000000      0x1b0 Stm32_F103C6_Drivers/EXTI/Stm32_F103C6_EXTI_driver.o
 .debug_macro   0x0000000000000000      0x229 Stm32_F103C6_Drivers/EXTI/Stm32_F103C6_EXTI_driver.o
 .group         0x0000000000000000        0xc Stm32_F103C6_Drivers/GPIO/Stm32_F103C6_gpio_driver.o
 .group         0x0000000000000000        0xc Stm32_F103C6_Drivers/GPIO/Stm32_F103C6_gpio_driver.o
 .group         0x0000000000000000        0xc Stm32_F103C6_Drivers/GPIO/Stm32_F103C6_gpio_driver.o
 .group         0x0000000000000000        0xc Stm32_F103C6_Drivers/GPIO/Stm32_F103C6_gpio_driver.o
 .group         0x0000000000000000        0xc Stm32_F103C6_Drivers/GPIO/Stm32_F103C6_gpio_driver.o
 .group         0x0000000000000000        0xc Stm32_F103C6_Drivers/GPIO/Stm32_F103C6_gpio_driver.o
 .group         0x0000000000000000        0xc Stm32_F103C6_Drivers/GPIO/Stm32_F103C6_gpio_driver.o
 .group         0x0000000000000000        0xc Stm32_F103C6_Drivers/GPIO/Stm32_F103C6_gpio_driver.o
 .group         0x0000000000000000        0xc Stm32_F103C6_Drivers/GPIO/Stm32_F103C6_gpio_driver.o
 .group         0x0000000000000000        0xc Stm32_F103C6_Drivers/GPIO/Stm32_F103C6_gpio_driver.o
 .group         0x0000000000000000        0xc Stm32_F103C6_Drivers/GPIO/Stm32_F103C6_gpio_driver.o
 .group         0x0000000000000000        0xc Stm32_F103C6_Drivers/GPIO/Stm32_F103C6_gpio_driver.o
 .group         0x0000000000000000        0xc Stm32_F103C6_Drivers/GPIO/Stm32_F103C6_gpio_driver.o
 .group         0x0000000000000000        0xc Stm32_F103C6_Drivers/GPIO/Stm32_F103C6_gpio_driver.o
 .group         0x0000000000000000        0xc Stm32_F103C6_Drivers/GPIO/Stm32_F103C6_gpio_driver.o
 .group         0x0000000000000000        0xc Stm32_F103C6_Drivers/GPIO/Stm32_F103C6_gpio_driver.o
 .group         0x0000000000000000        0xc Stm32_F103C6_Drivers/GPIO/Stm32_F103C6_gpio_driver.o
 .group         0x0000000000000000        0xc Stm32_F103C6_Drivers/GPIO/Stm32_F103C6_gpio_driver.o
 .group         0x0000000000000000        0xc Stm32_F103C6_Drivers/GPIO/Stm32_F103C6_gpio_driver.o
 .group         0x0000000000000000        0xc Stm32_F103C6_Drivers/GPIO/Stm32_F103C6_gpio_driver.o
 .group         0x0000000000000000        0xc Stm32_F103C6_Drivers/GPIO/Stm32_F103C6_gpio_driver.o
 .group         0x0000000000000000        0xc Stm32_F103C6_Drivers/GPIO/Stm32_F103C6_gpio_driver.o
 .group         0x0000000000000000        0xc Stm32_F103C6_Drivers/GPIO/Stm32_F103C6_gpio_driver.o
 .group         0x0000000000000000        0xc Stm32_F103C6_Drivers/GPIO/Stm32_F103C6_gpio_driver.o
 .text          0x0000000000000000        0x0 Stm32_F103C6_Drivers/GPIO/Stm32_F103C6_gpio_driver.o
 .data          0x0000000000000000        0x0 Stm32_F103C6_Drivers/GPIO/Stm32_F103C6_gpio_driver.o
 .bss           0x0000000000000000        0x0 Stm32_F103C6_Drivers/GPIO/Stm32_F103C6_gpio_driver.o
 .text.Get_CRLH_Position
                0x0000000000000000       0xc6 Stm32_F103C6_Drivers/GPIO/Stm32_F103C6_gpio_driver.o
 .text.MCAL_GPIO_Init
                0x0000000000000000       0xfe Stm32_F103C6_Drivers/GPIO/Stm32_F103C6_gpio_driver.o
 .text.MCAL_GPIO_DeInit
                0x0000000000000000       0xd4 Stm32_F103C6_Drivers/GPIO/Stm32_F103C6_gpio_driver.o
 .text.MCAL_GPIO_ReadPin
                0x0000000000000000       0x2e Stm32_F103C6_Drivers/GPIO/Stm32_F103C6_gpio_driver.o
 .text.MCAL_GPIO_ReadPort
                0x0000000000000000       0x1a Stm32_F103C6_Drivers/GPIO/Stm32_F103C6_gpio_driver.o
 .text.MCAL_GPIO_WritePin
                0x0000000000000000       0x2e Stm32_F103C6_Drivers/GPIO/Stm32_F103C6_gpio_driver.o
 .text.MCAL_GPIO_WritePort
                0x0000000000000000       0x1c Stm32_F103C6_Drivers/GPIO/Stm32_F103C6_gpio_driver.o
 .text.MCAL_GPIO_TogglePin
                0x0000000000000000       0x22 Stm32_F103C6_Drivers/GPIO/Stm32_F103C6_gpio_driver.o
 .text.MCAL_GPIO_LockPin
                0x0000000000000000       0x4e Stm32_F103C6_Drivers/GPIO/Stm32_F103C6_gpio_driver.o
 .debug_info    0x0000000000000000      0xd59 Stm32_F103C6_Drivers/GPIO/Stm32_F103C6_gpio_driver.o
 .debug_abbrev  0x0000000000000000      0x232 Stm32_F103C6_Drivers/GPIO/Stm32_F103C6_gpio_driver.o
 .debug_loc     0x0000000000000000      0x330 Stm32_F103C6_Drivers/GPIO/Stm32_F103C6_gpio_driver.o
 .debug_aranges
                0x0000000000000000       0x60 Stm32_F103C6_Drivers/GPIO/Stm32_F103C6_gpio_driver.o
 .debug_ranges  0x0000000000000000       0x50 Stm32_F103C6_Drivers/GPIO/Stm32_F103C6_gpio_driver.o
 .debug_macro   0x0000000000000000      0x13f Stm32_F103C6_Drivers/GPIO/Stm32_F103C6_gpio_driver.o
 .debug_macro   0x0000000000000000      0xa60 Stm32_F103C6_Drivers/GPIO/Stm32_F103C6_gpio_driver.o
 .debug_macro   0x0000000000000000       0x18 Stm32_F103C6_Drivers/GPIO/Stm32_F103C6_gpio_driver.o
 .debug_macro   0x0000000000000000       0x22 Stm32_F103C6_Drivers/GPIO/Stm32_F103C6_gpio_driver.o
 .debug_macro   0x0000000000000000       0x40 Stm32_F103C6_Drivers/GPIO/Stm32_F103C6_gpio_driver.o
 .debug_macro   0x0000000000000000       0x94 Stm32_F103C6_Drivers/GPIO/Stm32_F103C6_gpio_driver.o
 .debug_macro   0x0000000000000000       0x3c Stm32_F103C6_Drivers/GPIO/Stm32_F103C6_gpio_driver.o
 .debug_macro   0x0000000000000000       0x34 Stm32_F103C6_Drivers/GPIO/Stm32_F103C6_gpio_driver.o
 .debug_macro   0x0000000000000000       0x16 Stm32_F103C6_Drivers/GPIO/Stm32_F103C6_gpio_driver.o
 .debug_macro   0x0000000000000000      0x10e Stm32_F103C6_Drivers/GPIO/Stm32_F103C6_gpio_driver.o
 .debug_macro   0x0000000000000000       0x8d Stm32_F103C6_Drivers/GPIO/Stm32_F103C6_gpio_driver.o
 .debug_macro   0x0000000000000000       0x57 Stm32_F103C6_Drivers/GPIO/Stm32_F103C6_gpio_driver.o
 .debug_macro   0x0000000000000000       0x52 Stm32_F103C6_Drivers/GPIO/Stm32_F103C6_gpio_driver.o
 .debug_macro   0x0000000000000000       0x1f Stm32_F103C6_Drivers/GPIO/Stm32_F103C6_gpio_driver.o
 .debug_macro   0x0000000000000000       0x43 Stm32_F103C6_Drivers/GPIO/Stm32_F103C6_gpio_driver.o
 .debug_macro   0x0000000000000000       0x20 Stm32_F103C6_Drivers/GPIO/Stm32_F103C6_gpio_driver.o
 .debug_macro   0x0000000000000000      0x1a3 Stm32_F103C6_Drivers/GPIO/Stm32_F103C6_gpio_driver.o
 .debug_macro   0x0000000000000000      0x330 Stm32_F103C6_Drivers/GPIO/Stm32_F103C6_gpio_driver.o
 .debug_macro   0x0000000000000000       0x16 Stm32_F103C6_Drivers/GPIO/Stm32_F103C6_gpio_driver.o
 .debug_macro   0x0000000000000000       0x29 Stm32_F103C6_Drivers/GPIO/Stm32_F103C6_gpio_driver.o
 .debug_macro   0x0000000000000000       0xef Stm32_F103C6_Drivers/GPIO/Stm32_F103C6_gpio_driver.o
 .debug_macro   0x0000000000000000       0x6a Stm32_F103C6_Drivers/GPIO/Stm32_F103C6_gpio_driver.o
 .debug_macro   0x0000000000000000      0x1df Stm32_F103C6_Drivers/GPIO/Stm32_F103C6_gpio_driver.o
 .debug_macro   0x0000000000000000      0x1b0 Stm32_F103C6_Drivers/GPIO/Stm32_F103C6_gpio_driver.o
 .debug_macro   0x0000000000000000       0xd0 Stm32_F103C6_Drivers/GPIO/Stm32_F103C6_gpio_driver.o
 .debug_line    0x0000000000000000      0x694 Stm32_F103C6_Drivers/GPIO/Stm32_F103C6_gpio_driver.o
 .debug_str     0x0000000000000000     0x7d6d Stm32_F103C6_Drivers/GPIO/Stm32_F103C6_gpio_driver.o
 .comment       0x0000000000000000       0x7c Stm32_F103C6_Drivers/GPIO/Stm32_F103C6_gpio_driver.o
 .debug_frame   0x0000000000000000      0x178 Stm32_F103C6_Drivers/GPIO/Stm32_F103C6_gpio_driver.o
 .ARM.attributes
                0x0000000000000000       0x33 Stm32_F103C6_Drivers/GPIO/Stm32_F103C6_gpio_driver.o
 .text          0x0000000000000000        0x0 c:/st/stm32cubeide_1.4.0/stm32cubeide/plugins/com.st.stm32cube.ide.mcu.externaltools.gnu-tools-for-stm32.7-2018-q2-update.win32_1.4.0.202007081208/tools/bin/../lib/gcc/arm-none-eabi/7.3.1/../../../../arm-none-eabi/lib/thumb/v7-m\libc_nano.a(lib_a-errno.o)
 .data          0x0000000000000000        0x0 c:/st/stm32cubeide_1.4.0/stm32cubeide/plugins/com.st.stm32cube.ide.mcu.externaltools.gnu-tools-for-stm32.7-2018-q2-update.win32_1.4.0.202007081208/tools/bin/../lib/gcc/arm-none-eabi/7.3.1/../../../../arm-none-eabi/lib/thumb/v7-m\libc_nano.a(lib_a-errno.o)
 .bss           0x0000000000000000        0x0 c:/st/stm32cubeide_1.4.0/stm32cubeide/plugins/com.st.stm32cube.ide.mcu.externaltools.gnu-tools-for-stm32.7-2018-q2-update.win32_1.4.0.202007081208/tools/bin/../lib/gcc/arm-none-eabi/7.3.1/../../../../arm-none-eabi/lib/thumb/v7-m\libc_nano.a(lib_a-errno.o)
 .text.__errno  0x0000000000000000        0xc c:/st/stm32cubeide_1.4.0/stm32cubeide/plugins/com.st.stm32cube.ide.mcu.externaltools.gnu-tools-for-stm32.7-2018-q2-update.win32_1.4.0.202007081208/tools/bin/../lib/gcc/arm-none-eabi/7.3.1/../../../../arm-none-eabi/lib/thumb/v7-m\libc_nano.a(lib_a-errno.o)
 .debug_frame   0x0000000000000000       0x20 c:/st/stm32cubeide_1.4.0/stm32cubeide/plugins/com.st.stm32cube.ide.mcu.externaltools.gnu-tools-for-stm32.7-2018-q2-update.win32_1.4.0.202007081208/tools/bin/../lib/gcc/arm-none-eabi/7.3.1/../../../../arm-none-eabi/lib/thumb/v7-m\libc_nano.a(lib_a-errno.o)
 .ARM.attributes
                0x0000000000000000       0x2d c:/st/stm32cubeide_1.4.0/stm32cubeide/plugins/com.st.stm32cube.ide.mcu.externaltools.gnu-tools-for-stm32.7-2018-q2-update.win32_1.4.0.202007081208/tools/bin/../lib/gcc/arm-none-eabi/7.3.1/../../../../arm-none-eabi/lib/thumb/v7-m\libc_nano.a(lib_a-errno.o)
 .text          0x0000000000000000        0x0 c:/st/stm32cubeide_1.4.0/stm32cubeide/plugins/com.st.stm32cube.ide.mcu.externaltools.gnu-tools-for-stm32.7-2018-q2-update.win32_1.4.0.202007081208/tools/bin/../lib/gcc/arm-none-eabi/7.3.1/../../../../arm-none-eabi/lib/thumb/v7-m\libc_nano.a(lib_a-exit.o)
 .data          0x0000000000000000        0x0 c:/st/stm32cubeide_1.4.0/stm32cubeide/plugins/com.st.stm32cube.ide.mcu.externaltools.gnu-tools-for-stm32.7-2018-q2-update.win32_1.4.0.202007081208/tools/bin/../lib/gcc/arm-none-eabi/7.3.1/../../../../arm-none-eabi/lib/thumb/v7-m\libc_nano.a(lib_a-exit.o)
 .bss           0x0000000000000000        0x0 c:/st/stm32cubeide_1.4.0/stm32cubeide/plugins/com.st.stm32cube.ide.mcu.externaltools.gnu-tools-for-stm32.7-2018-q2-update.win32_1.4.0.202007081208/tools/bin/../lib/gcc/arm-none-eabi/7.3.1/../../../../arm-none-eabi/lib/thumb/v7-m\libc_nano.a(lib_a-exit.o)
 .text.exit     0x0000000000000000       0x28 c:/st/stm32cubeide_1.4.0/stm32cubeide/plugins/com.st.stm32cube.ide.mcu.externaltools.gnu-tools-for-stm32.7-2018-q2-update.win32_1.4.0.202007081208/tools/bin/../lib/gcc/arm-none-eabi/7.3.1/../../../../arm-none-eabi/lib/thumb/v7-m\libc_nano.a(lib_a-exit.o)
 .debug_frame   0x0000000000000000       0x28 c:/st/stm32cubeide_1.4.0/stm32cubeide/plugins/com.st.stm32cube.ide.mcu.externaltools.gnu-tools-for-stm32.7-2018-q2-update.win32_1.4.0.202007081208/tools/bin/../lib/gcc/arm-none-eabi/7.3.1/../../../../arm-none-eabi/lib/thumb/v7-m\libc_nano.a(lib_a-exit.o)
 .ARM.attributes
                0x0000000000000000       0x2d c:/st/stm32cubeide_1.4.0/stm32cubeide/plugins/com.st.stm32cube.ide.mcu.externaltools.gnu-tools-for-stm32.7-2018-q2-update.win32_1.4.0.202007081208/tools/bin/../lib/gcc/arm-none-eabi/7.3.1/../../../../arm-none-eabi/lib/thumb/v7-m\libc_nano.a(lib_a-exit.o)
 .text          0x0000000000000000        0x0 c:/st/stm32cubeide_1.4.0/stm32cubeide/plugins/com.st.stm32cube.ide.mcu.externaltools.gnu-tools-for-stm32.7-2018-q2-update.win32_1.4.0.202007081208/tools/bin/../lib/gcc/arm-none-eabi/7.3.1/../../../../arm-none-eabi/lib/thumb/v7-m\libc_nano.a(lib_a-impure.o)
 .data          0x0000000000000000        0x0 c:/st/stm32cubeide_1.4.0/stm32cubeide/plugins/com.st.stm32cube.ide.mcu.externaltools.gnu-tools-for-stm32.7-2018-q2-update.win32_1.4.0.202007081208/tools/bin/../lib/gcc/arm-none-eabi/7.3.1/../../../../arm-none-eabi/lib/thumb/v7-m\libc_nano.a(lib_a-impure.o)
 .bss           0x0000000000000000        0x0 c:/st/stm32cubeide_1.4.0/stm32cubeide/plugins/com.st.stm32cube.ide.mcu.externaltools.gnu-tools-for-stm32.7-2018-q2-update.win32_1.4.0.202007081208/tools/bin/../lib/gcc/arm-none-eabi/7.3.1/../../../../arm-none-eabi/lib/thumb/v7-m\libc_nano.a(lib_a-impure.o)
 .data._impure_ptr
                0x0000000000000000        0x4 c:/st/stm32cubeide_1.4.0/stm32cubeide/plugins/com.st.stm32cube.ide.mcu.externaltools.gnu-tools-for-stm32.7-2018-q2-update.win32_1.4.0.202007081208/tools/bin/../lib/gcc/arm-none-eabi/7.3.1/../../../../arm-none-eabi/lib/thumb/v7-m\libc_nano.a(lib_a-impure.o)
 .data.impure_data
                0x0000000000000000       0x60 c:/st/stm32cubeide_1.4.0/stm32cubeide/plugins/com.st.stm32cube.ide.mcu.externaltools.gnu-tools-for-stm32.7-2018-q2-update.win32_1.4.0.202007081208/tools/bin/../lib/gcc/arm-none-eabi/7.3.1/../../../../arm-none-eabi/lib/thumb/v7-m\libc_nano.a(lib_a-impure.o)
 .rodata._global_impure_ptr
                0x0000000000000000        0x4 c:/st/stm32cubeide_1.4.0/stm32cubeide/plugins/com.st.stm32cube.ide.mcu.externaltools.gnu-tools-for-stm32.7-2018-q2-update.win32_1.4.0.202007081208/tools/bin/../lib/gcc/arm-none-eabi/7.3.1/../../../../arm-none-eabi/lib/thumb/v7-m\libc_nano.a(lib_a-impure.o)
 .ARM.attributes
                0x0000000000000000       0x2d c:/st/stm32cubeide_1.4.0/stm32cubeide/plugins/com.st.stm32cube.ide.mcu.externaltools.gnu-tools-for-stm32.7-2018-q2-update.win32_1.4.0.202007081208/tools/bin/../lib/gcc/arm-none-eabi/7.3.1/../../../../arm-none-eabi/lib/thumb/v7-m\libc_nano.a(lib_a-impure.o)
 .text          0x0000000000000000        0x0 c:/st/stm32cubeide_1.4.0/stm32cubeide/plugins/com.st.stm32cube.ide.mcu.externaltools.gnu-tools-for-stm32.7-2018-q2-update.win32_1.4.0.202007081208/tools/bin/../lib/gcc/arm-none-eabi/7.3.1/../../../../arm-none-eabi/lib/thumb/v7-m\libc_nano.a(lib_a-init.o)
 .data          0x0000000000000000        0x0 c:/st/stm32cubeide_1.4.0/stm32cubeide/plugins/com.st.stm32cube.ide.mcu.externaltools.gnu-tools-for-stm32.7-2018-q2-update.win32_1.4.0.202007081208/tools/bin/../lib/gcc/arm-none-eabi/7.3.1/../../../../arm-none-eabi/lib/thumb/v7-m\libc_nano.a(lib_a-init.o)
 .bss           0x0000000000000000        0x0 c:/st/stm32cubeide_1.4.0/stm32cubeide/plugins/com.st.stm32cube.ide.mcu.externaltools.gnu-tools-for-stm32.7-2018-q2-update.win32_1.4.0.202007081208/tools/bin/../lib/gcc/arm-none-eabi/7.3.1/../../../../arm-none-eabi/lib/thumb/v7-m\libc_nano.a(lib_a-init.o)
 .text          0x0000000000000000        0x0 c:/st/stm32cubeide_1.4.0/stm32cubeide/plugins/com.st.stm32cube.ide.mcu.externaltools.gnu-tools-for-stm32.7-2018-q2-update.win32_1.4.0.202007081208/tools/bin/../lib/gcc/arm-none-eabi/7.3.1/../../../../arm-none-eabi/lib/thumb/v7-m\libc_nano.a(lib_a-memset.o)
 .data          0x0000000000000000        0x0 c:/st/stm32cubeide_1.4.0/stm32cubeide/plugins/com.st.stm32cube.ide.mcu.externaltools.gnu-tools-for-stm32.7-2018-q2-update.win32_1.4.0.202007081208/tools/bin/../lib/gcc/arm-none-eabi/7.3.1/../../../../arm-none-eabi/lib/thumb/v7-m\libc_nano.a(lib_a-memset.o)
 .bss           0x0000000000000000        0x0 c:/st/stm32cubeide_1.4.0/stm32cubeide/plugins/com.st.stm32cube.ide.mcu.externaltools.gnu-tools-for-stm32.7-2018-q2-update.win32_1.4.0.202007081208/tools/bin/../lib/gcc/arm-none-eabi/7.3.1/../../../../arm-none-eabi/lib/thumb/v7-m\libc_nano.a(lib_a-memset.o)
 .text.memset   0x0000000000000000       0x10 c:/st/stm32cubeide_1.4.0/stm32cubeide/plugins/com.st.stm32cube.ide.mcu.externaltools.gnu-tools-for-stm32.7-2018-q2-update.win32_1.4.0.202007081208/tools/bin/../lib/gcc/arm-none-eabi/7.3.1/../../../../arm-none-eabi/lib/thumb/v7-m\libc_nano.a(lib_a-memset.o)
 .debug_frame   0x0000000000000000       0x20 c:/st/stm32cubeide_1.4.0/stm32cubeide/plugins/com.st.stm32cube.ide.mcu.externaltools.gnu-tools-for-stm32.7-2018-q2-update.win32_1.4.0.202007081208/tools/bin/../lib/gcc/arm-none-eabi/7.3.1/../../../../arm-none-eabi/lib/thumb/v7-m\libc_nano.a(lib_a-memset.o)
 .ARM.attributes
                0x0000000000000000       0x2d c:/st/stm32cubeide_1.4.0/stm32cubeide/plugins/com.st.stm32cube.ide.mcu.externaltools.gnu-tools-for-stm32.7-2018-q2-update.win32_1.4.0.202007081208/tools/bin/../lib/gcc/arm-none-eabi/7.3.1/../../../../arm-none-eabi/lib/thumb/v7-m\libc_nano.a(lib_a-memset.o)
 .text          0x0000000000000000        0x0 c:/st/stm32cubeide_1.4.0/stm32cubeide/plugins/com.st.stm32cube.ide.mcu.externaltools.gnu-tools-for-stm32.7-2018-q2-update.win32_1.4.0.202007081208/tools/bin/../lib/gcc/arm-none-eabi/7.3.1/thumb/v7-m/crtend.o
 .data          0x0000000000000000        0x0 c:/st/stm32cubeide_1.4.0/stm32cubeide/plugins/com.st.stm32cube.ide.mcu.externaltools.gnu-tools-for-stm32.7-2018-q2-update.win32_1.4.0.202007081208/tools/bin/../lib/gcc/arm-none-eabi/7.3.1/thumb/v7-m/crtend.o
 .bss           0x0000000000000000        0x0 c:/st/stm32cubeide_1.4.0/stm32cubeide/plugins/com.st.stm32cube.ide.mcu.externaltools.gnu-tools-for-stm32.7-2018-q2-update.win32_1.4.0.202007081208/tools/bin/../lib/gcc/arm-none-eabi/7.3.1/thumb/v7-m/crtend.o
 .eh_frame      0x0000000000000000        0x4 c:/st/stm32cubeide_1.4.0/stm32cubeide/plugins/com.st.stm32cube.ide.mcu.externaltools.gnu-tools-for-stm32.7-2018-q2-update.win32_1.4.0.202007081208/tools/bin/../lib/gcc/arm-none-eabi/7.3.1/thumb/v7-m/crtend.o
 .ARM.attributes
                0x0000000000000000       0x2d c:/st/stm32cubeide_1.4.0/stm32cubeide/plugins/com.st.stm32cube.ide.mcu.externaltools.gnu-tools-for-stm32.7-2018-q2-update.win32_1.4.0.202007081208/tools/bin/../lib/gcc/arm-none-eabi/7.3.1/thumb/v7-m/crtend.o
 .text          0x0000000000000000        0x0 c:/st/stm32cubeide_1.4.0/stm32cubeide/plugins/com.st.stm32cube.ide.mcu.externaltools.gnu-tools-for-stm32.7-2018-q2-update.win32_1.4.0.202007081208/tools/bin/../lib/gcc/arm-none-eabi/7.3.1/thumb/v7-m/crtn.o
 .data          0x0000000000000000        0x0 c:/st/stm32cubeide_1.4.0/stm32cubeide/plugins/com.st.stm32cube.ide.mcu.externaltools.gnu-tools-for-stm32.7-2018-q2-update.win32_1.4.0.202007081208/tools/bin/../lib/gcc/arm-none-eabi/7.3.1/thumb/v7-m/crtn.o
 .bss           0x0000000000000000        0x0 c:/st/stm32cubeide_1.4.0/stm32cubeide/plugins/com.st.stm32cube.ide.mcu.externaltools.gnu-tools-for-stm32.7-2018-q2-update.win32_1.4.0.202007081208/tools/bin/../lib/gcc/arm-none-eabi/7.3.1/thumb/v7-m/crtn.o

Memory Configuration

Name             Origin             Length             Attributes
RAM              0x0000000020000000 0x0000000000002800 xrw
ROM              0x0000000008000000 0x0000000000008000 xr
*default*        0x0000000000000000 0xffffffffffffffff

Linker script and memory map

LOAD c:/st/stm32cubeide_1.4.0/stm32cubeide/plugins/com.st.stm32cube.ide.mcu.externaltools.gnu-tools-for-stm32.7-2018-q2-update.win32_1.4.0.202007081208/tools/bin/../lib/gcc/arm-none-eabi/7.3.1/thumb/v7-m/crti.o
LOAD c:/st/stm32cubeide_1.4.0/stm32cubeide/plugins/com.st.stm32cube.ide.mcu.externaltools.gnu-tools-for-stm32.7-2018-q2-update.win32_1.4.0.202007081208/tools/bin/../lib/gcc/arm-none-eabi/7.3.1/thumb/v7-m/crtbegin.o
LOAD c:/st/stm32cubeide_1.4.0/stm32cubeide/plugins/com.st.stm32cube.ide.mcu.externaltools.gnu-tools-for-stm32.7-2018-q2-update.win32_1.4.0.202007081208/tools/bin/../lib/gcc/arm-none-eabi/7.3.1/../../../../arm-none-eabi/lib/thumb/v7-m/crt0.o
LOAD HAL/KPD_program.o
LOAD HAL/Lcd.o
LOAD Src/main.o
LOAD Src/syscalls.o
LOAD Src/sysmem.o
LOAD Startup/startup_stm32f103c6tx.o
LOAD Stm32_F103C6_Drivers/EXTI/Stm32_F103C6_EXTI_driver.o
LOAD Stm32_F103C6_Drivers/GPIO/Stm32_F103C6_gpio_driver.o
START GROUP
LOAD c:/st/stm32cubeide_1.4.0/stm32cubeide/plugins/com.st.stm32cube.ide.mcu.externaltools.gnu-tools-for-stm32.7-2018-q2-update.win32_1.4.0.202007081208/tools/bin/../lib/gcc/arm-none-eabi/7.3.1/../../../../arm-none-eabi/lib/thumb/v7-m\libc_nano.a
LOAD c:/st/stm32cubeide_1.4.0/stm32cubeide/plugins/com.st.stm32cube.ide.mcu.externaltools.gnu-tools-for-stm32.7-2018-q2-update.win32_1.4.0.202007081208/tools/bin/../lib/gcc/arm-none-eabi/7.3.1/../../../../arm-none-eabi/lib/thumb/v7-m\libm.a
END GROUP
START GROUP
LOAD c:/st/stm32cubeide_1.4.0/stm32cubeide/plugins/com.st.stm32cube.ide.mcu.externaltools.gnu-tools-for-stm32.7-2018-q2-update.win32_1.4.0.202007081208/tools/bin/../lib/gcc/arm-none-eabi/7.3.1/thumb/v7-m\libgcc.a
LOAD c:/st/stm32cubeide_1.4.0/stm32cubeide/plugins/com.st.stm32cube.ide.mcu.externaltools.gnu-tools-for-stm32.7-2018-q2-update.win32_1.4.0.202007081208/tools/bin/../lib/gcc/arm-none-eabi/7.3.1/../../../../arm-none-eabi/lib/thumb/v7-m\libg_nano.a
LOAD c:/st/stm32cubeide_1.4.0/stm32cubeide/plugins/com.st.stm32cube.ide.mcu.externaltools.gnu-tools-for-stm32.7-2018-q2-update.win32_1.4.0.202007081208/tools/bin/../lib/gcc/arm-none-eabi/7.3.1/../../../../arm-none-eabi/lib/thumb/v7-m\libc_nano.a
END GROUP
START GROUP
LOAD c:/st/stm32cubeide_1.4.0/stm32cubeide/plugins/com.st.stm32cube.ide.mcu.externaltools.gnu-tools-for-stm32.7-2018-q2-update.win32_1.4.0.202007081208/tools/bin/../lib/gcc/arm-none-eabi/7.3.1/thumb/v7-m\libgcc.a
LOAD c:/st/stm32cubeide_1.4.0/stm32cubeide/plugins/com.st.stm32cube.ide.mcu.externaltools.gnu-tools-for-stm32.7-2018-q2-update.win32_1.4.0.202007081208/tools/bin/../lib/gcc/arm-none-eabi/7.3.1/../../../../arm-none-eabi/lib/thumb/v7-m\libc_nano.a
LOAD c:/st/stm32cubeide_1.4.0/stm32cubeide/plugins/com.st.stm32cube.ide.mcu.externaltools.gnu-tools-for-stm32.7-2018-q2-update.win32_1.4.0.202007081208/tools/bin/../lib/gcc/arm-none-eabi/7.3.1/../../../../arm-none-eabi/lib/thumb/v7-m\libnosys.a
END GROUP
START GROUP
LOAD c:/st/stm32cubeide_1.4.0/stm32cubeide/plugins/com.st.stm32cube.ide.mcu.externaltools.gnu-tools-for-stm32.7-2018-q2-update.win32_1.4.0.202007081208/tools/bin/../lib/gcc/arm-none-eabi/7.3.1/thumb/v7-m\libgcc.a
LOAD c:/st/stm32cubeide_1.4.0/stm32cubeide/plugins/com.st.stm32cube.ide.mcu.externaltools.gnu-tools-for-stm32.7-2018-q2-update.win32_1.4.0.202007081208/tools/bin/../lib/gcc/arm-none-eabi/7.3.1/../../../../arm-none-eabi/lib/thumb/v7-m\libc_nano.a
LOAD c:/st/stm32cubeide_1.4.0/stm32cubeide/plugins/com.st.stm32cube.ide.mcu.externaltools.gnu-tools-for-stm32.7-2018-q2-update.win32_1.4.0.202007081208/tools/bin/../lib/gcc/arm-none-eabi/7.3.1/../../../../arm-none-eabi/lib/thumb/v7-m\libnosys.a
END GROUP
LOAD c:/st/stm32cubeide_1.4.0/stm32cubeide/plugins/com.st.stm32cube.ide.mcu.externaltools.gnu-tools-for-stm32.7-2018-q2-update.win32_1.4.0.202007081208/tools/bin/../lib/gcc/arm-none-eabi/7.3.1/thumb/v7-m/crtend.o
LOAD c:/st/stm32cubeide_1.4.0/stm32cubeide/plugins/com.st.stm32cube.ide.mcu.externaltools.gnu-tools-for-stm32.7-2018-q2-update.win32_1.4.0.202007081208/tools/bin/../lib/gcc/arm-none-eabi/7.3.1/thumb/v7-m/crtn.o
                0x0000000020002800                _estack = (ORIGIN (RAM) + LENGTH (RAM))
                0x0000000000000200                _Min_Heap_Size = 0x200
                0x0000000000000400                _Min_Stack_Size = 0x400

.isr_vector     0x0000000008000000      0x130
                0x0000000008000000                . = ALIGN (0x4)
 *(.isr_vector)
 .isr_vector    0x0000000008000000      0x130 Startup/startup_stm32f103c6tx.o
                0x0000000008000000                g_pfnVectors
                0x0000000008000130                . = ALIGN (0x4)

.text           0x0000000008000130      0x458
                0x0000000008000130                . = ALIGN (0x4)
 *(.text)
 .text          0x0000000008000130       0x40 c:/st/stm32cubeide_1.4.0/stm32cubeide/plugins/com.st.stm32cube.ide.mcu.externaltools.gnu-tools-for-stm32.7-2018-q2-update.win32_1.4.0.202007081208/tools/bin/../lib/gcc/arm-none-eabi/7.3.1/thumb/v7-m/crtbegin.o
 *(.text*)
 .text.OS_SVC_Services
                0x0000000008000170       0x88 Src/main.o
                0x0000000008000170                OS_SVC_Services
 .text.PendSV_Handler
                0x00000000080001f8        0xc Src/main.o
                0x00000000080001f8                PendSV_Handler
 .text.SVC_Handler
                0x0000000008000204       0x14 Src/main.o
                0x0000000008000204                SVC_Handler
 .text.OS_SVC_Set
                0x0000000008000218       0x4c Src/main.o
                0x0000000008000218                OS_SVC_Set
 .text.main     0x0000000008000264       0x50 Src/main.o
                0x0000000008000264                main
 .text.Reset_Handler
                0x00000000080002b4       0x50 Startup/startup_stm32f103c6tx.o
                0x00000000080002b4                Reset_Handler
 .text.Default_Handler
                0x0000000008000304        0x2 Startup/startup_stm32f103c6tx.o
                0x0000000008000304                TIM8_TRG_COM_IRQHandler
                0x0000000008000304                TIM8_CC_IRQHandler
                0x0000000008000304                DebugMon_Handler
                0x0000000008000304                TIM1_CC_IRQHandler
                0x0000000008000304                HardFault_Handler
                0x0000000008000304                TIM6_IRQHandler
                0x0000000008000304                SysTick_Handler
                0x0000000008000304                PVD_IRQHandler
                0x0000000008000304                SDIO_IRQHandler
                0x0000000008000304                NMI_Handler
                0x0000000008000304                USB_HP_CAN_TX_IRQHandler
                0x0000000008000304                I2C2_EV_IRQHandler
                0x0000000008000304                UsageFault_Handler
                0x0000000008000304                ADC1_2_IRQHandler
                0x0000000008000304                SPI1_IRQHandler
                0x0000000008000304                CAN_SCE_IRQHandler
                0x0000000008000304                TAMPER_IRQHandler
                0x0000000008000304                TIM8_UP_IRQHandler
                0x0000000008000304                DMA2_Channel2_IRQHandler
                0x0000000008000304                DMA1_Channel4_IRQHandler
                0x0000000008000304                USART3_IRQHandler
                0x0000000008000304                RTC_IRQHandler
                0x0000000008000304                DMA1_Channel7_IRQHandler
                0x0000000008000304                UART5_IRQHandler
                0x0000000008000304                ADC3_IRQHandler
                0x0000000008000304                TIM4_IRQHandler
                0x0000000008000304                CAN_RX1_IRQHandler
                0x0000000008000304                DMA2_Channel1_IRQHandler
                0x0000000008000304                I2C1_EV_IRQHandler
                0x0000000008000304                DMA1_Channel6_IRQHandler
                0x0000000008000304                UART4_IRQHandler
                0x0000000008000304                TIM3_IRQHandler
                0x0000000008000304                RCC_IRQHandler
                0x0000000008000304                TIM1_TRG_COM_IRQHandler
                0x0000000008000304                DMA1_Channel1_IRQHandler
                0x0000000008000304                Default_Handler
                0x0000000008000304                TIM7_IRQHandler
                0x0000000008000304                TIM5_IRQHandler
                0x0000000008000304                SPI2_IRQHandler
                0x0000000008000304                USB_LP_CAN_RX0_IRQHandler
                0x0000000008000304                MemManage_Handler
                0x0000000008000304                DMA1_Channel5_IRQHandler
                0x0000000008000304                DMA1_Channel3_IRQHandler
                0x0000000008000304                FSMC_IRQHandler
                0x0000000008000304                TIM1_UP_IRQHandler
                0x0000000008000304                WWDG_IRQHandler
                0x0000000008000304                TIM2_IRQHandler
                0x0000000008000304                TIM1_BRK_IRQHandler
                0x0000000008000304                RTCAlarm_IRQHandler
                0x0000000008000304                DMA2_Channel4_5_IRQHandler
                0x0000000008000304                USART2_IRQHandler
                0x0000000008000304                I2C2_ER_IRQHandler
                0x0000000008000304                DMA1_Channel2_IRQHandler
                0x0000000008000304                TIM8_BRK_IRQHandler
                0x0000000008000304                FLASH_IRQHandler
                0x0000000008000304                BusFault_Handler
                0x0000000008000304                USART1_IRQHandler
                0x0000000008000304                SPI3_IRQHandler
                0x0000000008000304                I2C1_ER_IRQHandler
                0x0000000008000304                DMA2_Channel3_IRQHandler
 *fill*         0x0000000008000306        0x2 
 .text.EXTI0_IRQHandler
                0x0000000008000308       0x24 Stm32_F103C6_Drivers/EXTI/Stm32_F103C6_EXTI_driver.o
                0x0000000008000308                EXTI0_IRQHandler
 .text.EXTI1_IRQHandler
                0x000000000800032c       0x24 Stm32_F103C6_Drivers/EXTI/Stm32_F103C6_EXTI_driver.o
                0x000000000800032c                EXTI1_IRQHandler
 .text.EXTI2_IRQHandler
                0x0000000008000350       0x24 Stm32_F103C6_Drivers/EXTI/Stm32_F103C6_EXTI_driver.o
                0x0000000008000350                EXTI2_IRQHandler
 .text.EXTI3_IRQHandler
                0x0000000008000374       0x24 Stm32_F103C6_Drivers/EXTI/Stm32_F103C6_EXTI_driver.o
                0x0000000008000374                EXTI3_IRQHandler
 .text.EXTI4_IRQHandler
                0x0000000008000398       0x24 Stm32_F103C6_Drivers/EXTI/Stm32_F103C6_EXTI_driver.o
                0x0000000008000398                EXTI4_IRQHandler
 .text.EXTI9_5_IRQHandler
                0x00000000080003bc       0xa8 Stm32_F103C6_Drivers/EXTI/Stm32_F103C6_EXTI_driver.o
                0x00000000080003bc                EXTI9_5_IRQHandler
 .text.EXTI15_10_IRQHandler
                0x0000000008000464       0xc4 Stm32_F103C6_Drivers/EXTI/Stm32_F103C6_EXTI_driver.o
                0x0000000008000464                EXTI15_10_IRQHandler
 .text.__libc_init_array
                0x0000000008000528       0x48 c:/st/stm32cubeide_1.4.0/stm32cubeide/plugins/com.st.stm32cube.ide.mcu.externaltools.gnu-tools-for-stm32.7-2018-q2-update.win32_1.4.0.202007081208/tools/bin/../lib/gcc/arm-none-eabi/7.3.1/../../../../arm-none-eabi/lib/thumb/v7-m\libc_nano.a(lib_a-init.o)
                0x0000000008000528                __libc_init_array
 *(.glue_7)
 .glue_7        0x0000000008000570        0x0 linker stubs
 *(.glue_7t)
 .glue_7t       0x0000000008000570        0x0 linker stubs
 *(.eh_frame)
 .eh_frame      0x0000000008000570        0x0 c:/st/stm32cubeide_1.4.0/stm32cubeide/plugins/com.st.stm32cube.ide.mcu.externaltools.gnu-tools-for-stm32.7-2018-q2-update.win32_1.4.0.202007081208/tools/bin/../lib/gcc/arm-none-eabi/7.3.1/thumb/v7-m/crtbegin.o
 *(.init)
 .init          0x0000000008000570        0x4 c:/st/stm32cubeide_1.4.0/stm32cubeide/plugins/com.st.stm32cube.ide.mcu.externaltools.gnu-tools-for-stm32.7-2018-q2-update.win32_1.4.0.202007081208/tools/bin/../lib/gcc/arm-none-eabi/7.3.1/thumb/v7-m/crti.o
                0x0000000008000570                _init
 .init          0x0000000008000574        0x8 c:/st/stm32cubeide_1.4.0/stm32cubeide/plugins/com.st.stm32cube.ide.mcu.externaltools.gnu-tools-for-stm32.7-2018-q2-update.win32_1.4.0.202007081208/tools/bin/../lib/gcc/arm-none-eabi/7.3.1/thumb/v7-m/crtn.o
 *(.fini)
 .fini          0x000000000800057c        0x4 c:/st/stm32cubeide_1.4.0/stm32cubeide/plugins/com.st.stm32cube.ide.mcu.externaltools.gnu-tools-for-stm32.7-2018-q2-update.win32_1.4.0.202007081208/tools/bin/../lib/gcc/arm-none-eabi/7.3.1/thumb/v7-m/crti.o
                0x000000000800057c                _fini
 .fini          0x0000000008000580        0x8 c:/st/stm32cubeide_1.4.0/stm32cubeide/plugins/com.st.stm32cube.ide.mcu.externaltools.gnu-tools-for-stm32.7-2018-q2-update.win32_1.4.0.202007081208/tools/bin/../lib/gcc/arm-none-eabi/7.3.1/thumb/v7-m/crtn.o
                0x0000000008000588                . = ALIGN (0x4)
                0x0000000008000588                _etext = .

.vfp11_veneer   0x0000000008000588        0x0
 .vfp11_veneer  0x0000000008000588        0x0 linker stubs

.v4_bx          0x0000000008000588        0x0
 .v4_bx         0x0000000008000588        0x0 linker stubs

.iplt           0x0000000008000588        0x0
 .iplt          0x0000000008000588        0x0 c:/st/stm32cubeide_1.4.0/stm32cubeide/plugins/com.st.stm32cube.ide.mcu.externaltools.gnu-tools-for-stm32.7-2018-q2-update.win32_1.4.0.202007081208/tools/bin/../lib/gcc/arm-none-eabi/7.3.1/thumb/v7-m/crtbegin.o

.rel.dyn        0x0000000008000588        0x0
 .rel.iplt      0x0000000008000588        0x0 c:/st/stm32cubeide_1.4.0/stm32cubeide/plugins/com.st.stm32cube.ide.mcu.externaltools.gnu-tools-for-stm32.7-2018-q2-update.win32_1.4.0.202007081208/tools/bin/../lib/gcc/arm-none-eabi/7.3.1/thumb/v7-m/crtbegin.o

.rodata         0x0000000008000588        0x0
                0x0000000008000588                . = ALIGN (0x4)
 *(.rodata)
 *(.rodata*)
                0x0000000008000588                . = ALIGN (0x4)

.ARM.extab      0x0000000008000588        0x0
                0x0000000008000588                . = ALIGN (0x4)
 *(.ARM.extab* .gnu.linkonce.armextab.*)
                0x0000000008000588                . = ALIGN (0x4)

.ARM            0x0000000008000588        0x0
                0x0000000008000588                . = ALIGN (0x4)
                0x0000000008000588                __exidx_start = .
 *(.ARM.exidx*)
                0x0000000008000588                __exidx_end = .
                0x0000000008000588                . = ALIGN (0x4)

.preinit_array  0x0000000008000588        0x0
                0x0000000008000588                . = ALIGN (0x4)
                0x0000000008000588                PROVIDE (__preinit_array_start = .)
 *(.preinit_array*)
                0x0000000008000588                PROVIDE (__preinit_array_end = .)
                0x0000000008000588                . = ALIGN (0x4)

.init_array     0x0000000008000588        0x4
                0x0000000008000588                . = ALIGN (0x4)
                0x0000000008000588                PROVIDE (__init_array_start = .)
 *(SORT_BY_NAME(.init_array.*))
 *(.init_array*)
 .init_array    0x0000000008000588        0x4 c:/st/stm32cubeide_1.4.0/stm32cubeide/plugins/com.st.stm32cube.ide.mcu.externaltools.gnu-tools-for-stm32.7-2018-q2-update.win32_1.4.0.202007081208/tools/bin/../lib/gcc/arm-none-eabi/7.3.1/thumb/v7-m/crtbegin.o
                0x000000000800058c                PROVIDE (__init_array_end = .)
                0x000000000800058c                . = ALIGN (0x4)

.fini_array     0x000000000800058c        0x4
                0x000000000800058c                . = ALIGN (0x4)
                [!provide]                        PROVIDE (__fini_array_start = .)
 *(SORT_BY_NAME(.fini_array.*))
 *(.fini_array*)
 .fini_array    0x000000000800058c        0x4 c:/st/stm32cubeide_1.4.0/stm32cubeide/plugins/com.st.stm32cube.ide.mcu.externaltools.gnu-tools-for-stm32.7-2018-q2-update.win32_1.4.0.202007081208/tools/bin/../lib/gcc/arm-none-eabi/7.3.1/thumb/v7-m/crtbegin.o
                [!provide]                        PROVIDE (__fini_array_end = .)
                0x0000000008000590                . = ALIGN (0x4)
                0x0000000008000590                _sidata = LOADADDR (.data)

.data           0x0000000020000000        0x0 load address 0x0000000008000590
                0x0000000020000000                . = ALIGN (0x4)
                0x0000000020000000                _sdata = .
 *(.data)
 *(.data*)
                0x0000000020000000                . = ALIGN (0x4)
                0x0000000020000000                _edata = .

.igot.plt       0x0000000020000000        0x0 load address 0x0000000008000590
 .igot.plt      0x0000000020000000        0x0 c:/st/stm32cubeide_1.4.0/stm32cubeide/plugins/com.st.stm32cube.ide.mcu.externaltools.gnu-tools-for-stm32.7-2018-q2-update.win32_1.4.0.202007081208/tools/bin/../lib/gcc/arm-none-eabi/7.3.1/thumb/v7-m/crtbegin.o
                0x0000000020000000                . = ALIGN (0x4)

.bss            0x0000000020000000       0x5c load address 0x0000000008000590
                0x0000000020000000                _sbss = .
                0x0000000020000000                __bss_start__ = _sbss
 *(.bss)
 .bss           0x0000000020000000       0x1c c:/st/stm32cubeide_1.4.0/stm32cubeide/plugins/com.st.stm32cube.ide.mcu.externaltools.gnu-tools-for-stm32.7-2018-q2-update.win32_1.4.0.202007081208/tools/bin/../lib/gcc/arm-none-eabi/7.3.1/thumb/v7-m/crtbegin.o
 *(.bss*)
 .bss.IRQ_Flag  0x000000002000001c        0x2 Src/main.o
                0x000000002000001c                IRQ_Flag
 *(COMMON)
 *fill*         0x000000002000001e        0x2 
 COMMON         0x0000000020000020       0x3c Stm32_F103C6_Drivers/EXTI/Stm32_F103C6_EXTI_driver.o
                0x0000000020000020                GP_IRQ_CallBack
                0x000000002000005c                . = ALIGN (0x4)
                0x000000002000005c                _ebss = .
                0x000000002000005c                __bss_end__ = _ebss

._user_heap_stack
                0x000000002000005c      0x604 load address 0x0000000008000590
                0x0000000020000060                . = ALIGN (0x8)
 *fill*         0x000000002000005c        0x4 
                [!provide]                        PROVIDE (end = .)
                0x0000000020000060                PROVIDE (_end = .)
                0x0000000020000260                . = (. + _Min_Heap_Size)
 *fill*         0x0000000020000060      0x200 
                0x0000000020000660                . = (. + _Min_Stack_Size)
 *fill*         0x0000000020000260      0x400 
                0x0000000020000660                . = ALIGN (0x8)

/DISCARD/
 libc.a(*)
 libm.a(*)
 libgcc.a(*)

.ARM.attributes
                0x0000000000000000       0x29
 *(.ARM.attributes)
 .ARM.attributes
                0x0000000000000000       0x1d c:/st/stm32cubeide_1.4.0/stm32cubeide/plugins/com.st.stm32cube.ide.mcu.externaltools.gnu-tools-for-stm32.7-2018-q2-update.win32_1.4.0.202007081208/tools/bin/../lib/gcc/arm-none-eabi/7.3.1/thumb/v7-m/crti.o
 .ARM.attributes
                0x000000000000001d       0x2d c:/st/stm32cubeide_1.4.0/stm32cubeide/plugins/com.st.stm32cube.ide.mcu.externaltools.gnu-tools-for-stm32.7-2018-q2-update.win32_1.4.0.202007081208/tools/bin/../lib/gcc/arm-none-eabi/7.3.1/thumb/v7-m/crtbegin.o
 .ARM.attributes
                0x000000000000004a       0x33 Src/main.o
 .ARM.attributes
                0x000000000000007d       0x21 Startup/startup_stm32f103c6tx.o
 .ARM.attributes
                0x000000000000009e       0x33 Stm32_F103C6_Drivers/EXTI/Stm32_F103C6_EXTI_driver.o
 .ARM.attributes
                0x00000000000000d1       0x2d c:/st/stm32cubeide_1.4.0/stm32cubeide/plugins/com.st.stm32cube.ide.mcu.externaltools.gnu-tools-for-stm32.7-2018-q2-update.win32_1.4.0.202007081208/tools/bin/../lib/gcc/arm-none-eabi/7.3.1/../../../../arm-none-eabi/lib/thumb/v7-m\libc_nano.a(lib_a-init.o)
 .ARM.attributes
                0x00000000000000fe       0x1d c:/st/stm32cubeide_1.4.0/stm32cubeide/plugins/com.st.stm32cube.ide.mcu.externaltools.gnu-tools-for-stm32.7-2018-q2-update.win32_1.4.0.202007081208/tools/bin/../lib/gcc/arm-none-eabi/7.3.1/thumb/v7-m/crtn.o
OUTPUT(Drivers2_EXTI.axf elf32-littlearm)

.debug_info     0x0000000000000000     0x1c07
 .debug_info    0x0000000000000000      0xe26 Src/main.o
 .debug_info    0x0000000000000e26       0x22 Startup/startup_stm32f103c6tx.o
 .debug_info    0x0000000000000e48      0xdbf Stm32_F103C6_Drivers/EXTI/Stm32_F103C6_EXTI_driver.o

.debug_abbrev   0x0000000000000000      0x46d
 .debug_abbrev  0x0000000000000000      0x24b Src/main.o
 .debug_abbrev  0x000000000000024b       0x12 Startup/startup_stm32f103c6tx.o
 .debug_abbrev  0x000000000000025d      0x210 Stm32_F103C6_Drivers/EXTI/Stm32_F103C6_EXTI_driver.o

.debug_loc      0x0000000000000000      0x570
 .debug_loc     0x0000000000000000      0x250 Src/main.o
 .debug_loc     0x0000000000000250      0x320 Stm32_F103C6_Drivers/EXTI/Stm32_F103C6_EXTI_driver.o

.debug_aranges  0x0000000000000000      0x108
 .debug_aranges
                0x0000000000000000       0x60 Src/main.o
 .debug_aranges
                0x0000000000000060       0x28 Startup/startup_stm32f103c6tx.o
 .debug_aranges
                0x0000000000000088       0x80 Stm32_F103C6_Drivers/EXTI/Stm32_F103C6_EXTI_driver.o

.debug_ranges   0x0000000000000000       0xe0
 .debug_ranges  0x0000000000000000       0x50 Src/main.o
 .debug_ranges  0x0000000000000050       0x20 Startup/startup_stm32f103c6tx.o
 .debug_ranges  0x0000000000000070       0x70 Stm32_F103C6_Drivers/EXTI/Stm32_F103C6_EXTI_driver.o

.debug_macro    0x0000000000000000     0x1a34
 .debug_macro   0x0000000000000000      0x20d Src/main.o
 .debug_macro   0x000000000000020d       0x28 Src/main.o
 .debug_macro   0x0000000000000235       0x8e Src/main.o
 .debug_macro   0x00000000000002c3       0x51 Src/main.o
 .debug_macro   0x0000000000000314       0x1c Src/main.o
 .debug_macro   0x0000000000000330       0x22 Src/main.o
 .debug_macro   0x0000000000000352       0xe5 Src/main.o
 .debug_macro   0x0000000000000437      0xe3c Src/main.o
 .debug_macro   0x0000000000001273       0x46 Src/main.o
 .debug_macro   0x00000000000012b9      0x32a Src/main.o
 .debug_macro   0x00000000000015e3      0x229 Src/main.o
 .debug_macro   0x000000000000180c      0x152 Stm32_F103C6_Drivers/EXTI/Stm32_F103C6_EXTI_driver.o
 .debug_macro   0x000000000000195e       0xd6 Stm32_F103C6_Drivers/EXTI/Stm32_F103C6_EXTI_driver.o

.debug_line     0x0000000000000000      0xf3f
 .debug_line    0x0000000000000000      0x768 Src/main.o
 .debug_line    0x0000000000000768       0x84 Startup/startup_stm32f103c6tx.o
 .debug_line    0x00000000000007ec      0x753 Stm32_F103C6_Drivers/EXTI/Stm32_F103C6_EXTI_driver.o

.debug_str      0x0000000000000000     0xebc8
 .debug_str     0x0000000000000000     0xe8ba Src/main.o
                                       0xeb34 (size before relaxing)
 .debug_str     0x000000000000e8ba       0x31 Startup/startup_stm32f103c6tx.o
                                         0x74 (size before relaxing)
 .debug_str     0x000000000000e8eb      0x2dd Stm32_F103C6_Drivers/EXTI/Stm32_F103C6_EXTI_driver.o
                                       0x9026 (size before relaxing)

.comment        0x0000000000000000       0x7b
 .comment       0x0000000000000000       0x7b Src/main.o
                                         0x7c (size before relaxing)
 .comment       0x000000000000007b       0x7c Stm32_F103C6_Drivers/EXTI/Stm32_F103C6_EXTI_driver.o

.debug_frame    0x0000000000000000      0x314
 .debug_frame   0x0000000000000000      0x138 Src/main.o
 .debug_frame   0x0000000000000138      0x1b0 Stm32_F103C6_Drivers/EXTI/Stm32_F103C6_EXTI_driver.o
 .debug_frame   0x00000000000002e8       0x2c c:/st/stm32cubeide_1.4.0/stm32cubeide/plugins/com.st.stm32cube.ide.mcu.externaltools.gnu-tools-for-stm32.7-2018-q2-update.win32_1.4.0.202007081208/tools/bin/../lib/gcc/arm-none-eabi/7.3.1/../../../../arm-none-eabi/lib/thumb/v7-m\libc_nano.a(lib_a-init.o)
