Archive member included because of file (symbol)

c:/winavr-20100110/bin/../lib/gcc/avr/4.3.3/avr5\libgcc.a(_udivmodhi4.o)
                              ./HAL/Lcd/Lcd.o (__udivmodhi4)
c:/winavr-20100110/bin/../lib/gcc/avr/4.3.3/avr5\libgcc.a(_exit.o)
                              c:/winavr-20100110/bin/../lib/gcc/avr/4.3.3/../../../../avr/lib/avr5/crtm32.o (exit)
c:/winavr-20100110/bin/../lib/gcc/avr/4.3.3/avr5\libgcc.a(_copy_data.o)
                              ./MCAL/UART/UART.o (__do_copy_data)
c:/winavr-20100110/bin/../lib/gcc/avr/4.3.3/avr5\libgcc.a(_clear_bss.o)
                              ./MCAL/UART/UART.o (__do_clear_bss)
c:/winavr-20100110/bin/../lib/gcc/avr/4.3.3/avr5\libgcc.a(_fixunssfsi.o)
                              ./HAL/Lcd/Lcd.o (__fixunssfsi)
c:/winavr-20100110/bin/../lib/gcc/avr/4.3.3/avr5\libgcc.a(_addsub_sf.o)
                              c:/winavr-20100110/bin/../lib/gcc/avr/4.3.3/avr5\libgcc.a(_fixunssfsi.o) (__subsf3)
c:/winavr-20100110/bin/../lib/gcc/avr/4.3.3/avr5\libgcc.a(_mul_sf.o)
                              ./HAL/Lcd/Lcd.o (__mulsf3)
c:/winavr-20100110/bin/../lib/gcc/avr/4.3.3/avr5\libgcc.a(_div_sf.o)
                              ./HAL/Lcd/Lcd.o (__divsf3)
c:/winavr-20100110/bin/../lib/gcc/avr/4.3.3/avr5\libgcc.a(_gt_sf.o)
                              ./HAL/Lcd/Lcd.o (__gtsf2)
c:/winavr-20100110/bin/../lib/gcc/avr/4.3.3/avr5\libgcc.a(_ge_sf.o)
                              c:/winavr-20100110/bin/../lib/gcc/avr/4.3.3/avr5\libgcc.a(_fixunssfsi.o) (__gesf2)
c:/winavr-20100110/bin/../lib/gcc/avr/4.3.3/avr5\libgcc.a(_lt_sf.o)
                              ./HAL/Lcd/Lcd.o (__ltsf2)
c:/winavr-20100110/bin/../lib/gcc/avr/4.3.3/avr5\libgcc.a(_sf_to_si.o)
                              c:/winavr-20100110/bin/../lib/gcc/avr/4.3.3/avr5\libgcc.a(_fixunssfsi.o) (__fixsfsi)
c:/winavr-20100110/bin/../lib/gcc/avr/4.3.3/avr5\libgcc.a(_thenan_sf.o)
                              c:/winavr-20100110/bin/../lib/gcc/avr/4.3.3/avr5\libgcc.a(_addsub_sf.o) (__thenan_sf)
c:/winavr-20100110/bin/../lib/gcc/avr/4.3.3/avr5\libgcc.a(_prologue.o)
                              c:/winavr-20100110/bin/../lib/gcc/avr/4.3.3/avr5\libgcc.a(_addsub_sf.o) (__prologue_saves__)
c:/winavr-20100110/bin/../lib/gcc/avr/4.3.3/avr5\libgcc.a(_epilogue.o)
                              c:/winavr-20100110/bin/../lib/gcc/avr/4.3.3/avr5\libgcc.a(_addsub_sf.o) (__epilogue_restores__)
c:/winavr-20100110/bin/../lib/gcc/avr/4.3.3/avr5\libgcc.a(_pack_sf.o)
                              c:/winavr-20100110/bin/../lib/gcc/avr/4.3.3/avr5\libgcc.a(_addsub_sf.o) (__pack_f)
c:/winavr-20100110/bin/../lib/gcc/avr/4.3.3/avr5\libgcc.a(_unpack_sf.o)
                              c:/winavr-20100110/bin/../lib/gcc/avr/4.3.3/avr5\libgcc.a(_addsub_sf.o) (__unpack_f)
c:/winavr-20100110/bin/../lib/gcc/avr/4.3.3/avr5\libgcc.a(_fpcmp_parts_sf.o)
                              c:/winavr-20100110/bin/../lib/gcc/avr/4.3.3/avr5\libgcc.a(_gt_sf.o) (__fpcmp_parts_f)

Memory Configuration

Name             Origin             Length             Attributes
text             0x00000000         0x00020000         xr
data             0x00800060         0x0000ffa0         rw !x
eeprom           0x00810000         0x00010000         rw !x
fuse             0x00820000         0x00000400         rw !x
lock             0x00830000         0x00000400         rw !x
signature        0x00840000         0x00000400         rw !x
*default*        0x00000000         0xffffffff

Linker script and memory map

LOAD c:/winavr-20100110/bin/../lib/gcc/avr/4.3.3/../../../../avr/lib/avr5/crtm32.o
LOAD ./MCAL/UART/UART.o
LOAD ./MCAL/Timer/Timer.o
LOAD ./MCAL/SPI/SPI.o
LOAD ./MCAL/EXT_INTERRUPTS/EXT_INTERRUPTS.o
LOAD ./MCAL/Dio/Dio_prog.o
LOAD ./HAL/Lcd/Lcd.o
LOAD ./HAL/KPD/KPD_program.o
LOAD ./APP/main.o
LOAD c:/winavr-20100110/bin/../lib/gcc/avr/4.3.3/avr5\libgcc.a
LOAD c:/winavr-20100110/bin/../lib/gcc/avr/4.3.3/../../../../avr/lib/avr5\libc.a
LOAD c:/winavr-20100110/bin/../lib/gcc/avr/4.3.3/avr5\libgcc.a

.hash
 *(.hash)

.dynsym
 *(.dynsym)

.dynstr
 *(.dynstr)

.gnu.version
 *(.gnu.version)

.gnu.version_d
 *(.gnu.version_d)

.gnu.version_r
 *(.gnu.version_r)

.rel.init
 *(.rel.init)

.rela.init
 *(.rela.init)

.rel.text
 *(.rel.text)
 *(.rel.text.*)
 *(.rel.gnu.linkonce.t*)

.rela.text
 *(.rela.text)
 *(.rela.text.*)
 *(.rela.gnu.linkonce.t*)

.rel.fini
 *(.rel.fini)

.rela.fini
 *(.rela.fini)

.rel.rodata
 *(.rel.rodata)
 *(.rel.rodata.*)
 *(.rel.gnu.linkonce.r*)

.rela.rodata
 *(.rela.rodata)
 *(.rela.rodata.*)
 *(.rela.gnu.linkonce.r*)

.rel.data
 *(.rel.data)
 *(.rel.data.*)
 *(.rel.gnu.linkonce.d*)

.rela.data
 *(.rela.data)
 *(.rela.data.*)
 *(.rela.gnu.linkonce.d*)

.rel.ctors
 *(.rel.ctors)

.rela.ctors
 *(.rela.ctors)

.rel.dtors
 *(.rel.dtors)

.rela.dtors
 *(.rela.dtors)

.rel.got
 *(.rel.got)

.rela.got
 *(.rela.got)

.rel.bss
 *(.rel.bss)

.rela.bss
 *(.rela.bss)

.rel.plt
 *(.rel.plt)

.rela.plt
 *(.rela.plt)

.text           0x00000000     0x37d4
 *(.vectors)
 .vectors       0x00000000       0x54 c:/winavr-20100110/bin/../lib/gcc/avr/4.3.3/../../../../avr/lib/avr5/crtm32.o
                0x00000000                __vectors
                0x00000000                __vector_default
 *(.vectors)
 *(.progmem.gcc*)
 *(.progmem*)
                0x00000054                . = ALIGN (0x2)
                0x00000054                __trampolines_start = .
 *(.trampolines)
 .trampolines   0x00000054        0x0 linker stubs
 *(.trampolines*)
                0x00000054                __trampolines_end = .
 *(.jumptables)
 *(.jumptables*)
 *(.lowtext)
 *(.lowtext*)
                0x00000054                __ctors_start = .
 *(.ctors)
                0x00000054                __ctors_end = .
                0x00000054                __dtors_start = .
 *(.dtors)
                0x00000054                __dtors_end = .
 SORT(*)(.ctors)
 SORT(*)(.dtors)
 *(.init0)
 .init0         0x00000054        0x0 c:/winavr-20100110/bin/../lib/gcc/avr/4.3.3/../../../../avr/lib/avr5/crtm32.o
                0x00000054                __init
 *(.init0)
 *(.init1)
 *(.init1)
 *(.init2)
 .init2         0x00000054        0xc c:/winavr-20100110/bin/../lib/gcc/avr/4.3.3/../../../../avr/lib/avr5/crtm32.o
 *(.init2)
 *(.init3)
 *(.init3)
 *(.init4)
 .init4         0x00000060       0x16 c:/winavr-20100110/bin/../lib/gcc/avr/4.3.3/avr5\libgcc.a(_copy_data.o)
                0x00000060                __do_copy_data
 .init4         0x00000076       0x10 c:/winavr-20100110/bin/../lib/gcc/avr/4.3.3/avr5\libgcc.a(_clear_bss.o)
                0x00000076                __do_clear_bss
 *(.init4)
 *(.init5)
 *(.init5)
 *(.init6)
 *(.init6)
 *(.init7)
 *(.init7)
 *(.init8)
 *(.init8)
 *(.init9)
 .init9         0x00000086        0x8 c:/winavr-20100110/bin/../lib/gcc/avr/4.3.3/../../../../avr/lib/avr5/crtm32.o
 *(.init9)
 *(.text)
 .text          0x0000008e        0x4 c:/winavr-20100110/bin/../lib/gcc/avr/4.3.3/../../../../avr/lib/avr5/crtm32.o
                0x0000008e                __vector_12
                0x0000008e                __bad_interrupt
                0x0000008e                __vector_6
                0x0000008e                __vector_17
                0x0000008e                __vector_19
                0x0000008e                __vector_7
                0x0000008e                __vector_5
                0x0000008e                __vector_4
                0x0000008e                __vector_9
                0x0000008e                __vector_8
                0x0000008e                __vector_14
                0x0000008e                __vector_10
                0x0000008e                __vector_16
                0x0000008e                __vector_18
                0x0000008e                __vector_20
 .text          0x00000092        0x0 ./MCAL/UART/UART.o
 .text          0x00000092        0x0 ./MCAL/Timer/Timer.o
 .text          0x00000092        0x0 ./MCAL/SPI/SPI.o
 .text          0x00000092        0x0 ./MCAL/EXT_INTERRUPTS/EXT_INTERRUPTS.o
 .text          0x00000092        0x0 ./MCAL/Dio/Dio_prog.o
 .text          0x00000092        0x0 ./HAL/Lcd/Lcd.o
 .text          0x00000092        0x0 ./HAL/KPD/KPD_program.o
 .text          0x00000092        0x0 ./APP/main.o
 .text          0x00000092        0x0 c:/winavr-20100110/bin/../lib/gcc/avr/4.3.3/avr5\libgcc.a(_udivmodhi4.o)
 .text          0x00000092        0x0 c:/winavr-20100110/bin/../lib/gcc/avr/4.3.3/avr5\libgcc.a(_exit.o)
 .text          0x00000092        0x0 c:/winavr-20100110/bin/../lib/gcc/avr/4.3.3/avr5\libgcc.a(_copy_data.o)
 .text          0x00000092        0x0 c:/winavr-20100110/bin/../lib/gcc/avr/4.3.3/avr5\libgcc.a(_clear_bss.o)
 .text          0x00000092       0x58 c:/winavr-20100110/bin/../lib/gcc/avr/4.3.3/avr5\libgcc.a(_fixunssfsi.o)
                0x00000092                __fixunssfsi
 .text          0x000000ea      0x354 c:/winavr-20100110/bin/../lib/gcc/avr/4.3.3/avr5\libgcc.a(_addsub_sf.o)
                0x00000382                __subsf3
                0x000003e4                __addsf3
 .text          0x0000043e      0x1f4 c:/winavr-20100110/bin/../lib/gcc/avr/4.3.3/avr5\libgcc.a(_mul_sf.o)
                0x0000043e                __mulsf3
 .text          0x00000632      0x158 c:/winavr-20100110/bin/../lib/gcc/avr/4.3.3/avr5\libgcc.a(_div_sf.o)
                0x00000632                __divsf3
 .text          0x0000078a       0x60 c:/winavr-20100110/bin/../lib/gcc/avr/4.3.3/avr5\libgcc.a(_gt_sf.o)
                0x0000078a                __gtsf2
 .text          0x000007ea       0x60 c:/winavr-20100110/bin/../lib/gcc/avr/4.3.3/avr5\libgcc.a(_ge_sf.o)
                0x000007ea                __gesf2
 .text          0x0000084a       0x60 c:/winavr-20100110/bin/../lib/gcc/avr/4.3.3/avr5\libgcc.a(_lt_sf.o)
                0x0000084a                __ltsf2
 .text          0x000008aa       0xa8 c:/winavr-20100110/bin/../lib/gcc/avr/4.3.3/avr5\libgcc.a(_sf_to_si.o)
                0x000008aa                __fixsfsi
 .text          0x00000952        0x0 c:/winavr-20100110/bin/../lib/gcc/avr/4.3.3/avr5\libgcc.a(_thenan_sf.o)
 .text          0x00000952        0x0 c:/winavr-20100110/bin/../lib/gcc/avr/4.3.3/avr5\libgcc.a(_prologue.o)
 .text          0x00000952        0x0 c:/winavr-20100110/bin/../lib/gcc/avr/4.3.3/avr5\libgcc.a(_epilogue.o)
 .text          0x00000952      0x1aa c:/winavr-20100110/bin/../lib/gcc/avr/4.3.3/avr5\libgcc.a(_pack_sf.o)
                0x00000952                __pack_f
 .text          0x00000afc       0xf0 c:/winavr-20100110/bin/../lib/gcc/avr/4.3.3/avr5\libgcc.a(_unpack_sf.o)
                0x00000afc                __unpack_f
 .text          0x00000bec       0xb2 c:/winavr-20100110/bin/../lib/gcc/avr/4.3.3/avr5\libgcc.a(_fpcmp_parts_sf.o)
                0x00000bec                __fpcmp_parts_f
                0x00000c9e                . = ALIGN (0x2)
 *(.text.*)
 .text.UART_Init
                0x00000c9e       0xaa ./MCAL/UART/UART.o
                0x00000c9e                UART_Init
 .text.UART_SendByteNoBlock
                0x00000d48       0x1c ./MCAL/UART/UART.o
                0x00000d48                UART_SendByteNoBlock
 .text.UART_ReceiveByteNoBlock
                0x00000d64       0x14 ./MCAL/UART/UART.o
                0x00000d64                UART_ReceiveByteNoBlock
 .text.UART_Send_Char
                0x00000d78       0x34 ./MCAL/UART/UART.o
                0x00000d78                UART_Send_Char
 .text.UART_Receive_Char
                0x00000dac       0x1e ./MCAL/UART/UART.o
                0x00000dac                UART_Receive_Char
 .text.UART_Send_String
                0x00000dca       0x58 ./MCAL/UART/UART.o
                0x00000dca                UART_Send_String
 .text.UART_Receive_String
                0x00000e22       0x86 ./MCAL/UART/UART.o
                0x00000e22                UART_Receive_String
 .text.UART_RX_InterruptEnable
                0x00000ea8       0x1c ./MCAL/UART/UART.o
                0x00000ea8                UART_RX_InterruptEnable
 .text.UART_TX_InterruptEnable
                0x00000ec4       0x1c ./MCAL/UART/UART.o
                0x00000ec4                UART_TX_InterruptEnable
 .text.UART_RX_InterruptDisable
                0x00000ee0       0x1c ./MCAL/UART/UART.o
                0x00000ee0                UART_RX_InterruptDisable
 .text.UART_TX_InterruptDisable
                0x00000efc       0x1c ./MCAL/UART/UART.o
                0x00000efc                UART_TX_InterruptDisable
 .text.UART_RX_SetCallBack
                0x00000f18       0x24 ./MCAL/UART/UART.o
                0x00000f18                UART_RX_SetCallBack
 .text.UART_TX_SetCallBack
                0x00000f3c       0x24 ./MCAL/UART/UART.o
                0x00000f3c                UART_TX_SetCallBack
 .text.__vector_15
                0x00000f60       0x66 ./MCAL/UART/UART.o
                0x00000f60                __vector_15
 .text.__vector_13
                0x00000fc6       0x66 ./MCAL/UART/UART.o
                0x00000fc6                __vector_13
 .text.UART_Receive_NoBlock
                0x0000102c       0x3e ./MCAL/UART/UART.o
                0x0000102c                UART_Receive_NoBlock
 .text.UART_SendString_ASYNCH
                0x0000106a       0x3a ./MCAL/UART/UART.o
                0x0000106a                UART_SendString_ASYNCH
 .text.Func_TX  0x000010a4       0x5c ./MCAL/UART/UART.o
 .text.UART_ReceiveString_ASYNCH
                0x00001100       0x30 ./MCAL/UART/UART.o
                0x00001100                UART_ReceiveString_ASYNCH
 .text.Receive_Int_Function
                0x00001130       0x3e ./MCAL/UART/UART.o
 .text.Timer0_Init
                0x0000116e      0x1b2 ./MCAL/Timer/Timer.o
                0x0000116e                Timer0_Init
 .text.Timer0_OVInterrupt_Enable
                0x00001320       0x1c ./MCAL/Timer/Timer.o
                0x00001320                Timer0_OVInterrupt_Enable
 .text.Timer0_OVInterrupt_Disable
                0x0000133c       0x1c ./MCAL/Timer/Timer.o
                0x0000133c                Timer0_OVInterrupt_Disable
 .text.Timer0_OVF_SetCallBack
                0x00001358       0x24 ./MCAL/Timer/Timer.o
                0x00001358                Timer0_OVF_SetCallBack
 .text.__vector_11
                0x0000137c       0x66 ./MCAL/Timer/Timer.o
                0x0000137c                __vector_11
 .text.SPI_Master_Init
                0x000013e2       0x60 ./MCAL/SPI/SPI.o
                0x000013e2                SPI_Master_Init
 .text.SPI_Master_Transmit
                0x00001442       0x2c ./MCAL/SPI/SPI.o
                0x00001442                SPI_Master_Transmit
 .text.EXI_Set_CallBack
                0x0000146e       0x72 ./MCAL/EXT_INTERRUPTS/EXT_INTERRUPTS.o
                0x0000146e                EXI_Set_CallBack
 .text.EXI_ENABLE
                0x000014e0       0x6e ./MCAL/EXT_INTERRUPTS/EXT_INTERRUPTS.o
                0x000014e0                EXI_ENABLE
 .text.EXI_DISABLE
                0x0000154e       0x6e ./MCAL/EXT_INTERRUPTS/EXT_INTERRUPTS.o
                0x0000154e                EXI_DISABLE
 .text.EXI_TriggerEdge
                0x000015bc      0x210 ./MCAL/EXT_INTERRUPTS/EXT_INTERRUPTS.o
                0x000015bc                EXI_TriggerEdge
 .text.__vector_1
                0x000017cc       0x66 ./MCAL/EXT_INTERRUPTS/EXT_INTERRUPTS.o
                0x000017cc                __vector_1
 .text.__vector_2
                0x00001832       0x66 ./MCAL/EXT_INTERRUPTS/EXT_INTERRUPTS.o
                0x00001832                __vector_2
 .text.__vector_3
                0x00001898       0x66 ./MCAL/EXT_INTERRUPTS/EXT_INTERRUPTS.o
                0x00001898                __vector_3
 .text.DIO_ES_tSetPinDirection
                0x000018fe      0x1de ./MCAL/Dio/Dio_prog.o
                0x000018fe                DIO_ES_tSetPinDirection
 .text.DIO_ES_tSetPinValue
                0x00001adc      0x1de ./MCAL/Dio/Dio_prog.o
                0x00001adc                DIO_ES_tSetPinValue
 .text.DIO_ES_tGetPinValue
                0x00001cba       0xf4 ./MCAL/Dio/Dio_prog.o
                0x00001cba                DIO_ES_tGetPinValue
 .text.DIO_ES_tSetPortDirection
                0x00001dae       0xdc ./MCAL/Dio/Dio_prog.o
                0x00001dae                DIO_ES_tSetPortDirection
 .text.DIO_ES_tSetPortValue
                0x00001e8a       0xdc ./MCAL/Dio/Dio_prog.o
                0x00001e8a                DIO_ES_tSetPortValue
 .text.DIO_ES_tTOGPin
                0x00001f66       0xea ./MCAL/Dio/Dio_prog.o
                0x00001f66                DIO_ES_tTOGPin
 .text.DIO_ES_tInit
                0x00002050      0x572 ./MCAL/Dio/Dio_prog.o
                0x00002050                DIO_ES_tInit
 .text.LCD_ES_tTrigger_Enable
                0x000025c2      0x334 ./HAL/Lcd/Lcd.o
 .text.Lcd_ES_tInit
                0x000028f6       0x2e ./HAL/Lcd/Lcd.o
                0x000028f6                Lcd_ES_tInit
 .text.lcd_ES_tclear
                0x00002924      0x112 ./HAL/Lcd/Lcd.o
                0x00002924                lcd_ES_tclear
 .text.Lcd_ES_tsendCmd
                0x00002a36      0x168 ./HAL/Lcd/Lcd.o
                0x00002a36                Lcd_ES_tsendCmd
 .text.Lcd_ES_tsendChar
                0x00002b9e      0x168 ./HAL/Lcd/Lcd.o
                0x00002b9e                Lcd_ES_tsendChar
 .text.Lcd_ES_tsendString
                0x00002d06       0x68 ./HAL/Lcd/Lcd.o
                0x00002d06                Lcd_ES_tsendString
 .text.Lcd_ES_tsendString_xy
                0x00002d6e       0x48 ./HAL/Lcd/Lcd.o
                0x00002d6e                Lcd_ES_tsendString_xy
 .text.Lcd_ES_tdisplayNum
                0x00002db6       0xc6 ./HAL/Lcd/Lcd.o
                0x00002db6                Lcd_ES_tdisplayNum
 .text.Lcd_ES_tdisplayNum_xy
                0x00002e7c      0x266 ./HAL/Lcd/Lcd.o
                0x00002e7c                Lcd_ES_tdisplayNum_xy
 .text.Lcd_ES_tsendChar_xy
                0x000030e2      0x262 ./HAL/Lcd/Lcd.o
                0x000030e2                Lcd_ES_tsendChar_xy
 .text.LCD_ES_tSet_Cursor_Pos
                0x00003344       0x66 ./HAL/Lcd/Lcd.o
 .text.LCD_ES_tGoTo
                0x000033aa       0x52 ./HAL/Lcd/Lcd.o
                0x000033aa                LCD_ES_tGoTo
 .text.KPD_ES_tGetKeyPressed
                0x000033fc      0x21e ./HAL/KPD/KPD_program.o
                0x000033fc                KPD_ES_tGetKeyPressed
 .text.main     0x0000361a      0x120 ./APP/main.o
                0x0000361a                main
 .text.libgcc   0x0000373a       0x28 c:/winavr-20100110/bin/../lib/gcc/avr/4.3.3/avr5\libgcc.a(_udivmodhi4.o)
                0x0000373a                __udivmodhi4
 .text.libgcc   0x00003762        0x0 c:/winavr-20100110/bin/../lib/gcc/avr/4.3.3/avr5\libgcc.a(_exit.o)
 .text.libgcc   0x00003762        0x0 c:/winavr-20100110/bin/../lib/gcc/avr/4.3.3/avr5\libgcc.a(_copy_data.o)
 .text.libgcc   0x00003762        0x0 c:/winavr-20100110/bin/../lib/gcc/avr/4.3.3/avr5\libgcc.a(_clear_bss.o)
 .text.libgcc   0x00003762       0x38 c:/winavr-20100110/bin/../lib/gcc/avr/4.3.3/avr5\libgcc.a(_prologue.o)
                0x00003762                __prologue_saves__
 .text.libgcc   0x0000379a       0x36 c:/winavr-20100110/bin/../lib/gcc/avr/4.3.3/avr5\libgcc.a(_epilogue.o)
                0x0000379a                __epilogue_restores__
                0x000037d0                . = ALIGN (0x2)
 *(.fini9)
 .fini9         0x000037d0        0x0 c:/winavr-20100110/bin/../lib/gcc/avr/4.3.3/avr5\libgcc.a(_exit.o)
                0x000037d0                exit
                0x000037d0                _exit
 *(.fini9)
 *(.fini8)
 *(.fini8)
 *(.fini7)
 *(.fini7)
 *(.fini6)
 *(.fini6)
 *(.fini5)
 *(.fini5)
 *(.fini4)
 *(.fini4)
 *(.fini3)
 *(.fini3)
 *(.fini2)
 *(.fini2)
 *(.fini1)
 *(.fini1)
 *(.fini0)
 .fini0         0x000037d0        0x4 c:/winavr-20100110/bin/../lib/gcc/avr/4.3.3/avr5\libgcc.a(_exit.o)
 *(.fini0)
                0x000037d4                _etext = .

.data           0x00800060       0xca load address 0x000037d4
                0x00800060                PROVIDE (__data_start, .)
 *(.data)
 .data          0x00800060        0x0 c:/winavr-20100110/bin/../lib/gcc/avr/4.3.3/../../../../avr/lib/avr5/crtm32.o
 .data          0x00800060        0x0 ./MCAL/UART/UART.o
 .data          0x00800060        0x0 ./MCAL/Timer/Timer.o
 .data          0x00800060        0x0 ./MCAL/SPI/SPI.o
 .data          0x00800060        0x0 ./MCAL/EXT_INTERRUPTS/EXT_INTERRUPTS.o
 .data          0x00800060        0x0 ./MCAL/Dio/Dio_prog.o
 .data          0x00800060        0x0 ./HAL/Lcd/Lcd.o
 .data          0x00800060        0x0 ./HAL/KPD/KPD_program.o
 .data          0x00800060        0x0 ./APP/main.o
 .data          0x00800060        0x0 c:/winavr-20100110/bin/../lib/gcc/avr/4.3.3/avr5\libgcc.a(_udivmodhi4.o)
 .data          0x00800060        0x0 c:/winavr-20100110/bin/../lib/gcc/avr/4.3.3/avr5\libgcc.a(_exit.o)
 .data          0x00800060        0x0 c:/winavr-20100110/bin/../lib/gcc/avr/4.3.3/avr5\libgcc.a(_copy_data.o)
 .data          0x00800060        0x0 c:/winavr-20100110/bin/../lib/gcc/avr/4.3.3/avr5\libgcc.a(_clear_bss.o)
 .data          0x00800060        0x0 c:/winavr-20100110/bin/../lib/gcc/avr/4.3.3/avr5\libgcc.a(_fixunssfsi.o)
 .data          0x00800060        0x0 c:/winavr-20100110/bin/../lib/gcc/avr/4.3.3/avr5\libgcc.a(_addsub_sf.o)
 .data          0x00800060        0x0 c:/winavr-20100110/bin/../lib/gcc/avr/4.3.3/avr5\libgcc.a(_mul_sf.o)
 .data          0x00800060        0x0 c:/winavr-20100110/bin/../lib/gcc/avr/4.3.3/avr5\libgcc.a(_div_sf.o)
 .data          0x00800060        0x0 c:/winavr-20100110/bin/../lib/gcc/avr/4.3.3/avr5\libgcc.a(_gt_sf.o)
 .data          0x00800060        0x0 c:/winavr-20100110/bin/../lib/gcc/avr/4.3.3/avr5\libgcc.a(_ge_sf.o)
 .data          0x00800060        0x0 c:/winavr-20100110/bin/../lib/gcc/avr/4.3.3/avr5\libgcc.a(_lt_sf.o)
 .data          0x00800060        0x0 c:/winavr-20100110/bin/../lib/gcc/avr/4.3.3/avr5\libgcc.a(_sf_to_si.o)
 .data          0x00800060        0x8 c:/winavr-20100110/bin/../lib/gcc/avr/4.3.3/avr5\libgcc.a(_thenan_sf.o)
                0x00800060                __thenan_sf
 .data          0x00800068        0x0 c:/winavr-20100110/bin/../lib/gcc/avr/4.3.3/avr5\libgcc.a(_prologue.o)
 .data          0x00800068        0x0 c:/winavr-20100110/bin/../lib/gcc/avr/4.3.3/avr5\libgcc.a(_epilogue.o)
 .data          0x00800068        0x0 c:/winavr-20100110/bin/../lib/gcc/avr/4.3.3/avr5\libgcc.a(_pack_sf.o)
 .data          0x00800068        0x0 c:/winavr-20100110/bin/../lib/gcc/avr/4.3.3/avr5\libgcc.a(_unpack_sf.o)
 .data          0x00800068        0x0 c:/winavr-20100110/bin/../lib/gcc/avr/4.3.3/avr5\libgcc.a(_fpcmp_parts_sf.o)
 *(.data*)
 .data.i.1392   0x00800068        0x1 ./MCAL/UART/UART.o
 .data.Dio_CfgPinsArray
                0x00800069       0x60 ./MCAL/Dio/Dio_prog.o
                0x00800069                Dio_CfgPinsArray
 *(.rodata)
 *(.rodata*)
 .rodata.BaudRateArray
                0x008000c9       0x48 ./MCAL/UART/UART.o
                0x008000c9                BaudRateArray
 .rodata.KPD_Au8Keys
                0x00800111       0x10 ./HAL/KPD/KPD_program.o
                0x00800111                KPD_Au8Keys
 .rodata.KPD_Au8RowsPins
                0x00800121        0x4 ./HAL/KPD/KPD_program.o
                0x00800121                KPD_Au8RowsPins
 .rodata.KPD_Au8ColsPins
                0x00800125        0x4 ./HAL/KPD/KPD_program.o
                0x00800125                KPD_Au8ColsPins
 *(.gnu.linkonce.d*)
                0x0080012a                . = ALIGN (0x2)
 *fill*         0x00800129        0x1 00
                0x0080012a                _edata = .
                0x0080012a                PROVIDE (__data_end, .)

.bss            0x0080012a       0x11
                0x0080012a                PROVIDE (__bss_start, .)
 *(.bss)
 .bss           0x0080012a        0x0 c:/winavr-20100110/bin/../lib/gcc/avr/4.3.3/../../../../avr/lib/avr5/crtm32.o
 .bss           0x0080012a        0x0 ./MCAL/UART/UART.o
 .bss           0x0080012a        0x0 ./MCAL/Timer/Timer.o
 .bss           0x0080012a        0x0 ./MCAL/SPI/SPI.o
 .bss           0x0080012a        0x0 ./MCAL/EXT_INTERRUPTS/EXT_INTERRUPTS.o
 .bss           0x0080012a        0x0 ./MCAL/Dio/Dio_prog.o
 .bss           0x0080012a        0x0 ./HAL/Lcd/Lcd.o
 .bss           0x0080012a        0x0 ./HAL/KPD/KPD_program.o
 .bss           0x0080012a        0x0 ./APP/main.o
 .bss           0x0080012a        0x0 c:/winavr-20100110/bin/../lib/gcc/avr/4.3.3/avr5\libgcc.a(_udivmodhi4.o)
 .bss           0x0080012a        0x0 c:/winavr-20100110/bin/../lib/gcc/avr/4.3.3/avr5\libgcc.a(_exit.o)
 .bss           0x0080012a        0x0 c:/winavr-20100110/bin/../lib/gcc/avr/4.3.3/avr5\libgcc.a(_copy_data.o)
 .bss           0x0080012a        0x0 c:/winavr-20100110/bin/../lib/gcc/avr/4.3.3/avr5\libgcc.a(_clear_bss.o)
 .bss           0x0080012a        0x0 c:/winavr-20100110/bin/../lib/gcc/avr/4.3.3/avr5\libgcc.a(_fixunssfsi.o)
 .bss           0x0080012a        0x0 c:/winavr-20100110/bin/../lib/gcc/avr/4.3.3/avr5\libgcc.a(_addsub_sf.o)
 .bss           0x0080012a        0x0 c:/winavr-20100110/bin/../lib/gcc/avr/4.3.3/avr5\libgcc.a(_mul_sf.o)
 .bss           0x0080012a        0x0 c:/winavr-20100110/bin/../lib/gcc/avr/4.3.3/avr5\libgcc.a(_div_sf.o)
 .bss           0x0080012a        0x0 c:/winavr-20100110/bin/../lib/gcc/avr/4.3.3/avr5\libgcc.a(_gt_sf.o)
 .bss           0x0080012a        0x0 c:/winavr-20100110/bin/../lib/gcc/avr/4.3.3/avr5\libgcc.a(_ge_sf.o)
 .bss           0x0080012a        0x0 c:/winavr-20100110/bin/../lib/gcc/avr/4.3.3/avr5\libgcc.a(_lt_sf.o)
 .bss           0x0080012a        0x0 c:/winavr-20100110/bin/../lib/gcc/avr/4.3.3/avr5\libgcc.a(_sf_to_si.o)
 .bss           0x0080012a        0x0 c:/winavr-20100110/bin/../lib/gcc/avr/4.3.3/avr5\libgcc.a(_thenan_sf.o)
 .bss           0x0080012a        0x0 c:/winavr-20100110/bin/../lib/gcc/avr/4.3.3/avr5\libgcc.a(_prologue.o)
 .bss           0x0080012a        0x0 c:/winavr-20100110/bin/../lib/gcc/avr/4.3.3/avr5\libgcc.a(_epilogue.o)
 .bss           0x0080012a        0x0 c:/winavr-20100110/bin/../lib/gcc/avr/4.3.3/avr5\libgcc.a(_pack_sf.o)
 .bss           0x0080012a        0x0 c:/winavr-20100110/bin/../lib/gcc/avr/4.3.3/avr5\libgcc.a(_unpack_sf.o)
 .bss           0x0080012a        0x0 c:/winavr-20100110/bin/../lib/gcc/avr/4.3.3/avr5\libgcc.a(_fpcmp_parts_sf.o)
 *(.bss*)
 .bss.i.1414    0x0080012a        0x1 ./MCAL/UART/UART.o
 .bss.Asynch_Send_Str
                0x0080012b        0x2 ./MCAL/UART/UART.o
 .bss.Asynch_receive_str
                0x0080012d        0x2 ./MCAL/UART/UART.o
 .bss.UART_RX_Fptr
                0x0080012f        0x2 ./MCAL/UART/UART.o
 .bss.UART_TX_Fptr
                0x00800131        0x2 ./MCAL/UART/UART.o
 .bss.Timer0_OVF_Fptr
                0x00800133        0x2 ./MCAL/Timer/Timer.o
 .bss.INT0_Fptr
                0x00800135        0x2 ./MCAL/EXT_INTERRUPTS/EXT_INTERRUPTS.o
 .bss.INT1_Fptr
                0x00800137        0x2 ./MCAL/EXT_INTERRUPTS/EXT_INTERRUPTS.o
 .bss.INT2_Fptr
                0x00800139        0x2 ./MCAL/EXT_INTERRUPTS/EXT_INTERRUPTS.o
 *(COMMON)
                0x0080013b                PROVIDE (__bss_end, .)
                0x000037d4                __data_load_start = LOADADDR (.data)
                0x0000389e                __data_load_end = (__data_load_start + SIZEOF (.data))

.noinit         0x0080013b        0x0
                0x0080013b                PROVIDE (__noinit_start, .)
 *(.noinit*)
                0x0080013b                PROVIDE (__noinit_end, .)
                0x0080013b                _end = .
                0x0080013b                PROVIDE (__heap_start, .)

.eeprom         0x00810000        0x0
 *(.eeprom*)
                0x00810000                __eeprom_end = .

.fuse
 *(.fuse)
 *(.lfuse)
 *(.hfuse)
 *(.efuse)

.lock
 *(.lock*)

.signature
 *(.signature*)

.stab
 *(.stab)

.stabstr
 *(.stabstr)

.stab.excl
 *(.stab.excl)

.stab.exclstr
 *(.stab.exclstr)

.stab.index
 *(.stab.index)

.stab.indexstr
 *(.stab.indexstr)

.comment
 *(.comment)

.debug
 *(.debug)

.line
 *(.line)

.debug_srcinfo
 *(.debug_srcinfo)

.debug_sfnames
 *(.debug_sfnames)

.debug_aranges  0x00000000      0x3d8
 *(.debug_aranges)
 .debug_aranges
                0x00000000       0xb8 ./MCAL/UART/UART.o
 .debug_aranges
                0x000000b8       0x40 ./MCAL/Timer/Timer.o
 .debug_aranges
                0x000000f8       0x28 ./MCAL/SPI/SPI.o
 .debug_aranges
                0x00000120       0x50 ./MCAL/EXT_INTERRUPTS/EXT_INTERRUPTS.o
 .debug_aranges
                0x00000170       0x50 ./MCAL/Dio/Dio_prog.o
 .debug_aranges
                0x000001c0       0x78 ./HAL/Lcd/Lcd.o
 .debug_aranges
                0x00000238       0x20 ./HAL/KPD/KPD_program.o
 .debug_aranges
                0x00000258       0x20 ./APP/main.o
 .debug_aranges
                0x00000278       0x20 c:/winavr-20100110/bin/../lib/gcc/avr/4.3.3/avr5\libgcc.a(_fixunssfsi.o)
 .debug_aranges
                0x00000298       0x20 c:/winavr-20100110/bin/../lib/gcc/avr/4.3.3/avr5\libgcc.a(_addsub_sf.o)
 .debug_aranges
                0x000002b8       0x20 c:/winavr-20100110/bin/../lib/gcc/avr/4.3.3/avr5\libgcc.a(_mul_sf.o)
 .debug_aranges
                0x000002d8       0x20 c:/winavr-20100110/bin/../lib/gcc/avr/4.3.3/avr5\libgcc.a(_div_sf.o)
 .debug_aranges
                0x000002f8       0x20 c:/winavr-20100110/bin/../lib/gcc/avr/4.3.3/avr5\libgcc.a(_gt_sf.o)
 .debug_aranges
                0x00000318       0x20 c:/winavr-20100110/bin/../lib/gcc/avr/4.3.3/avr5\libgcc.a(_ge_sf.o)
 .debug_aranges
                0x00000338       0x20 c:/winavr-20100110/bin/../lib/gcc/avr/4.3.3/avr5\libgcc.a(_lt_sf.o)
 .debug_aranges
                0x00000358       0x20 c:/winavr-20100110/bin/../lib/gcc/avr/4.3.3/avr5\libgcc.a(_sf_to_si.o)
 .debug_aranges
                0x00000378       0x20 c:/winavr-20100110/bin/../lib/gcc/avr/4.3.3/avr5\libgcc.a(_pack_sf.o)
 .debug_aranges
                0x00000398       0x20 c:/winavr-20100110/bin/../lib/gcc/avr/4.3.3/avr5\libgcc.a(_unpack_sf.o)
 .debug_aranges
                0x000003b8       0x20 c:/winavr-20100110/bin/../lib/gcc/avr/4.3.3/avr5\libgcc.a(_fpcmp_parts_sf.o)

.debug_pubnames
                0x00000000      0x6e4
 *(.debug_pubnames)
 .debug_pubnames
                0x00000000      0x1d1 ./MCAL/UART/UART.o
 .debug_pubnames
                0x000001d1       0x8a ./MCAL/Timer/Timer.o
 .debug_pubnames
                0x0000025b       0x3e ./MCAL/SPI/SPI.o
 .debug_pubnames
                0x00000299       0x87 ./MCAL/EXT_INTERRUPTS/EXT_INTERRUPTS.o
 .debug_pubnames
                0x00000320       0xcd ./MCAL/Dio/Dio_prog.o
 .debug_pubnames
                0x000003ed       0xe9 ./HAL/Lcd/Lcd.o
 .debug_pubnames
                0x000004d6       0x64 ./HAL/KPD/KPD_program.o
 .debug_pubnames
                0x0000053a       0x1b ./APP/main.o
 .debug_pubnames
                0x00000555       0x23 c:/winavr-20100110/bin/../lib/gcc/avr/4.3.3/avr5\libgcc.a(_fixunssfsi.o)
 .debug_pubnames
                0x00000578       0x2c c:/winavr-20100110/bin/../lib/gcc/avr/4.3.3/avr5\libgcc.a(_addsub_sf.o)
 .debug_pubnames
                0x000005a4       0x1f c:/winavr-20100110/bin/../lib/gcc/avr/4.3.3/avr5\libgcc.a(_mul_sf.o)
 .debug_pubnames
                0x000005c3       0x1f c:/winavr-20100110/bin/../lib/gcc/avr/4.3.3/avr5\libgcc.a(_div_sf.o)
 .debug_pubnames
                0x000005e2       0x1e c:/winavr-20100110/bin/../lib/gcc/avr/4.3.3/avr5\libgcc.a(_gt_sf.o)
 .debug_pubnames
                0x00000600       0x1e c:/winavr-20100110/bin/../lib/gcc/avr/4.3.3/avr5\libgcc.a(_ge_sf.o)
 .debug_pubnames
                0x0000061e       0x1e c:/winavr-20100110/bin/../lib/gcc/avr/4.3.3/avr5\libgcc.a(_lt_sf.o)
 .debug_pubnames
                0x0000063c       0x20 c:/winavr-20100110/bin/../lib/gcc/avr/4.3.3/avr5\libgcc.a(_sf_to_si.o)
 .debug_pubnames
                0x0000065c       0x22 c:/winavr-20100110/bin/../lib/gcc/avr/4.3.3/avr5\libgcc.a(_thenan_sf.o)
 .debug_pubnames
                0x0000067e       0x1f c:/winavr-20100110/bin/../lib/gcc/avr/4.3.3/avr5\libgcc.a(_pack_sf.o)
 .debug_pubnames
                0x0000069d       0x21 c:/winavr-20100110/bin/../lib/gcc/avr/4.3.3/avr5\libgcc.a(_unpack_sf.o)
 .debug_pubnames
                0x000006be       0x26 c:/winavr-20100110/bin/../lib/gcc/avr/4.3.3/avr5\libgcc.a(_fpcmp_parts_sf.o)

.debug_info     0x00000000     0x36f4
 *(.debug_info)
 .debug_info    0x00000000      0x3cb ./MCAL/UART/UART.o
 .debug_info    0x000003cb      0x1bf ./MCAL/Timer/Timer.o
 .debug_info    0x0000058a      0x116 ./MCAL/SPI/SPI.o
 .debug_info    0x000006a0      0x1e3 ./MCAL/EXT_INTERRUPTS/EXT_INTERRUPTS.o
 .debug_info    0x00000883      0x381 ./MCAL/Dio/Dio_prog.o
 .debug_info    0x00000c04      0x6f8 ./HAL/Lcd/Lcd.o
 .debug_info    0x000012fc      0x242 ./HAL/KPD/KPD_program.o
 .debug_info    0x0000153e      0x171 ./APP/main.o
 .debug_info    0x000016af       0xb1 c:/winavr-20100110/bin/../lib/gcc/avr/4.3.3/avr5\libgcc.a(_fixunssfsi.o)
 .debug_info    0x00001760      0x47a c:/winavr-20100110/bin/../lib/gcc/avr/4.3.3/avr5\libgcc.a(_addsub_sf.o)
 .debug_info    0x00001bda      0x485 c:/winavr-20100110/bin/../lib/gcc/avr/4.3.3/avr5\libgcc.a(_mul_sf.o)
 .debug_info    0x0000205f      0x3fc c:/winavr-20100110/bin/../lib/gcc/avr/4.3.3/avr5\libgcc.a(_div_sf.o)
 .debug_info    0x0000245b      0x27f c:/winavr-20100110/bin/../lib/gcc/avr/4.3.3/avr5\libgcc.a(_gt_sf.o)
 .debug_info    0x000026da      0x27f c:/winavr-20100110/bin/../lib/gcc/avr/4.3.3/avr5\libgcc.a(_ge_sf.o)
 .debug_info    0x00002959      0x27f c:/winavr-20100110/bin/../lib/gcc/avr/4.3.3/avr5\libgcc.a(_lt_sf.o)
 .debug_info    0x00002bd8      0x2b0 c:/winavr-20100110/bin/../lib/gcc/avr/4.3.3/avr5\libgcc.a(_sf_to_si.o)
 .debug_info    0x00002e88      0x12c c:/winavr-20100110/bin/../lib/gcc/avr/4.3.3/avr5\libgcc.a(_thenan_sf.o)
 .debug_info    0x00002fb4      0x2df c:/winavr-20100110/bin/../lib/gcc/avr/4.3.3/avr5\libgcc.a(_pack_sf.o)
 .debug_info    0x00003293      0x251 c:/winavr-20100110/bin/../lib/gcc/avr/4.3.3/avr5\libgcc.a(_unpack_sf.o)
 .debug_info    0x000034e4      0x210 c:/winavr-20100110/bin/../lib/gcc/avr/4.3.3/avr5\libgcc.a(_fpcmp_parts_sf.o)
 *(.gnu.linkonce.wi.*)

.debug_abbrev   0x00000000     0x1918
 *(.debug_abbrev)
 .debug_abbrev  0x00000000      0x16d ./MCAL/UART/UART.o
 .debug_abbrev  0x0000016d       0xb0 ./MCAL/Timer/Timer.o
 .debug_abbrev  0x0000021d       0x8a ./MCAL/SPI/SPI.o
 .debug_abbrev  0x000002a7       0xa9 ./MCAL/EXT_INTERRUPTS/EXT_INTERRUPTS.o
 .debug_abbrev  0x00000350      0x124 ./MCAL/Dio/Dio_prog.o
 .debug_abbrev  0x00000474      0x195 ./HAL/Lcd/Lcd.o
 .debug_abbrev  0x00000609      0x133 ./HAL/KPD/KPD_program.o
 .debug_abbrev  0x0000073c       0xdb ./APP/main.o
 .debug_abbrev  0x00000817       0x5d c:/winavr-20100110/bin/../lib/gcc/avr/4.3.3/avr5\libgcc.a(_fixunssfsi.o)
 .debug_abbrev  0x00000874      0x1ea c:/winavr-20100110/bin/../lib/gcc/avr/4.3.3/avr5\libgcc.a(_addsub_sf.o)
 .debug_abbrev  0x00000a5e      0x21b c:/winavr-20100110/bin/../lib/gcc/avr/4.3.3/avr5\libgcc.a(_mul_sf.o)
 .debug_abbrev  0x00000c79      0x216 c:/winavr-20100110/bin/../lib/gcc/avr/4.3.3/avr5\libgcc.a(_div_sf.o)
 .debug_abbrev  0x00000e8f      0x15a c:/winavr-20100110/bin/../lib/gcc/avr/4.3.3/avr5\libgcc.a(_gt_sf.o)
 .debug_abbrev  0x00000fe9      0x15a c:/winavr-20100110/bin/../lib/gcc/avr/4.3.3/avr5\libgcc.a(_ge_sf.o)
 .debug_abbrev  0x00001143      0x15a c:/winavr-20100110/bin/../lib/gcc/avr/4.3.3/avr5\libgcc.a(_lt_sf.o)
 .debug_abbrev  0x0000129d      0x17f c:/winavr-20100110/bin/../lib/gcc/avr/4.3.3/avr5\libgcc.a(_sf_to_si.o)
 .debug_abbrev  0x0000141c       0xad c:/winavr-20100110/bin/../lib/gcc/avr/4.3.3/avr5\libgcc.a(_thenan_sf.o)
 .debug_abbrev  0x000014c9      0x1c0 c:/winavr-20100110/bin/../lib/gcc/avr/4.3.3/avr5\libgcc.a(_pack_sf.o)
 .debug_abbrev  0x00001689      0x154 c:/winavr-20100110/bin/../lib/gcc/avr/4.3.3/avr5\libgcc.a(_unpack_sf.o)
 .debug_abbrev  0x000017dd      0x13b c:/winavr-20100110/bin/../lib/gcc/avr/4.3.3/avr5\libgcc.a(_fpcmp_parts_sf.o)

.debug_line     0x00000000     0x2d26
 *(.debug_line)
 .debug_line    0x00000000      0x4a2 ./MCAL/UART/UART.o
 .debug_line    0x000004a2      0x1ac ./MCAL/Timer/Timer.o
 .debug_line    0x0000064e      0x141 ./MCAL/SPI/SPI.o
 .debug_line    0x0000078f      0x27b ./MCAL/EXT_INTERRUPTS/EXT_INTERRUPTS.o
 .debug_line    0x00000a0a      0x632 ./MCAL/Dio/Dio_prog.o
 .debug_line    0x0000103c      0x8e8 ./HAL/Lcd/Lcd.o
 .debug_line    0x00001924      0x285 ./HAL/KPD/KPD_program.o
 .debug_line    0x00001ba9      0x1fb ./APP/main.o
 .debug_line    0x00001da4       0xa7 c:/winavr-20100110/bin/../lib/gcc/avr/4.3.3/avr5\libgcc.a(_fixunssfsi.o)
 .debug_line    0x00001e4b      0x2af c:/winavr-20100110/bin/../lib/gcc/avr/4.3.3/avr5\libgcc.a(_addsub_sf.o)
 .debug_line    0x000020fa      0x239 c:/winavr-20100110/bin/../lib/gcc/avr/4.3.3/avr5\libgcc.a(_mul_sf.o)
 .debug_line    0x00002333      0x1d5 c:/winavr-20100110/bin/../lib/gcc/avr/4.3.3/avr5\libgcc.a(_div_sf.o)
 .debug_line    0x00002508       0xd3 c:/winavr-20100110/bin/../lib/gcc/avr/4.3.3/avr5\libgcc.a(_gt_sf.o)
 .debug_line    0x000025db       0xd3 c:/winavr-20100110/bin/../lib/gcc/avr/4.3.3/avr5\libgcc.a(_ge_sf.o)
 .debug_line    0x000026ae       0xd3 c:/winavr-20100110/bin/../lib/gcc/avr/4.3.3/avr5\libgcc.a(_lt_sf.o)
 .debug_line    0x00002781      0x109 c:/winavr-20100110/bin/../lib/gcc/avr/4.3.3/avr5\libgcc.a(_sf_to_si.o)
 .debug_line    0x0000288a       0x90 c:/winavr-20100110/bin/../lib/gcc/avr/4.3.3/avr5\libgcc.a(_thenan_sf.o)
 .debug_line    0x0000291a      0x18a c:/winavr-20100110/bin/../lib/gcc/avr/4.3.3/avr5\libgcc.a(_pack_sf.o)
 .debug_line    0x00002aa4      0x14b c:/winavr-20100110/bin/../lib/gcc/avr/4.3.3/avr5\libgcc.a(_unpack_sf.o)
 .debug_line    0x00002bef      0x137 c:/winavr-20100110/bin/../lib/gcc/avr/4.3.3/avr5\libgcc.a(_fpcmp_parts_sf.o)

.debug_frame    0x00000000      0x570
 *(.debug_frame)
 .debug_frame   0x00000000      0x150 ./MCAL/UART/UART.o
 .debug_frame   0x00000150       0x60 ./MCAL/Timer/Timer.o
 .debug_frame   0x000001b0       0x30 ./MCAL/SPI/SPI.o
 .debug_frame   0x000001e0       0x80 ./MCAL/EXT_INTERRUPTS/EXT_INTERRUPTS.o
 .debug_frame   0x00000260       0x80 ./MCAL/Dio/Dio_prog.o
 .debug_frame   0x000002e0       0xd0 ./HAL/Lcd/Lcd.o
 .debug_frame   0x000003b0       0x20 ./HAL/KPD/KPD_program.o
 .debug_frame   0x000003d0       0x20 ./APP/main.o
 .debug_frame   0x000003f0       0x20 c:/winavr-20100110/bin/../lib/gcc/avr/4.3.3/avr5\libgcc.a(_fixunssfsi.o)
 .debug_frame   0x00000410       0x40 c:/winavr-20100110/bin/../lib/gcc/avr/4.3.3/avr5\libgcc.a(_addsub_sf.o)
 .debug_frame   0x00000450       0x20 c:/winavr-20100110/bin/../lib/gcc/avr/4.3.3/avr5\libgcc.a(_mul_sf.o)
 .debug_frame   0x00000470       0x20 c:/winavr-20100110/bin/../lib/gcc/avr/4.3.3/avr5\libgcc.a(_div_sf.o)
 .debug_frame   0x00000490       0x20 c:/winavr-20100110/bin/../lib/gcc/avr/4.3.3/avr5\libgcc.a(_gt_sf.o)
 .debug_frame   0x000004b0       0x20 c:/winavr-20100110/bin/../lib/gcc/avr/4.3.3/avr5\libgcc.a(_ge_sf.o)
 .debug_frame   0x000004d0       0x20 c:/winavr-20100110/bin/../lib/gcc/avr/4.3.3/avr5\libgcc.a(_lt_sf.o)
 .debug_frame   0x000004f0       0x20 c:/winavr-20100110/bin/../lib/gcc/avr/4.3.3/avr5\libgcc.a(_sf_to_si.o)
 .debug_frame   0x00000510       0x20 c:/winavr-20100110/bin/../lib/gcc/avr/4.3.3/avr5\libgcc.a(_pack_sf.o)
 .debug_frame   0x00000530       0x20 c:/winavr-20100110/bin/../lib/gcc/avr/4.3.3/avr5\libgcc.a(_unpack_sf.o)
 .debug_frame   0x00000550       0x20 c:/winavr-20100110/bin/../lib/gcc/avr/4.3.3/avr5\libgcc.a(_fpcmp_parts_sf.o)

.debug_str      0x00000000      0xd4a
 *(.debug_str)
 .debug_str     0x00000000      0x271 ./MCAL/UART/UART.o
                                0x2b5 (size before relaxing)
 .debug_str     0x00000271      0x1f2 ./MCAL/Timer/Timer.o
                                0x293 (size before relaxing)
 .debug_str     0x00000463      0x11b ./MCAL/SPI/SPI.o
                                0x17b (size before relaxing)
 .debug_str     0x0000057e      0x12e ./MCAL/EXT_INTERRUPTS/EXT_INTERRUPTS.o
                                0x1c0 (size before relaxing)
 .debug_str     0x000006ac      0x1d5 ./MCAL/Dio/Dio_prog.o
                                0x314 (size before relaxing)
 .debug_str     0x00000881      0x180 ./HAL/Lcd/Lcd.o
                                0x2d6 (size before relaxing)
 .debug_str     0x00000a01       0xb3 ./HAL/KPD/KPD_program.o
                                0x1f8 (size before relaxing)
 .debug_str     0x00000ab4       0x13 ./APP/main.o
                                0x151 (size before relaxing)
 .debug_str     0x00000ac7       0x80 c:/winavr-20100110/bin/../lib/gcc/avr/4.3.3/avr5\libgcc.a(_fixunssfsi.o)
                                 0xfe (size before relaxing)
 .debug_str     0x00000b47      0x14d c:/winavr-20100110/bin/../lib/gcc/avr/4.3.3/avr5\libgcc.a(_addsub_sf.o)
                                0x206 (size before relaxing)
 .debug_str     0x00000c94       0x27 c:/winavr-20100110/bin/../lib/gcc/avr/4.3.3/avr5\libgcc.a(_mul_sf.o)
                                0x1bf (size before relaxing)
 .debug_str     0x00000cbb       0x35 c:/winavr-20100110/bin/../lib/gcc/avr/4.3.3/avr5\libgcc.a(_div_sf.o)
                                0x1c8 (size before relaxing)
 .debug_str     0x00000cf0        0xf c:/winavr-20100110/bin/../lib/gcc/avr/4.3.3/avr5\libgcc.a(_gt_sf.o)
                                0x195 (size before relaxing)
 .debug_str     0x00000cff        0x8 c:/winavr-20100110/bin/../lib/gcc/avr/4.3.3/avr5\libgcc.a(_ge_sf.o)
                                0x195 (size before relaxing)
 .debug_str     0x00000d07        0x8 c:/winavr-20100110/bin/../lib/gcc/avr/4.3.3/avr5\libgcc.a(_lt_sf.o)
                                0x195 (size before relaxing)
 .debug_str     0x00000d0f        0xa c:/winavr-20100110/bin/../lib/gcc/avr/4.3.3/avr5\libgcc.a(_sf_to_si.o)
                                0x19e (size before relaxing)
 .debug_str     0x00000000      0x103 c:/winavr-20100110/bin/../lib/gcc/avr/4.3.3/avr5\libgcc.a(_thenan_sf.o)
 .debug_str     0x00000d19       0x16 c:/winavr-20100110/bin/../lib/gcc/avr/4.3.3/avr5\libgcc.a(_pack_sf.o)
                                0x19d (size before relaxing)
 .debug_str     0x00000d2f        0xb c:/winavr-20100110/bin/../lib/gcc/avr/4.3.3/avr5\libgcc.a(_unpack_sf.o)
                                0x17f (size before relaxing)
 .debug_str     0x00000d3a       0x10 c:/winavr-20100110/bin/../lib/gcc/avr/4.3.3/avr5\libgcc.a(_fpcmp_parts_sf.o)
                                0x163 (size before relaxing)

.debug_loc      0x00000000      0x88e
 *(.debug_loc)
 .debug_loc     0x00000000       0x34 c:/winavr-20100110/bin/../lib/gcc/avr/4.3.3/avr5\libgcc.a(_fixunssfsi.o)
 .debug_loc     0x00000034      0x32a c:/winavr-20100110/bin/../lib/gcc/avr/4.3.3/avr5\libgcc.a(_addsub_sf.o)
 .debug_loc     0x0000035e      0x104 c:/winavr-20100110/bin/../lib/gcc/avr/4.3.3/avr5\libgcc.a(_mul_sf.o)
 .debug_loc     0x00000462       0xc0 c:/winavr-20100110/bin/../lib/gcc/avr/4.3.3/avr5\libgcc.a(_div_sf.o)
 .debug_loc     0x00000522       0x3c c:/winavr-20100110/bin/../lib/gcc/avr/4.3.3/avr5\libgcc.a(_gt_sf.o)
 .debug_loc     0x0000055e       0x3c c:/winavr-20100110/bin/../lib/gcc/avr/4.3.3/avr5\libgcc.a(_ge_sf.o)
 .debug_loc     0x0000059a       0x3c c:/winavr-20100110/bin/../lib/gcc/avr/4.3.3/avr5\libgcc.a(_lt_sf.o)
 .debug_loc     0x000005d6       0x7e c:/winavr-20100110/bin/../lib/gcc/avr/4.3.3/avr5\libgcc.a(_sf_to_si.o)
 .debug_loc     0x00000654      0x13e c:/winavr-20100110/bin/../lib/gcc/avr/4.3.3/avr5\libgcc.a(_pack_sf.o)
 .debug_loc     0x00000792       0xac c:/winavr-20100110/bin/../lib/gcc/avr/4.3.3/avr5\libgcc.a(_unpack_sf.o)
 .debug_loc     0x0000083e       0x50 c:/winavr-20100110/bin/../lib/gcc/avr/4.3.3/avr5\libgcc.a(_fpcmp_parts_sf.o)

.debug_macinfo
 *(.debug_macinfo)
OUTPUT(SPI_Atmega32.elf elf32-avr)
LOAD linker stubs

.debug_ranges   0x00000000      0x288
 .debug_ranges  0x00000000       0xb0 ./MCAL/UART/UART.o
 .debug_ranges  0x000000b0       0x38 ./MCAL/Timer/Timer.o
 .debug_ranges  0x000000e8       0x20 ./MCAL/SPI/SPI.o
 .debug_ranges  0x00000108       0x48 ./MCAL/EXT_INTERRUPTS/EXT_INTERRUPTS.o
 .debug_ranges  0x00000150       0x48 ./MCAL/Dio/Dio_prog.o
 .debug_ranges  0x00000198       0x70 ./HAL/Lcd/Lcd.o
 .debug_ranges  0x00000208       0x18 ./HAL/KPD/KPD_program.o
 .debug_ranges  0x00000220       0x18 ./APP/main.o
 .debug_ranges  0x00000238       0x50 c:/winavr-20100110/bin/../lib/gcc/avr/4.3.3/avr5\libgcc.a(_mul_sf.o)
