Stm32_F103C6_EXTI_driver.c:44:6:Enable_NVIC	16	static
Stm32_F103C6_EXTI_driver.c:82:6:Disable_NVIC	16	static
Stm32_F103C6_EXTI_driver.c:121:6:Update_EXTI	24	static
Stm32_F103C6_EXTI_driver.c:205:6:MCAL_EXTI_GPIO_DeInit	4	static
Stm32_F103C6_EXTI_driver.c:239:6:MCAL_EXTI_GPIO_Init	16	static
Stm32_F103C6_EXTI_driver.c:255:6:MCAL_EXTI_GPIO_Update	16	static
Stm32_F103C6_EXTI_driver.c:269:6:EXTI0_IRQHandler	8	static
Stm32_F103C6_EXTI_driver.c:281:6:EXTI1_IRQHandler	8	static
Stm32_F103C6_EXTI_driver.c:291:6:EXTI2_IRQHandler	8	static
Stm32_F103C6_EXTI_driver.c:302:6:EXTI3_IRQHandler	8	static
Stm32_F103C6_EXTI_driver.c:313:6:EXTI4_IRQHandler	8	static
Stm32_F103C6_EXTI_driver.c:324:6:EXTI9_5_IRQHandler	8	static
Stm32_F103C6_EXTI_driver.c:336:6:EXTI15_10_IRQHandler	8	static
