Archive member included to satisfy reference by file (symbol)

c:/st/stm32cubeide_1.4.0/stm32cubeide/plugins/com.st.stm32cube.ide.mcu.externaltools.gnu-tools-for-stm32.7-2018-q2-update.win32_1.4.0.202007081208/tools/bin/../lib/gcc/arm-none-eabi/7.3.1/../../../../arm-none-eabi/lib/thumb/v7-m\libc_nano.a(lib_a-errno.o)
                              Src/syscalls.o (__errno)
c:/st/stm32cubeide_1.4.0/stm32cubeide/plugins/com.st.stm32cube.ide.mcu.externaltools.gnu-tools-for-stm32.7-2018-q2-update.win32_1.4.0.202007081208/tools/bin/../lib/gcc/arm-none-eabi/7.3.1/../../../../arm-none-eabi/lib/thumb/v7-m\libc_nano.a(lib_a-exit.o)
                              c:/st/stm32cubeide_1.4.0/stm32cubeide/plugins/com.st.stm32cube.ide.mcu.externaltools.gnu-tools-for-stm32.7-2018-q2-update.win32_1.4.0.202007081208/tools/bin/../lib/gcc/arm-none-eabi/7.3.1/../../../../arm-none-eabi/lib/thumb/v7-m/crt0.o (exit)
c:/st/stm32cubeide_1.4.0/stm32cubeide/plugins/com.st.stm32cube.ide.mcu.externaltools.gnu-tools-for-stm32.7-2018-q2-update.win32_1.4.0.202007081208/tools/bin/../lib/gcc/arm-none-eabi/7.3.1/../../../../arm-none-eabi/lib/thumb/v7-m\libc_nano.a(lib_a-impure.o)
                              c:/st/stm32cubeide_1.4.0/stm32cubeide/plugins/com.st.stm32cube.ide.mcu.externaltools.gnu-tools-for-stm32.7-2018-q2-update.win32_1.4.0.202007081208/tools/bin/../lib/gcc/arm-none-eabi/7.3.1/../../../../arm-none-eabi/lib/thumb/v7-m\libc_nano.a(lib_a-exit.o) (_global_impure_ptr)
c:/st/stm32cubeide_1.4.0/stm32cubeide/plugins/com.st.stm32cube.ide.mcu.externaltools.gnu-tools-for-stm32.7-2018-q2-update.win32_1.4.0.202007081208/tools/bin/../lib/gcc/arm-none-eabi/7.3.1/../../../../arm-none-eabi/lib/thumb/v7-m\libc_nano.a(lib_a-init.o)
                              c:/st/stm32cubeide_1.4.0/stm32cubeide/plugins/com.st.stm32cube.ide.mcu.externaltools.gnu-tools-for-stm32.7-2018-q2-update.win32_1.4.0.202007081208/tools/bin/../lib/gcc/arm-none-eabi/7.3.1/../../../../arm-none-eabi/lib/thumb/v7-m/crt0.o (__libc_init_array)
c:/st/stm32cubeide_1.4.0/stm32cubeide/plugins/com.st.stm32cube.ide.mcu.externaltools.gnu-tools-for-stm32.7-2018-q2-update.win32_1.4.0.202007081208/tools/bin/../lib/gcc/arm-none-eabi/7.3.1/../../../../arm-none-eabi/lib/thumb/v7-m\libc_nano.a(lib_a-memcpy-stub.o)
                              FreeRTOS/queue.o (memcpy)
c:/st/stm32cubeide_1.4.0/stm32cubeide/plugins/com.st.stm32cube.ide.mcu.externaltools.gnu-tools-for-stm32.7-2018-q2-update.win32_1.4.0.202007081208/tools/bin/../lib/gcc/arm-none-eabi/7.3.1/../../../../arm-none-eabi/lib/thumb/v7-m\libc_nano.a(lib_a-memset.o)
                              c:/st/stm32cubeide_1.4.0/stm32cubeide/plugins/com.st.stm32cube.ide.mcu.externaltools.gnu-tools-for-stm32.7-2018-q2-update.win32_1.4.0.202007081208/tools/bin/../lib/gcc/arm-none-eabi/7.3.1/../../../../arm-none-eabi/lib/thumb/v7-m/crt0.o (memset)

Allocating common symbols
Common symbol       size              file

GP_IRQ_CallBack     0x3c              Stm32_F103C6_Drivers/EXTI/Stm32_F103C6_EXTI_driver.o

Discarded input sections

 .text          0x0000000000000000        0x0 c:/st/stm32cubeide_1.4.0/stm32cubeide/plugins/com.st.stm32cube.ide.mcu.externaltools.gnu-tools-for-stm32.7-2018-q2-update.win32_1.4.0.202007081208/tools/bin/../lib/gcc/arm-none-eabi/7.3.1/thumb/v7-m/crti.o
 .data          0x0000000000000000        0x0 c:/st/stm32cubeide_1.4.0/stm32cubeide/plugins/com.st.stm32cube.ide.mcu.externaltools.gnu-tools-for-stm32.7-2018-q2-update.win32_1.4.0.202007081208/tools/bin/../lib/gcc/arm-none-eabi/7.3.1/thumb/v7-m/crti.o
 .bss           0x0000000000000000        0x0 c:/st/stm32cubeide_1.4.0/stm32cubeide/plugins/com.st.stm32cube.ide.mcu.externaltools.gnu-tools-for-stm32.7-2018-q2-update.win32_1.4.0.202007081208/tools/bin/../lib/gcc/arm-none-eabi/7.3.1/thumb/v7-m/crti.o
 .data          0x0000000000000000        0x4 c:/st/stm32cubeide_1.4.0/stm32cubeide/plugins/com.st.stm32cube.ide.mcu.externaltools.gnu-tools-for-stm32.7-2018-q2-update.win32_1.4.0.202007081208/tools/bin/../lib/gcc/arm-none-eabi/7.3.1/thumb/v7-m/crtbegin.o
 .text          0x0000000000000000       0x74 c:/st/stm32cubeide_1.4.0/stm32cubeide/plugins/com.st.stm32cube.ide.mcu.externaltools.gnu-tools-for-stm32.7-2018-q2-update.win32_1.4.0.202007081208/tools/bin/../lib/gcc/arm-none-eabi/7.3.1/../../../../arm-none-eabi/lib/thumb/v7-m/crt0.o
 .data          0x0000000000000000        0x0 c:/st/stm32cubeide_1.4.0/stm32cubeide/plugins/com.st.stm32cube.ide.mcu.externaltools.gnu-tools-for-stm32.7-2018-q2-update.win32_1.4.0.202007081208/tools/bin/../lib/gcc/arm-none-eabi/7.3.1/../../../../arm-none-eabi/lib/thumb/v7-m/crt0.o
 .bss           0x0000000000000000        0x0 c:/st/stm32cubeide_1.4.0/stm32cubeide/plugins/com.st.stm32cube.ide.mcu.externaltools.gnu-tools-for-stm32.7-2018-q2-update.win32_1.4.0.202007081208/tools/bin/../lib/gcc/arm-none-eabi/7.3.1/../../../../arm-none-eabi/lib/thumb/v7-m/crt0.o
[...]
Memory Configuration

Name             Origin             Length             Attributes
RAM              0x0000000020000000 0x0000000000002800 xrw
ROM              0x0000000008000000 0x0000000000008000 xr
*default*        0x0000000000000000 0xffffffffffffffff

Linker script and memory map

LOAD c:/st/stm32cubeide_1.4.0/stm32cubeide/plugins/com.st.stm32cube.ide.mcu.externaltools.gnu-tools-for-stm32.7-2018-q2-update.win32_1.4.0.202007081208/tools/bin/../lib/gcc/arm-none-eabi/7.3.1/thumb/v7-m/crti.o
LOAD c:/st/stm32cubeide_1.4.0/stm32cubeide/plugins/com.st.stm32cube.ide.mcu.externaltools.gnu-tools-for-stm32.7-2018-q2-update.win32_1.4.0.202007081208/tools/bin/../lib/gcc/arm-none-eabi/7.3.1/thumb/v7-m/crtbegin.o
LOAD c:/st/stm32cubeide_1.4.0/stm32cubeide/plugins/com.st.stm32cube.ide.mcu.externaltools.gnu-tools-for-stm32.7-2018-q2-update.win32_1.4.0.202007081208/tools/bin/../lib/gcc/arm-none-eabi/7.3.1/../../../../arm-none-eabi/lib/thumb/v7-m/crt0.o
LOAD FreeRTOS/croutine.o
LOAD FreeRTOS/event_groups.o
LOAD FreeRTOS/list.o
LOAD FreeRTOS/queue.o
LOAD FreeRTOS/stream_buffer.o
LOAD FreeRTOS/tasks.o
LOAD FreeRTOS/timers.o
LOAD FreeRTOS/portable/GCC/ARM_CM3/port.o
LOAD FreeRTOS/portable/MemMang/heap_4.o
LOAD Src/main.o
LOAD Src/syscalls.o
LOAD Src/sysmem.o
LOAD Startup/startup_stm32f103c6tx.o
LOAD Stm32_F103C6_Drivers/EXTI/Stm32_F103C6_EXTI_driver.o
LOAD Stm32_F103C6_Drivers/GPIO/Stm32_F103C6_gpio_driver.o
LOAD Stm32_F103C6_Drivers/RCC/Stm32_F103C6_RCC_driver.o
START GROUP
LOAD c:/st/stm32cubeide_1.4.0/stm32cubeide/plugins/com.st.stm32cube.ide.mcu.externaltools.gnu-tools-for-stm32.7-2018-q2-update.win32_1.4.0.202007081208/tools/bin/../lib/gcc/arm-none-eabi/7.3.1/../../../../arm-none-eabi/lib/thumb/v7-m\libc_nano.a
LOAD c:/st/stm32cubeide_1.4.0/stm32cubeide/plugins/com.st.stm32cube.ide.mcu.externaltools.gnu-tools-for-stm32.7-2018-q2-update.win32_1.4.0.202007081208/tools/bin/../lib/gcc/arm-none-eabi/7.3.1/../../../../arm-none-eabi/lib/thumb/v7-m\libm.a
END GROUP
START GROUP
LOAD c:/st/stm32cubeide_1.4.0/stm32cubeide/plugins/com.st.stm32cube.ide.mcu.externaltools.gnu-tools-for-stm32.7-2018-q2-update.win32_1.4.0.202007081208/tools/bin/../lib/gcc/arm-none-eabi/7.3.1/thumb/v7-m\libgcc.a
LOAD c:/st/stm32cubeide_1.4.0/stm32cubeide/plugins/com.st.stm32cube.ide.mcu.externaltools.gnu-tools-for-stm32.7-2018-q2-update.win32_1.4.0.202007081208/tools/bin/../lib/gcc/arm-none-eabi/7.3.1/../../../../arm-none-eabi/lib/thumb/v7-m\libc_nano.a
END GROUP
START GROUP
LOAD c:/st/stm32cubeide_1.4.0/stm32cubeide/plugins/com.st.stm32cube.ide.mcu.externaltools.gnu-tools-for-stm32.7-2018-q2-update.win32_1.4.0.202007081208/tools/bin/../lib/gcc/arm-none-eabi/7.3.1/thumb/v7-m\libgcc.a
LOAD c:/st/stm32cubeide_1.4.0/stm32cubeide/plugins/com.st.stm32cube.ide.mcu.externaltools.gnu-tools-for-stm32.7-2018-q2-update.win32_1.4.0.202007081208/tools/bin/../lib/gcc/arm-none-eabi/7.3.1/../../../../arm-none-eabi/lib/thumb/v7-m\libc_nano.a
LOAD c:/st/stm32cubeide_1.4.0/stm32cubeide/plugins/com.st.stm32cube.ide.mcu.externaltools.gnu-tools-for-stm32.7-2018-q2-update.win32_1.4.0.202007081208/tools/bin/../lib/gcc/arm-none-eabi/7.3.1/../../../../arm-none-eabi/lib/thumb/v7-m\libnosys.a
END GROUP
START GROUP
LOAD c:/st/stm32cubeide_1.4.0/stm32cubeide/plugins/com.st.stm32cube.ide.mcu.externaltools.gnu-tools-for-stm32.7-2018-q2-update.win32_1.4.0.202007081208/tools/bin/../lib/gcc/arm-none-eabi/7.3.1/thumb/v7-m\libgcc.a
LOAD c:/st/stm32cubeide_1.4.0/stm32cubeide/plugins/com.st.stm32cube.ide.mcu.externaltools.gnu-tools-for-stm32.7-2018-q2-update.win32_1.4.0.202007081208/tools/bin/../lib/gcc/arm-none-eabi/7.3.1/../../../../arm-none-eabi/lib/thumb/v7-m\libc_nano.a
LOAD c:/st/stm32cubeide_1.4.0/stm32cubeide/plugins/com.st.stm32cube.ide.mcu.externaltools.gnu-tools-for-stm32.7-2018-q2-update.win32_1.4.0.202007081208/tools/bin/../lib/gcc/arm-none-eabi/7.3.1/../../../../arm-none-eabi/lib/thumb/v7-m\libnosys.a
END GROUP
LOAD c:/st/stm32cubeide_1.4.0/stm32cubeide/plugins/com.st.stm32cube.ide.mcu.externaltools.gnu-tools-for-stm32.7-2018-q2-update.win32_1.4.0.202007081208/tools/bin/../lib/gcc/arm-none-eabi/7.3.1/thumb/v7-m/crtend.o
LOAD c:/st/stm32cubeide_1.4.0/stm32cubeide/plugins/com.st.stm32cube.ide.mcu.externaltools.gnu-tools-for-stm32.7-2018-q2-update.win32_1.4.0.202007081208/tools/bin/../lib/gcc/arm-none-eabi/7.3.1/thumb/v7-m/crtn.o
                0x0000000020002800                _estack = (ORIGIN (RAM) + LENGTH (RAM))
                0x0000000000000200                _Min_Heap_Size = 0x200
                0x0000000000000400                _Min_Stack_Size = 0x400

.isr_vector     0x0000000008000000      0x130
                0x0000000008000000                . = ALIGN (0x4)
 *(.isr_vector)
 .isr_vector    0x0000000008000000      0x130 Startup/startup_stm32f103c6tx.o
                0x0000000008000000                g_pfnVectors
                0x0000000008000130                . = ALIGN (0x4)

.text           0x0000000008000130     0x2038
                0x0000000008000130                . = ALIGN (0x4)
 *(.text)
 .text          0x0000000008000130       0x40 c:/st/stm32cubeide_1.4.0/stm32cubeide/plugins/com.st.stm32cube.ide.mcu.externaltools.gnu-tools-for-stm32.7-2018-q2-update.win32_1.4.0.202007081208/tools/bin/../lib/gcc/arm-none-eabi/7.3.1/thumb/v7-m/crtbegin.o
 *(.text*)
 .text.vListInitialise
                0x0000000008000170       0x3e FreeRTOS/list.o
                0x0000000008000170                vListInitialise
 .text.vListInitialiseItem
                0x00000000080001ae       0x18 FreeRTOS/list.o
                0x00000000080001ae                vListInitialiseItem
 .text.vListInsert
                0x00000000080001c6       0x70 FreeRTOS/list.o
                0x00000000080001c6                vListInsert
 .text.uxListRemove
                0x0000000008000236       0x52 FreeRTOS/list.o
                0x0000000008000236                uxListRemove
 .text.xQueueGenericReset
                0x0000000008000288       0xf4 FreeRTOS/queue.o
                0x0000000008000288                xQueueGenericReset
 .text.xQueueGenericCreate
                0x000000000800037c       0x8a FreeRTOS/queue.o
                0x000000000800037c                xQueueGenericCreate
 .text.prvInitialiseNewQueue
                0x0000000008000406       0x3e FreeRTOS/queue.o
 .text.xQueueGenericSend
                0x0000000008000444      0x154 FreeRTOS/queue.o
                0x0000000008000444                xQueueGenericSend
 .text.xQueueReceive
                0x0000000008000598      0x144 FreeRTOS/queue.o
                0x0000000008000598                xQueueReceive
 .text.prvCopyDataToQueue
                0x00000000080006dc       0xb8 FreeRTOS/queue.o
 .text.prvCopyDataFromQueue
                0x0000000008000794       0x4c FreeRTOS/queue.o
 .text.prvUnlockQueue
                0x00000000080007e0       0xa4 FreeRTOS/queue.o
 .text.prvIsQueueEmpty
                0x0000000008000884       0x2c FreeRTOS/queue.o
 .text.prvIsQueueFull
                0x00000000080008b0       0x30 FreeRTOS/queue.o
 .text.xTaskCreate
                0x00000000080008e0       0x82 FreeRTOS/tasks.o
                0x00000000080008e0                xTaskCreate
 .text.prvInitialiseNewTask
                0x0000000008000962       0xf0 FreeRTOS/tasks.o
 *fill*         0x0000000008000a52        0x2 
 .text.prvAddNewTaskToReadyList
                0x0000000008000a54      0x124 FreeRTOS/tasks.o
 .text.vTaskDelay
                0x0000000008000b78       0x48 FreeRTOS/tasks.o
                0x0000000008000b78                vTaskDelay
 .text.vTaskStartScheduler
                0x0000000008000bc0       0x74 FreeRTOS/tasks.o
                0x0000000008000bc0                vTaskStartScheduler
 .text.vTaskSuspendAll
                0x0000000008000c34       0x1c FreeRTOS/tasks.o
                0x0000000008000c34                vTaskSuspendAll
 .text.xTaskResumeAll
                0x0000000008000c50      0x1d8 FreeRTOS/tasks.o
                0x0000000008000c50                xTaskResumeAll
 .text.xTaskIncrementTick
                0x0000000008000e28      0x20c FreeRTOS/tasks.o
                0x0000000008000e28                xTaskIncrementTick
 .text.vTaskSwitchContext
                0x0000000008001034       0x8c FreeRTOS/tasks.o
                0x0000000008001034                vTaskSwitchContext
 .text.vTaskPlaceOnEventList
                0x00000000080010c0       0x2c FreeRTOS/tasks.o
                0x00000000080010c0                vTaskPlaceOnEventList
 .text.xTaskRemoveFromEventList
                0x00000000080010ec      0x190 FreeRTOS/tasks.o
                0x00000000080010ec                xTaskRemoveFromEventList
 .text.vTaskInternalSetTimeOutState
                0x000000000800127c       0x2c FreeRTOS/tasks.o
                0x000000000800127c                vTaskInternalSetTimeOutState
 .text.xTaskCheckForTimeOut
                0x00000000080012a8       0x94 FreeRTOS/tasks.o
                0x00000000080012a8                xTaskCheckForTimeOut
 .text.vTaskMissedYield
                0x000000000800133c       0x18 FreeRTOS/tasks.o
                0x000000000800133c                vTaskMissedYield
 .text.prvIdleTask
                0x0000000008001354       0x30 FreeRTOS/tasks.o
 .text.prvInitialiseTaskLists
                0x0000000008001384       0x80 FreeRTOS/tasks.o
 .text.prvCheckTasksWaitingTermination
                0x0000000008001404       0x58 FreeRTOS/tasks.o
 .text.prvDeleteTCB
                0x000000000800145c       0x20 FreeRTOS/tasks.o
 .text.prvResetNextTaskUnblockTime
                0x000000000800147c       0x34 FreeRTOS/tasks.o
 .text.prvAddCurrentTaskToDelayedList
                0x00000000080014b0      0x100 FreeRTOS/tasks.o
 .text.pxPortInitialiseStack
                0x00000000080015b0       0x58 FreeRTOS/portable/GCC/ARM_CM3/port.o
                0x00000000080015b0                pxPortInitialiseStack
 .text.prvTaskExitError
                0x0000000008001608       0x2e FreeRTOS/portable/GCC/ARM_CM3/port.o
 *fill*         0x0000000008001636        0xa 
 .text.SVC_Handler
                0x0000000008001640       0x28 FreeRTOS/portable/GCC/ARM_CM3/port.o
                0x0000000008001640                SVC_Handler
 .text.prvPortStartFirstTask
                0x0000000008001668       0x24 FreeRTOS/portable/GCC/ARM_CM3/port.o
 .text.xPortStartScheduler
                0x000000000800168c       0x40 FreeRTOS/portable/GCC/ARM_CM3/port.o
                0x000000000800168c                xPortStartScheduler
 .text.vPortEnterCritical
                0x00000000080016cc       0x30 FreeRTOS/portable/GCC/ARM_CM3/port.o
                0x00000000080016cc                vPortEnterCritical
 .text.vPortExitCritical
                0x00000000080016fc       0x30 FreeRTOS/portable/GCC/ARM_CM3/port.o
                0x00000000080016fc                vPortExitCritical
 *fill*         0x000000000800172c        0x4 
 .text.PendSV_Handler
                0x0000000008001730       0x48 FreeRTOS/portable/GCC/ARM_CM3/port.o
                0x0000000008001730                PendSV_Handler
 .text.SysTick_Handler
                0x0000000008001778       0x40 FreeRTOS/portable/GCC/ARM_CM3/port.o
                0x0000000008001778                SysTick_Handler
 .text.vPortSetupTimerInterrupt
                0x00000000080017b8       0x34 FreeRTOS/portable/GCC/ARM_CM3/port.o
                0x00000000080017b8                vPortSetupTimerInterrupt
 .text.pvPortMalloc
                0x00000000080017ec      0x15c FreeRTOS/portable/MemMang/heap_4.o
                0x00000000080017ec                pvPortMalloc
 .text.vPortFree
                0x0000000008001948       0x80 FreeRTOS/portable/MemMang/heap_4.o
                0x0000000008001948                vPortFree
 .text.prvHeapInit
                0x00000000080019c8       0xc4 FreeRTOS/portable/MemMang/heap_4.o
 .text.prvInsertBlockIntoFreeList
                0x0000000008001a8c       0xb0 FreeRTOS/portable/MemMang/heap_4.o
 .text.HW_INIT  0x0000000008001b3c       0x2c Src/main.o
                0x0000000008001b3c                HW_INIT
 .text.main     0x0000000008001b68       0x74 Src/main.o
                0x0000000008001b68                main
 .text.vTaskMasterHandler
                0x0000000008001bdc       0x44 Src/main.o
                0x0000000008001bdc                vTaskMasterHandler
 .text.vTaskSlaveHandler
                0x0000000008001c20       0x58 Src/main.o
                0x0000000008001c20                vTaskSlaveHandler
 .text.Reset_Handler
                0x0000000008001c78       0x50 Startup/startup_stm32f103c6tx.o
                0x0000000008001c78                Reset_Handler
 .text.Default_Handler
                0x0000000008001cc8        0x2 Startup/startup_stm32f103c6tx.o
                0x0000000008001cc8                TIM8_TRG_COM_IRQHandler
                0x0000000008001cc8                TIM8_CC_IRQHandler
                0x0000000008001cc8                DebugMon_Handler
                0x0000000008001cc8                TIM1_CC_IRQHandler
                0x0000000008001cc8                HardFault_Handler
                0x0000000008001cc8                TIM6_IRQHandler
                0x0000000008001cc8                PVD_IRQHandler
                0x0000000008001cc8                SDIO_IRQHandler
                0x0000000008001cc8                NMI_Handler
                0x0000000008001cc8                USB_HP_CAN_TX_IRQHandler
                0x0000000008001cc8                I2C2_EV_IRQHandler
                0x0000000008001cc8                UsageFault_Handler
                0x0000000008001cc8                ADC1_2_IRQHandler
                0x0000000008001cc8                SPI1_IRQHandler
                0x0000000008001cc8                CAN_SCE_IRQHandler
                0x0000000008001cc8                TAMPER_IRQHandler
                0x0000000008001cc8                TIM8_UP_IRQHandler
                0x0000000008001cc8                DMA2_Channel2_IRQHandler
                0x0000000008001cc8                DMA1_Channel4_IRQHandler
                0x0000000008001cc8                USART3_IRQHandler
                0x0000000008001cc8                RTC_IRQHandler
                0x0000000008001cc8                DMA1_Channel7_IRQHandler
                0x0000000008001cc8                UART5_IRQHandler
                0x0000000008001cc8                ADC3_IRQHandler
                0x0000000008001cc8                TIM4_IRQHandler
                0x0000000008001cc8                CAN_RX1_IRQHandler
                0x0000000008001cc8                DMA2_Channel1_IRQHandler
                0x0000000008001cc8                I2C1_EV_IRQHandler
                0x0000000008001cc8                DMA1_Channel6_IRQHandler
                0x0000000008001cc8                UART4_IRQHandler
                0x0000000008001cc8                TIM3_IRQHandler
                0x0000000008001cc8                RCC_IRQHandler
                0x0000000008001cc8                TIM1_TRG_COM_IRQHandler
                0x0000000008001cc8                DMA1_Channel1_IRQHandler
                0x0000000008001cc8                Default_Handler
                0x0000000008001cc8                TIM7_IRQHandler
                0x0000000008001cc8                TIM5_IRQHandler
                0x0000000008001cc8                SPI2_IRQHandler
                0x0000000008001cc8                USB_LP_CAN_RX0_IRQHandler
                0x0000000008001cc8                MemManage_Handler
                0x0000000008001cc8                DMA1_Channel5_IRQHandler
                0x0000000008001cc8                DMA1_Channel3_IRQHandler
                0x0000000008001cc8                FSMC_IRQHandler
                0x0000000008001cc8                TIM1_UP_IRQHandler
                0x0000000008001cc8                WWDG_IRQHandler
                0x0000000008001cc8                TIM2_IRQHandler
                0x0000000008001cc8                TIM1_BRK_IRQHandler
                0x0000000008001cc8                RTCAlarm_IRQHandler
                0x0000000008001cc8                DMA2_Channel4_5_IRQHandler
                0x0000000008001cc8                USART2_IRQHandler
                0x0000000008001cc8                I2C2_ER_IRQHandler
                0x0000000008001cc8                DMA1_Channel2_IRQHandler
                0x0000000008001cc8                TIM8_BRK_IRQHandler
                0x0000000008001cc8                FLASH_IRQHandler
                0x0000000008001cc8                BusFault_Handler
                0x0000000008001cc8                USART1_IRQHandler
                0x0000000008001cc8                SPI3_IRQHandler
                0x0000000008001cc8                I2C1_ER_IRQHandler
                0x0000000008001cc8                DMA2_Channel3_IRQHandler
 *fill*         0x0000000008001cca        0x2 
 .text.EXTI0_IRQHandler
                0x0000000008001ccc       0x24 Stm32_F103C6_Drivers/EXTI/Stm32_F103C6_EXTI_driver.o
                0x0000000008001ccc                EXTI0_IRQHandler
 .text.EXTI1_IRQHandler
                0x0000000008001cf0       0x24 Stm32_F103C6_Drivers/EXTI/Stm32_F103C6_EXTI_driver.o
                0x0000000008001cf0                EXTI1_IRQHandler
 .text.EXTI2_IRQHandler
                0x0000000008001d14       0x24 Stm32_F103C6_Drivers/EXTI/Stm32_F103C6_EXTI_driver.o
                0x0000000008001d14                EXTI2_IRQHandler
 .text.EXTI3_IRQHandler
                0x0000000008001d38       0x24 Stm32_F103C6_Drivers/EXTI/Stm32_F103C6_EXTI_driver.o
                0x0000000008001d38                EXTI3_IRQHandler
 .text.EXTI4_IRQHandler
                0x0000000008001d5c       0x24 Stm32_F103C6_Drivers/EXTI/Stm32_F103C6_EXTI_driver.o
                0x0000000008001d5c                EXTI4_IRQHandler
 .text.EXTI9_5_IRQHandler
                0x0000000008001d80       0xa8 Stm32_F103C6_Drivers/EXTI/Stm32_F103C6_EXTI_driver.o
                0x0000000008001d80                EXTI9_5_IRQHandler
 .text.EXTI15_10_IRQHandler
                0x0000000008001e28       0xc4 Stm32_F103C6_Drivers/EXTI/Stm32_F103C6_EXTI_driver.o
                0x0000000008001e28                EXTI15_10_IRQHandler
 .text.Get_CRLH_Position
                0x0000000008001eec       0xc6 Stm32_F103C6_Drivers/GPIO/Stm32_F103C6_gpio_driver.o
                0x0000000008001eec                Get_CRLH_Position
 .text.MCAL_GPIO_Init
                0x0000000008001fb2       0xfe Stm32_F103C6_Drivers/GPIO/Stm32_F103C6_gpio_driver.o
                0x0000000008001fb2                MCAL_GPIO_Init
 .text.MCAL_GPIO_WritePin
                0x00000000080020b0       0x2e Stm32_F103C6_Drivers/GPIO/Stm32_F103C6_gpio_driver.o
                0x00000000080020b0                MCAL_GPIO_WritePin
 *fill*         0x00000000080020de        0x2 
 .text.__libc_init_array
                0x00000000080020e0       0x48 c:/st/stm32cubeide_1.4.0/stm32cubeide/plugins/com.st.stm32cube.ide.mcu.externaltools.gnu-tools-for-stm32.7-2018-q2-update.win32_1.4.0.202007081208/tools/bin/../lib/gcc/arm-none-eabi/7.3.1/../../../../arm-none-eabi/lib/thumb/v7-m\libc_nano.a(lib_a-init.o)
                0x00000000080020e0                __libc_init_array
 .text.memcpy   0x0000000008002128       0x16 c:/st/stm32cubeide_1.4.0/stm32cubeide/plugins/com.st.stm32cube.ide.mcu.externaltools.gnu-tools-for-stm32.7-2018-q2-update.win32_1.4.0.202007081208/tools/bin/../lib/gcc/arm-none-eabi/7.3.1/../../../../arm-none-eabi/lib/thumb/v7-m\libc_nano.a(lib_a-memcpy-stub.o)
                0x0000000008002128                memcpy
 .text.memset   0x000000000800213e       0x10 c:/st/stm32cubeide_1.4.0/stm32cubeide/plugins/com.st.stm32cube.ide.mcu.externaltools.gnu-tools-for-stm32.7-2018-q2-update.win32_1.4.0.202007081208/tools/bin/../lib/gcc/arm-none-eabi/7.3.1/../../../../arm-none-eabi/lib/thumb/v7-m\libc_nano.a(lib_a-memset.o)
                0x000000000800213e                memset
 *(.glue_7)
 .glue_7        0x000000000800214e        0x0 linker stubs
 *(.glue_7t)
 .glue_7t       0x000000000800214e        0x0 linker stubs
 *(.eh_frame)
 *fill*         0x000000000800214e        0x2 
 .eh_frame      0x0000000008002150        0x0 c:/st/stm32cubeide_1.4.0/stm32cubeide/plugins/com.st.stm32cube.ide.mcu.externaltools.gnu-tools-for-stm32.7-2018-q2-update.win32_1.4.0.202007081208/tools/bin/../lib/gcc/arm-none-eabi/7.3.1/thumb/v7-m/crtbegin.o
 *(.init)
 .init          0x0000000008002150        0x4 c:/st/stm32cubeide_1.4.0/stm32cubeide/plugins/com.st.stm32cube.ide.mcu.externaltools.gnu-tools-for-stm32.7-2018-q2-update.win32_1.4.0.202007081208/tools/bin/../lib/gcc/arm-none-eabi/7.3.1/thumb/v7-m/crti.o
                0x0000000008002150                _init
 .init          0x0000000008002154        0x8 c:/st/stm32cubeide_1.4.0/stm32cubeide/plugins/com.st.stm32cube.ide.mcu.externaltools.gnu-tools-for-stm32.7-2018-q2-update.win32_1.4.0.202007081208/tools/bin/../lib/gcc/arm-none-eabi/7.3.1/thumb/v7-m/crtn.o
 *(.fini)
 .fini          0x000000000800215c        0x4 c:/st/stm32cubeide_1.4.0/stm32cubeide/plugins/com.st.stm32cube.ide.mcu.externaltools.gnu-tools-for-stm32.7-2018-q2-update.win32_1.4.0.202007081208/tools/bin/../lib/gcc/arm-none-eabi/7.3.1/thumb/v7-m/crti.o
                0x000000000800215c                _fini
 .fini          0x0000000008002160        0x8 c:/st/stm32cubeide_1.4.0/stm32cubeide/plugins/com.st.stm32cube.ide.mcu.externaltools.gnu-tools-for-stm32.7-2018-q2-update.win32_1.4.0.202007081208/tools/bin/../lib/gcc/arm-none-eabi/7.3.1/thumb/v7-m/crtn.o
                0x0000000008002168                . = ALIGN (0x4)
                0x0000000008002168                _etext = .

.vfp11_veneer   0x0000000008002168        0x0
 .vfp11_veneer  0x0000000008002168        0x0 linker stubs

.v4_bx          0x0000000008002168        0x0
 .v4_bx         0x0000000008002168        0x0 linker stubs

.iplt           0x0000000008002168        0x0
 .iplt          0x0000000008002168        0x0 c:/st/stm32cubeide_1.4.0/stm32cubeide/plugins/com.st.stm32cube.ide.mcu.externaltools.gnu-tools-for-stm32.7-2018-q2-update.win32_1.4.0.202007081208/tools/bin/../lib/gcc/arm-none-eabi/7.3.1/thumb/v7-m/crtbegin.o

.rodata         0x0000000008002168       0x3c
                0x0000000008002168                . = ALIGN (0x4)
 *(.rodata)
 .rodata        0x0000000008002168        0x5 FreeRTOS/tasks.o
 *fill*         0x000000000800216d        0x3 
 .rodata        0x0000000008002170       0x33 Src/main.o
 *(.rodata*)
                0x00000000080021a4                . = ALIGN (0x4)
 *fill*         0x00000000080021a3        0x1 

.rel.dyn        0x00000000080021a4        0x0
 .rel.iplt      0x00000000080021a4        0x0 c:/st/stm32cubeide_1.4.0/stm32cubeide/plugins/com.st.stm32cube.ide.mcu.externaltools.gnu-tools-for-stm32.7-2018-q2-update.win32_1.4.0.202007081208/tools/bin/../lib/gcc/arm-none-eabi/7.3.1/thumb/v7-m/crtbegin.o

.ARM.extab      0x00000000080021a4        0x0
                0x00000000080021a4                . = ALIGN (0x4)
 *(.ARM.extab* .gnu.linkonce.armextab.*)
                0x00000000080021a4                . = ALIGN (0x4)

.ARM            0x00000000080021a4        0x0
                0x00000000080021a4                . = ALIGN (0x4)
                0x00000000080021a4                __exidx_start = .
 *(.ARM.exidx*)
                0x00000000080021a4                __exidx_end = .
                0x00000000080021a4                . = ALIGN (0x4)

.preinit_array  0x00000000080021a4        0x0
                0x00000000080021a4                . = ALIGN (0x4)
                0x00000000080021a4                PROVIDE (__preinit_array_start = .)
 *(.preinit_array*)
                0x00000000080021a4                PROVIDE (__preinit_array_end = .)
                0x00000000080021a4                . = ALIGN (0x4)

.init_array     0x00000000080021a4        0x4
                0x00000000080021a4                . = ALIGN (0x4)
                0x00000000080021a4                PROVIDE (__init_array_start = .)
 *(SORT_BY_NAME(.init_array.*))
 *(.init_array*)
 .init_array    0x00000000080021a4        0x4 c:/st/stm32cubeide_1.4.0/stm32cubeide/plugins/com.st.stm32cube.ide.mcu.externaltools.gnu-tools-for-stm32.7-2018-q2-update.win32_1.4.0.202007081208/tools/bin/../lib/gcc/arm-none-eabi/7.3.1/thumb/v7-m/crtbegin.o
                0x00000000080021a8                PROVIDE (__init_array_end = .)
                0x00000000080021a8                . = ALIGN (0x4)

.fini_array     0x00000000080021a8        0x4
                0x00000000080021a8                . = ALIGN (0x4)
                [!provide]                        PROVIDE (__fini_array_start = .)
 *(SORT_BY_NAME(.fini_array.*))
 *(.fini_array*)
 .fini_array    0x00000000080021a8        0x4 c:/st/stm32cubeide_1.4.0/stm32cubeide/plugins/com.st.stm32cube.ide.mcu.externaltools.gnu-tools-for-stm32.7-2018-q2-update.win32_1.4.0.202007081208/tools/bin/../lib/gcc/arm-none-eabi/7.3.1/thumb/v7-m/crtbegin.o
                [!provide]                        PROVIDE (__fini_array_end = .)
                0x00000000080021ac                . = ALIGN (0x4)
                0x00000000080021ac                _sidata = LOADADDR (.data)

.data           0x0000000020000000        0x8 load address 0x00000000080021ac
                0x0000000020000000                . = ALIGN (0x4)
                0x0000000020000000                _sdata = .
 *(.data)
 *(.data*)
 .data.uxTopUsedPriority
                0x0000000020000000        0x4 FreeRTOS/tasks.o
                0x0000000020000000                uxTopUsedPriority
 .data.uxCriticalNesting
                0x0000000020000004        0x4 FreeRTOS/portable/GCC/ARM_CM3/port.o
                0x0000000020000008                . = ALIGN (0x4)
                0x0000000020000008                _edata = .

.igot.plt       0x0000000020000008        0x0 load address 0x00000000080021b4
 .igot.plt      0x0000000020000008        0x0 c:/st/stm32cubeide_1.4.0/stm32cubeide/plugins/com.st.stm32cube.ide.mcu.externaltools.gnu-tools-for-stm32.7-2018-q2-update.win32_1.4.0.202007081208/tools/bin/../lib/gcc/arm-none-eabi/7.3.1/thumb/v7-m/crtbegin.o
                0x0000000020000008                . = ALIGN (0x4)

.bss            0x0000000020000008     0x2188 load address 0x00000000080021b4
                0x0000000020000008                _sbss = .
                0x0000000020000008                __bss_start__ = _sbss
 *(.bss)
 .bss           0x0000000020000008       0x1c c:/st/stm32cubeide_1.4.0/stm32cubeide/plugins/com.st.stm32cube.ide.mcu.externaltools.gnu-tools-for-stm32.7-2018-q2-update.win32_1.4.0.202007081208/tools/bin/../lib/gcc/arm-none-eabi/7.3.1/thumb/v7-m/crtbegin.o
 *(.bss*)
 .bss.pxCurrentTCB
                0x0000000020000024        0x4 FreeRTOS/tasks.o
                0x0000000020000024                pxCurrentTCB
 .bss.pxReadyTasksLists
                0x0000000020000028       0x64 FreeRTOS/tasks.o
 .bss.xDelayedTaskList1
                0x000000002000008c       0x14 FreeRTOS/tasks.o
 .bss.xDelayedTaskList2
                0x00000000200000a0       0x14 FreeRTOS/tasks.o
 .bss.pxDelayedTaskList
                0x00000000200000b4        0x4 FreeRTOS/tasks.o
 .bss.pxOverflowDelayedTaskList
                0x00000000200000b8        0x4 FreeRTOS/tasks.o
 .bss.xPendingReadyList
                0x00000000200000bc       0x14 FreeRTOS/tasks.o
 .bss.xTasksWaitingTermination
                0x00000000200000d0       0x14 FreeRTOS/tasks.o
 .bss.uxDeletedTasksWaitingCleanUp
                0x00000000200000e4        0x4 FreeRTOS/tasks.o
 .bss.xSuspendedTaskList
                0x00000000200000e8       0x14 FreeRTOS/tasks.o
 .bss.uxCurrentNumberOfTasks
                0x00000000200000fc        0x4 FreeRTOS/tasks.o
 .bss.xTickCount
                0x0000000020000100        0x4 FreeRTOS/tasks.o
 .bss.uxTopReadyPriority
                0x0000000020000104        0x4 FreeRTOS/tasks.o
 .bss.xSchedulerRunning
                0x0000000020000108        0x4 FreeRTOS/tasks.o
 .bss.xPendedTicks
                0x000000002000010c        0x4 FreeRTOS/tasks.o
 .bss.xYieldPending
                0x0000000020000110        0x4 FreeRTOS/tasks.o
 .bss.xNumOfOverflows
                0x0000000020000114        0x4 FreeRTOS/tasks.o
 .bss.uxTaskNumber
                0x0000000020000118        0x4 FreeRTOS/tasks.o
 .bss.xNextTaskUnblockTime
                0x000000002000011c        0x4 FreeRTOS/tasks.o
 .bss.xIdleTaskHandle
                0x0000000020000120        0x4 FreeRTOS/tasks.o
 .bss.uxSchedulerSuspended
                0x0000000020000124        0x4 FreeRTOS/tasks.o
 .bss.ucHeap    0x0000000020000128     0x2000 FreeRTOS/portable/MemMang/heap_4.o
 .bss.xStart    0x0000000020002128        0x8 FreeRTOS/portable/MemMang/heap_4.o
 .bss.pxEnd     0x0000000020002130        0x4 FreeRTOS/portable/MemMang/heap_4.o
 .bss.xFreeBytesRemaining
                0x0000000020002134        0x4 FreeRTOS/portable/MemMang/heap_4.o
 .bss.xMinimumEverFreeBytesRemaining
                0x0000000020002138        0x4 FreeRTOS/portable/MemMang/heap_4.o
 .bss.xNumberOfSuccessfulAllocations
                0x000000002000213c        0x4 FreeRTOS/portable/MemMang/heap_4.o
 .bss.xNumberOfSuccessfulFrees
                0x0000000020002140        0x4 FreeRTOS/portable/MemMang/heap_4.o
 .bss.xBlockAllocatedBit
                0x0000000020002144        0x4 FreeRTOS/portable/MemMang/heap_4.o
 .bss.vTaskMasterHandle
                0x0000000020002148        0x4 Src/main.o
                0x0000000020002148                vTaskMasterHandle
 .bss.vTaskSlaveHandle
                0x000000002000214c        0x4 Src/main.o
                0x000000002000214c                vTaskSlaveHandle
 .bss.xQueHandle
                0x0000000020002150        0x4 Src/main.o
                0x0000000020002150                xQueHandle
 *(COMMON)
 COMMON         0x0000000020002154       0x3c Stm32_F103C6_Drivers/EXTI/Stm32_F103C6_EXTI_driver.o
                0x0000000020002154                GP_IRQ_CallBack
                0x0000000020002190                . = ALIGN (0x4)
                0x0000000020002190                _ebss = .
                0x0000000020002190                __bss_end__ = _ebss

._user_heap_stack
                0x0000000020002190      0x600 load address 0x00000000080021b4
                0x0000000020002190                . = ALIGN (0x8)
                [!provide]                        PROVIDE (end = .)
                0x0000000020002190                PROVIDE (_end = .)
                0x0000000020002390                . = (. + _Min_Heap_Size)
 *fill*         0x0000000020002190      0x200 
                0x0000000020002790                . = (. + _Min_Stack_Size)
 *fill*         0x0000000020002390      0x400 
                0x0000000020002790                . = ALIGN (0x8)

/DISCARD/
 libc.a(*)
 libm.a(*)
 libgcc.a(*)

.ARM.attributes
                0x0000000000000000       0x29
 *(.ARM.attributes)
 .ARM.attributes
                0x0000000000000000       0x1d c:/st/stm32cubeide_1.4.0/stm32cubeide/plugins/com.st.stm32cube.ide.mcu.externaltools.gnu-tools-for-stm32.7-2018-q2-update.win32_1.4.0.202007081208/tools/bin/../lib/gcc/arm-none-eabi/7.3.1/thumb/v7-m/crti.o
 .ARM.attributes
                0x000000000000001d       0x2d c:/st/stm32cubeide_1.4.0/stm32cubeide/plugins/com.st.stm32cube.ide.mcu.externaltools.gnu-tools-for-stm32.7-2018-q2-update.win32_1.4.0.202007081208/tools/bin/../lib/gcc/arm-none-eabi/7.3.1/thumb/v7-m/crtbegin.o
 .ARM.attributes
                0x000000000000004a       0x33 FreeRTOS/list.o
 .ARM.attributes
                0x000000000000007d       0x33 FreeRTOS/queue.o
 .ARM.attributes
                0x00000000000000b0       0x33 FreeRTOS/tasks.o
 .ARM.attributes
                0x00000000000000e3       0x33 FreeRTOS/portable/GCC/ARM_CM3/port.o
 .ARM.attributes
                0x0000000000000116       0x33 FreeRTOS/portable/MemMang/heap_4.o
 .ARM.attributes
                0x0000000000000149       0x33 Src/main.o
 .ARM.attributes
                0x000000000000017c       0x21 Startup/startup_stm32f103c6tx.o
 .ARM.attributes
                0x000000000000019d       0x33 Stm32_F103C6_Drivers/EXTI/Stm32_F103C6_EXTI_driver.o
 .ARM.attributes
                0x00000000000001d0       0x33 Stm32_F103C6_Drivers/GPIO/Stm32_F103C6_gpio_driver.o
 .ARM.attributes
                0x0000000000000203       0x2d c:/st/stm32cubeide_1.4.0/stm32cubeide/plugins/com.st.stm32cube.ide.mcu.externaltools.gnu-tools-for-stm32.7-2018-q2-update.win32_1.4.0.202007081208/tools/bin/../lib/gcc/arm-none-eabi/7.3.1/../../../../arm-none-eabi/lib/thumb/v7-m\libc_nano.a(lib_a-init.o)
 .ARM.attributes
                0x0000000000000230       0x2d c:/st/stm32cubeide_1.4.0/stm32cubeide/plugins/com.st.stm32cube.ide.mcu.externaltools.gnu-tools-for-stm32.7-2018-q2-update.win32_1.4.0.202007081208/tools/bin/../lib/gcc/arm-none-eabi/7.3.1/../../../../arm-none-eabi/lib/thumb/v7-m\libc_nano.a(lib_a-memcpy-stub.o)
 .ARM.attributes
                0x000000000000025d       0x2d c:/st/stm32cubeide_1.4.0/stm32cubeide/plugins/com.st.stm32cube.ide.mcu.externaltools.gnu-tools-for-stm32.7-2018-q2-update.win32_1.4.0.202007081208/tools/bin/../lib/gcc/arm-none-eabi/7.3.1/../../../../arm-none-eabi/lib/thumb/v7-m\libc_nano.a(lib_a-memset.o)
 .ARM.attributes
                0x000000000000028a       0x1d c:/st/stm32cubeide_1.4.0/stm32cubeide/plugins/com.st.stm32cube.ide.mcu.externaltools.gnu-tools-for-stm32.7-2018-q2-update.win32_1.4.0.202007081208/tools/bin/../lib/gcc/arm-none-eabi/7.3.1/thumb/v7-m/crtn.o
OUTPUT(FreeRTOS_TaskCommunication.elf elf32-littlearm)

.debug_info     0x0000000000000000     0x735a
 .debug_info    0x0000000000000000      0xac0 FreeRTOS/list.o
 .debug_info    0x0000000000000ac0     0x15d9 FreeRTOS/queue.o
 .debug_info    0x0000000000002099     0x201c FreeRTOS/tasks.o
 .debug_info    0x00000000000040b5      0x2df FreeRTOS/portable/GCC/ARM_CM3/port.o
 .debug_info    0x0000000000004394      0xc0f FreeRTOS/portable/MemMang/heap_4.o
 .debug_info    0x0000000000004fa3      0xb22 Src/main.o
 .debug_info    0x0000000000005ac5       0x22 Startup/startup_stm32f103c6tx.o
 .debug_info    0x0000000000005ae7      0xc59 Stm32_F103C6_Drivers/EXTI/Stm32_F103C6_EXTI_driver.o
 .debug_info    0x0000000000006740      0xc1a Stm32_F103C6_Drivers/GPIO/Stm32_F103C6_gpio_driver.o

.debug_abbrev   0x0000000000000000     0x11e5
 .debug_abbrev  0x0000000000000000      0x1cf FreeRTOS/list.o
 .debug_abbrev  0x00000000000001cf      0x28c FreeRTOS/queue.o
 .debug_abbrev  0x000000000000045b      0x336 FreeRTOS/tasks.o
 .debug_abbrev  0x0000000000000791      0x1cb FreeRTOS/portable/GCC/ARM_CM3/port.o
 .debug_abbrev  0x000000000000095c      0x23d FreeRTOS/portable/MemMang/heap_4.o
 .debug_abbrev  0x0000000000000b99      0x1de Src/main.o
 .debug_abbrev  0x0000000000000d77       0x12 Startup/startup_stm32f103c6tx.o
 .debug_abbrev  0x0000000000000d89      0x21d Stm32_F103C6_Drivers/EXTI/Stm32_F103C6_EXTI_driver.o
 .debug_abbrev  0x0000000000000fa6      0x23f Stm32_F103C6_Drivers/GPIO/Stm32_F103C6_gpio_driver.o

.debug_aranges  0x0000000000000000      0x498
 .debug_aranges
                0x0000000000000000       0x40 FreeRTOS/list.o
 .debug_aranges
                0x0000000000000040       0xc8 FreeRTOS/queue.o
 .debug_aranges
                0x0000000000000108      0x188 FreeRTOS/tasks.o
 .debug_aranges
                0x0000000000000290       0x70 FreeRTOS/portable/GCC/ARM_CM3/port.o
 .debug_aranges
                0x0000000000000300       0x58 FreeRTOS/portable/MemMang/heap_4.o
 .debug_aranges
                0x0000000000000358       0x38 Src/main.o
 .debug_aranges
                0x0000000000000390       0x28 Startup/startup_stm32f103c6tx.o
 .debug_aranges
                0x00000000000003b8       0x80 Stm32_F103C6_Drivers/EXTI/Stm32_F103C6_EXTI_driver.o
 .debug_aranges
                0x0000000000000438       0x60 Stm32_F103C6_Drivers/GPIO/Stm32_F103C6_gpio_driver.o

.debug_ranges   0x0000000000000000      0x410
 .debug_ranges  0x0000000000000000       0x30 FreeRTOS/list.o
 .debug_ranges  0x0000000000000030       0xb8 FreeRTOS/queue.o
 .debug_ranges  0x00000000000000e8      0x178 FreeRTOS/tasks.o
 .debug_ranges  0x0000000000000260       0x60 FreeRTOS/portable/GCC/ARM_CM3/port.o
 .debug_ranges  0x00000000000002c0       0x48 FreeRTOS/portable/MemMang/heap_4.o
 .debug_ranges  0x0000000000000308       0x28 Src/main.o
 .debug_ranges  0x0000000000000330       0x20 Startup/startup_stm32f103c6tx.o
 .debug_ranges  0x0000000000000350       0x70 Stm32_F103C6_Drivers/EXTI/Stm32_F103C6_EXTI_driver.o
 .debug_ranges  0x00000000000003c0       0x50 Stm32_F103C6_Drivers/GPIO/Stm32_F103C6_gpio_driver.o

.debug_macro    0x0000000000000000     0x1a49
 .debug_macro   0x0000000000000000      0x18b FreeRTOS/list.o
 .debug_macro   0x000000000000018b      0x214 FreeRTOS/queue.o
 .debug_macro   0x000000000000039f       0x16 FreeRTOS/queue.o
 .debug_macro   0x00000000000003b5       0x35 FreeRTOS/queue.o
 .debug_macro   0x00000000000003ea       0x20 FreeRTOS/queue.o
 .debug_macro   0x000000000000040a       0x80 FreeRTOS/queue.o
 .debug_macro   0x000000000000048a      0x271 FreeRTOS/tasks.o
 .debug_macro   0x00000000000006fb       0x10 FreeRTOS/tasks.o
 .debug_macro   0x000000000000070b      0x177 FreeRTOS/portable/GCC/ARM_CM3/port.o
 .debug_macro   0x0000000000000882      0x1a6 FreeRTOS/portable/MemMang/heap_4.o
 .debug_macro   0x0000000000000a28      0x1d2 Src/main.o
 .debug_macro   0x0000000000000bfa      0x786 Src/main.o
 .debug_macro   0x0000000000001380       0xd0 Src/main.o
 .debug_macro   0x0000000000001450       0x69 Src/main.o
 .debug_macro   0x00000000000014b9      0x152 Stm32_F103C6_Drivers/EXTI/Stm32_F103C6_EXTI_driver.o
 .debug_macro   0x000000000000160b       0xd6 Stm32_F103C6_Drivers/EXTI/Stm32_F103C6_EXTI_driver.o
 .debug_macro   0x00000000000016e1      0x229 Stm32_F103C6_Drivers/EXTI/Stm32_F103C6_EXTI_driver.o
 .debug_macro   0x000000000000190a      0x13f Stm32_F103C6_Drivers/GPIO/Stm32_F103C6_gpio_driver.o

.debug_line     0x0000000000000000     0x42a3
 .debug_line    0x0000000000000000      0x691 FreeRTOS/list.o
 .debug_line    0x0000000000000691      0xa57 FreeRTOS/queue.o
 .debug_line    0x00000000000010e8      0xeaa FreeRTOS/tasks.o
 .debug_line    0x0000000000001f92      0x60c FreeRTOS/portable/GCC/ARM_CM3/port.o
 .debug_line    0x000000000000259e      0x753 FreeRTOS/portable/MemMang/heap_4.o
 .debug_line    0x0000000000002cf1      0x72d Src/main.o
 .debug_line    0x000000000000341e       0x84 Startup/startup_stm32f103c6tx.o
 .debug_line    0x00000000000034a2      0x760 Stm32_F103C6_Drivers/EXTI/Stm32_F103C6_EXTI_driver.o
 .debug_line    0x0000000000003c02      0x6a1 Stm32_F103C6_Drivers/GPIO/Stm32_F103C6_gpio_driver.o

.debug_str      0x0000000000000000    0x13397
 .debug_str     0x0000000000000000     0xa9db FreeRTOS/list.o
                                       0xac5a (size before relaxing)
 .debug_str     0x000000000000a9db     0x2094 FreeRTOS/queue.o
                                       0xccc3 (size before relaxing)
 .debug_str     0x000000000000ca6f     0x18c1 FreeRTOS/tasks.o
                                       0xd8ba (size before relaxing)
 .debug_str     0x000000000000e330      0x5fc FreeRTOS/portable/GCC/ARM_CM3/port.o
                                       0x93b0 (size before relaxing)
 .debug_str     0x000000000000e92c      0x30e FreeRTOS/portable/MemMang/heap_4.o
                                       0xc0b5 (size before relaxing)
 .debug_str     0x000000000000ec3a     0x31f5 Src/main.o
                                       0xf696 (size before relaxing)
 .debug_str     0x0000000000011e2f       0x31 Startup/startup_stm32f103c6tx.o
                                         0x81 (size before relaxing)
 .debug_str     0x0000000000011e60     0x1418 Stm32_F103C6_Drivers/EXTI/Stm32_F103C6_EXTI_driver.o
                                       0xae67 (size before relaxing)
 .debug_str     0x0000000000013278      0x11f Stm32_F103C6_Drivers/GPIO/Stm32_F103C6_gpio_driver.o
                                       0x9bae (size before relaxing)

.comment        0x0000000000000000       0x7b
 .comment       0x0000000000000000       0x7b FreeRTOS/list.o
                                         0x7c (size before relaxing)
 .comment       0x000000000000007b       0x7c FreeRTOS/queue.o
 .comment       0x000000000000007b       0x7c FreeRTOS/tasks.o
 .comment       0x000000000000007b       0x7c FreeRTOS/portable/GCC/ARM_CM3/port.o
 .comment       0x000000000000007b       0x7c FreeRTOS/portable/MemMang/heap_4.o
 .comment       0x000000000000007b       0x7c Src/main.o
 .comment       0x000000000000007b       0x7c Stm32_F103C6_Drivers/EXTI/Stm32_F103C6_EXTI_driver.o
 .comment       0x000000000000007b       0x7c Stm32_F103C6_Drivers/GPIO/Stm32_F103C6_gpio_driver.o

.debug_frame    0x0000000000000000     0x1174
 .debug_frame   0x0000000000000000       0xd8 FreeRTOS/list.o
 .debug_frame   0x00000000000000d8      0x33c FreeRTOS/queue.o
 .debug_frame   0x0000000000000414      0x6a4 FreeRTOS/tasks.o
 .debug_frame   0x0000000000000ab8      0x160 FreeRTOS/portable/GCC/ARM_CM3/port.o
 .debug_frame   0x0000000000000c18      0x12c FreeRTOS/portable/MemMang/heap_4.o
 .debug_frame   0x0000000000000d44       0x94 Src/main.o
 .debug_frame   0x0000000000000dd8      0x1b0 Stm32_F103C6_Drivers/EXTI/Stm32_F103C6_EXTI_driver.o
 .debug_frame   0x0000000000000f88      0x178 Stm32_F103C6_Drivers/GPIO/Stm32_F103C6_gpio_driver.o
 .debug_frame   0x0000000000001100       0x2c c:/st/stm32cubeide_1.4.0/stm32cubeide/plugins/com.st.stm32cube.ide.mcu.externaltools.gnu-tools-for-stm32.7-2018-q2-update.win32_1.4.0.202007081208/tools/bin/../lib/gcc/arm-none-eabi/7.3.1/../../../../arm-none-eabi/lib/thumb/v7-m\libc_nano.a(lib_a-init.o)
 .debug_frame   0x000000000000112c       0x28 c:/st/stm32cubeide_1.4.0/stm32cubeide/plugins/com.st.stm32cube.ide.mcu.externaltools.gnu-tools-for-stm32.7-2018-q2-update.win32_1.4.0.202007081208/tools/bin/../lib/gcc/arm-none-eabi/7.3.1/../../../../arm-none-eabi/lib/thumb/v7-m\libc_nano.a(lib_a-memcpy-stub.o)
 .debug_frame   0x0000000000001154       0x20 c:/st/stm32cubeide_1.4.0/stm32cubeide/plugins/com.st.stm32cube.ide.mcu.externaltools.gnu-tools-for-stm32.7-2018-q2-update.win32_1.4.0.202007081208/tools/bin/../lib/gcc/arm-none-eabi/7.3.1/../../../../arm-none-eabi/lib/thumb/v7-m\libc_nano.a(lib_a-memset.o)
